Archive member included to satisfy reference by file (symbol)

/opt/st/stm32cubeide_1.12.0/plugins/com.st.stm32cube.ide.mcu.externaltools.gnu-tools-for-stm32.10.3-2021.10.linux64_1.0.200.202301161003/tools/bin/../lib/gcc/arm-none-eabi/10.3.1/../../../../arm-none-eabi/lib/thumb/v7e-m+dp/hard/libstdc++_nano.a(pure.o)
                              ./Core/Src/mainpp.o (__cxa_pure_virtual)
/opt/st/stm32cubeide_1.12.0/plugins/com.st.stm32cube.ide.mcu.externaltools.gnu-tools-for-stm32.10.3-2021.10.linux64_1.0.200.202301161003/tools/bin/../lib/gcc/arm-none-eabi/10.3.1/../../../../arm-none-eabi/lib/thumb/v7e-m+dp/hard/libstdc++_nano.a(eh_terminate.o)
                              /opt/st/stm32cubeide_1.12.0/plugins/com.st.stm32cube.ide.mcu.externaltools.gnu-tools-for-stm32.10.3-2021.10.linux64_1.0.200.202301161003/tools/bin/../lib/gcc/arm-none-eabi/10.3.1/../../../../arm-none-eabi/lib/thumb/v7e-m+dp/hard/libstdc++_nano.a(pure.o) (std::terminate())
/opt/st/stm32cubeide_1.12.0/plugins/com.st.stm32cube.ide.mcu.externaltools.gnu-tools-for-stm32.10.3-2021.10.linux64_1.0.200.202301161003/tools/bin/../lib/gcc/arm-none-eabi/10.3.1/../../../../arm-none-eabi/lib/thumb/v7e-m+dp/hard/libstdc++_nano.a(eh_unex_handler.o)
                              /opt/st/stm32cubeide_1.12.0/plugins/com.st.stm32cube.ide.mcu.externaltools.gnu-tools-for-stm32.10.3-2021.10.linux64_1.0.200.202301161003/tools/bin/../lib/gcc/arm-none-eabi/10.3.1/../../../../arm-none-eabi/lib/thumb/v7e-m+dp/hard/libstdc++_nano.a(eh_terminate.o) (__cxxabiv1::__unexpected_handler)
/opt/st/stm32cubeide_1.12.0/plugins/com.st.stm32cube.ide.mcu.externaltools.gnu-tools-for-stm32.10.3-2021.10.linux64_1.0.200.202301161003/tools/bin/../lib/gcc/arm-none-eabi/10.3.1/../../../../arm-none-eabi/lib/thumb/v7e-m+dp/hard/libstdc++_nano.a(eh_term_handler.o)
                              /opt/st/stm32cubeide_1.12.0/plugins/com.st.stm32cube.ide.mcu.externaltools.gnu-tools-for-stm32.10.3-2021.10.linux64_1.0.200.202301161003/tools/bin/../lib/gcc/arm-none-eabi/10.3.1/../../../../arm-none-eabi/lib/thumb/v7e-m+dp/hard/libstdc++_nano.a(eh_terminate.o) (__cxxabiv1::__terminate_handler)
/opt/st/stm32cubeide_1.12.0/plugins/com.st.stm32cube.ide.mcu.externaltools.gnu-tools-for-stm32.10.3-2021.10.linux64_1.0.200.202301161003/tools/bin/../lib/gcc/arm-none-eabi/10.3.1/../../../../arm-none-eabi/lib/thumb/v7e-m+dp/hard/libc_nano.a(lib_a-abort.o)
                              /opt/st/stm32cubeide_1.12.0/plugins/com.st.stm32cube.ide.mcu.externaltools.gnu-tools-for-stm32.10.3-2021.10.linux64_1.0.200.202301161003/tools/bin/../lib/gcc/arm-none-eabi/10.3.1/../../../../arm-none-eabi/lib/thumb/v7e-m+dp/hard/libstdc++_nano.a(eh_terminate.o) (abort)
/opt/st/stm32cubeide_1.12.0/plugins/com.st.stm32cube.ide.mcu.externaltools.gnu-tools-for-stm32.10.3-2021.10.linux64_1.0.200.202301161003/tools/bin/../lib/gcc/arm-none-eabi/10.3.1/../../../../arm-none-eabi/lib/thumb/v7e-m+dp/hard/libc_nano.a(lib_a-errno.o)
                              ./Core/Src/syscalls.o (__errno)
/opt/st/stm32cubeide_1.12.0/plugins/com.st.stm32cube.ide.mcu.externaltools.gnu-tools-for-stm32.10.3-2021.10.linux64_1.0.200.202301161003/tools/bin/../lib/gcc/arm-none-eabi/10.3.1/../../../../arm-none-eabi/lib/thumb/v7e-m+dp/hard/libc_nano.a(lib_a-exit.o)
                              /opt/st/stm32cubeide_1.12.0/plugins/com.st.stm32cube.ide.mcu.externaltools.gnu-tools-for-stm32.10.3-2021.10.linux64_1.0.200.202301161003/tools/bin/../lib/gcc/arm-none-eabi/10.3.1/../../../../arm-none-eabi/lib/thumb/v7e-m+dp/hard/crt0.o (exit)
/opt/st/stm32cubeide_1.12.0/plugins/com.st.stm32cube.ide.mcu.externaltools.gnu-tools-for-stm32.10.3-2021.10.linux64_1.0.200.202301161003/tools/bin/../lib/gcc/arm-none-eabi/10.3.1/../../../../arm-none-eabi/lib/thumb/v7e-m+dp/hard/libc_nano.a(lib_a-impure.o)
                              /opt/st/stm32cubeide_1.12.0/plugins/com.st.stm32cube.ide.mcu.externaltools.gnu-tools-for-stm32.10.3-2021.10.linux64_1.0.200.202301161003/tools/bin/../lib/gcc/arm-none-eabi/10.3.1/../../../../arm-none-eabi/lib/thumb/v7e-m+dp/hard/libc_nano.a(lib_a-exit.o) (_global_impure_ptr)
/opt/st/stm32cubeide_1.12.0/plugins/com.st.stm32cube.ide.mcu.externaltools.gnu-tools-for-stm32.10.3-2021.10.linux64_1.0.200.202301161003/tools/bin/../lib/gcc/arm-none-eabi/10.3.1/../../../../arm-none-eabi/lib/thumb/v7e-m+dp/hard/libc_nano.a(lib_a-init.o)
                              /opt/st/stm32cubeide_1.12.0/plugins/com.st.stm32cube.ide.mcu.externaltools.gnu-tools-for-stm32.10.3-2021.10.linux64_1.0.200.202301161003/tools/bin/../lib/gcc/arm-none-eabi/10.3.1/../../../../arm-none-eabi/lib/thumb/v7e-m+dp/hard/crt0.o (__libc_init_array)
/opt/st/stm32cubeide_1.12.0/plugins/com.st.stm32cube.ide.mcu.externaltools.gnu-tools-for-stm32.10.3-2021.10.linux64_1.0.200.202301161003/tools/bin/../lib/gcc/arm-none-eabi/10.3.1/../../../../arm-none-eabi/lib/thumb/v7e-m+dp/hard/libc_nano.a(lib_a-memcpy-stub.o)
                              ./Core/Src/mainpp.o (memcpy)
[...]
Memory Configuration

Name             Origin             Length             Attributes
RAM_D1           0x0000000024000000 0x0000000000080000 xrw
FLASH            0x0000000008000000 0x0000000000100000 xr
DTCMRAM          0x0000000020000000 0x0000000000020000 xrw
RAM_D2           0x0000000030000000 0x0000000000048000 xrw
RAM_D3           0x0000000038000000 0x0000000000010000 xrw
ITCMRAM          0x0000000000000000 0x0000000000010000 xrw
*default*        0x0000000000000000 0xffffffffffffffff

Linker script and memory map

LOAD /opt/st/stm32cubeide_1.12.0/plugins/com.st.stm32cube.ide.mcu.externaltools.gnu-tools-for-stm32.10.3-2021.10.linux64_1.0.200.202301161003/tools/bin/../lib/gcc/arm-none-eabi/10.3.1/thumb/v7e-m+dp/hard/crti.o
LOAD /opt/st/stm32cubeide_1.12.0/plugins/com.st.stm32cube.ide.mcu.externaltools.gnu-tools-for-stm32.10.3-2021.10.linux64_1.0.200.202301161003/tools/bin/../lib/gcc/arm-none-eabi/10.3.1/thumb/v7e-m+dp/hard/crtbegin.o
LOAD /opt/st/stm32cubeide_1.12.0/plugins/com.st.stm32cube.ide.mcu.externaltools.gnu-tools-for-stm32.10.3-2021.10.linux64_1.0.200.202301161003/tools/bin/../lib/gcc/arm-none-eabi/10.3.1/../../../../arm-none-eabi/lib/thumb/v7e-m+dp/hard/crt0.o
LOAD ./Common/Src/system_stm32h7xx_dualcore_boot_cm4_cm7.o
LOAD ./Core/Inc/duration.o
LOAD ./Core/Inc/time.o
LOAD ./Core/Src/main.o
LOAD ./Core/Src/mainpp.o
LOAD ./Core/Src/stm32h7xx_hal_msp.o
LOAD ./Core/Src/stm32h7xx_it.o
LOAD ./Core/Src/syscalls.o
LOAD ./Core/Src/sysmem.o
LOAD ./Core/Startup/startup_stm32h745zitx.o
LOAD ./Drivers/STM32H7xx_HAL_Driver/stm32h7xx_hal.o
LOAD ./Drivers/STM32H7xx_HAL_Driver/stm32h7xx_hal_cortex.o
LOAD ./Drivers/STM32H7xx_HAL_Driver/stm32h7xx_hal_dma.o
LOAD ./Drivers/STM32H7xx_HAL_Driver/stm32h7xx_hal_dma_ex.o
LOAD ./Drivers/STM32H7xx_HAL_Driver/stm32h7xx_hal_exti.o
LOAD ./Drivers/STM32H7xx_HAL_Driver/stm32h7xx_hal_flash.o
LOAD ./Drivers/STM32H7xx_HAL_Driver/stm32h7xx_hal_flash_ex.o
LOAD ./Drivers/STM32H7xx_HAL_Driver/stm32h7xx_hal_gpio.o
LOAD ./Drivers/STM32H7xx_HAL_Driver/stm32h7xx_hal_hsem.o
LOAD ./Drivers/STM32H7xx_HAL_Driver/stm32h7xx_hal_i2c.o
LOAD ./Drivers/STM32H7xx_HAL_Driver/stm32h7xx_hal_i2c_ex.o
LOAD ./Drivers/STM32H7xx_HAL_Driver/stm32h7xx_hal_mdma.o
LOAD ./Drivers/STM32H7xx_HAL_Driver/stm32h7xx_hal_pcd.o
LOAD ./Drivers/STM32H7xx_HAL_Driver/stm32h7xx_hal_pcd_ex.o
LOAD ./Drivers/STM32H7xx_HAL_Driver/stm32h7xx_hal_pwr.o
LOAD ./Drivers/STM32H7xx_HAL_Driver/stm32h7xx_hal_pwr_ex.o
LOAD ./Drivers/STM32H7xx_HAL_Driver/stm32h7xx_hal_rcc.o
LOAD ./Drivers/STM32H7xx_HAL_Driver/stm32h7xx_hal_rcc_ex.o
LOAD ./Drivers/STM32H7xx_HAL_Driver/stm32h7xx_hal_tim.o
LOAD ./Drivers/STM32H7xx_HAL_Driver/stm32h7xx_hal_tim_ex.o
LOAD ./Drivers/STM32H7xx_HAL_Driver/stm32h7xx_hal_uart.o
LOAD ./Drivers/STM32H7xx_HAL_Driver/stm32h7xx_hal_uart_ex.o
LOAD ./Drivers/STM32H7xx_HAL_Driver/stm32h7xx_ll_usb.o
START GROUP
LOAD /opt/st/stm32cubeide_1.12.0/plugins/com.st.stm32cube.ide.mcu.externaltools.gnu-tools-for-stm32.10.3-2021.10.linux64_1.0.200.202301161003/tools/bin/../lib/gcc/arm-none-eabi/10.3.1/../../../../arm-none-eabi/lib/thumb/v7e-m+dp/hard/libstdc++_nano.a
LOAD /opt/st/stm32cubeide_1.12.0/plugins/com.st.stm32cube.ide.mcu.externaltools.gnu-tools-for-stm32.10.3-2021.10.linux64_1.0.200.202301161003/tools/bin/../lib/gcc/arm-none-eabi/10.3.1/../../../../arm-none-eabi/lib/thumb/v7e-m+dp/hard/libsupc++_nano.a
END GROUP
LOAD /opt/st/stm32cubeide_1.12.0/plugins/com.st.stm32cube.ide.mcu.externaltools.gnu-tools-for-stm32.10.3-2021.10.linux64_1.0.200.202301161003/tools/bin/../lib/gcc/arm-none-eabi/10.3.1/../../../../arm-none-eabi/lib/thumb/v7e-m+dp/hard/libstdc++_nano.a
LOAD /opt/st/stm32cubeide_1.12.0/plugins/com.st.stm32cube.ide.mcu.externaltools.gnu-tools-for-stm32.10.3-2021.10.linux64_1.0.200.202301161003/tools/bin/../lib/gcc/arm-none-eabi/10.3.1/../../../../arm-none-eabi/lib/thumb/v7e-m+dp/hard/libm.a
LOAD /opt/st/stm32cubeide_1.12.0/plugins/com.st.stm32cube.ide.mcu.externaltools.gnu-tools-for-stm32.10.3-2021.10.linux64_1.0.200.202301161003/tools/bin/../lib/gcc/arm-none-eabi/10.3.1/../../../../arm-none-eabi/lib/thumb/v7e-m+dp/hard/libc_nano.a
START GROUP
LOAD /opt/st/stm32cubeide_1.12.0/plugins/com.st.stm32cube.ide.mcu.externaltools.gnu-tools-for-stm32.10.3-2021.10.linux64_1.0.200.202301161003/tools/bin/../lib/gcc/arm-none-eabi/10.3.1/thumb/v7e-m+dp/hard/libgcc.a
LOAD /opt/st/stm32cubeide_1.12.0/plugins/com.st.stm32cube.ide.mcu.externaltools.gnu-tools-for-stm32.10.3-2021.10.linux64_1.0.200.202301161003/tools/bin/../lib/gcc/arm-none-eabi/10.3.1/../../../../arm-none-eabi/lib/thumb/v7e-m+dp/hard/libc_nano.a
END GROUP
START GROUP
LOAD /opt/st/stm32cubeide_1.12.0/plugins/com.st.stm32cube.ide.mcu.externaltools.gnu-tools-for-stm32.10.3-2021.10.linux64_1.0.200.202301161003/tools/bin/../lib/gcc/arm-none-eabi/10.3.1/thumb/v7e-m+dp/hard/libgcc.a
LOAD /opt/st/stm32cubeide_1.12.0/plugins/com.st.stm32cube.ide.mcu.externaltools.gnu-tools-for-stm32.10.3-2021.10.linux64_1.0.200.202301161003/tools/bin/../lib/gcc/arm-none-eabi/10.3.1/../../../../arm-none-eabi/lib/thumb/v7e-m+dp/hard/libc_nano.a
LOAD /opt/st/stm32cubeide_1.12.0/plugins/com.st.stm32cube.ide.mcu.externaltools.gnu-tools-for-stm32.10.3-2021.10.linux64_1.0.200.202301161003/tools/bin/../lib/gcc/arm-none-eabi/10.3.1/../../../../arm-none-eabi/lib/thumb/v7e-m+dp/hard/libnosys.a
END GROUP
START GROUP
LOAD /opt/st/stm32cubeide_1.12.0/plugins/com.st.stm32cube.ide.mcu.externaltools.gnu-tools-for-stm32.10.3-2021.10.linux64_1.0.200.202301161003/tools/bin/../lib/gcc/arm-none-eabi/10.3.1/thumb/v7e-m+dp/hard/libgcc.a
LOAD /opt/st/stm32cubeide_1.12.0/plugins/com.st.stm32cube.ide.mcu.externaltools.gnu-tools-for-stm32.10.3-2021.10.linux64_1.0.200.202301161003/tools/bin/../lib/gcc/arm-none-eabi/10.3.1/../../../../arm-none-eabi/lib/thumb/v7e-m+dp/hard/libc_nano.a
LOAD /opt/st/stm32cubeide_1.12.0/plugins/com.st.stm32cube.ide.mcu.externaltools.gnu-tools-for-stm32.10.3-2021.10.linux64_1.0.200.202301161003/tools/bin/../lib/gcc/arm-none-eabi/10.3.1/../../../../arm-none-eabi/lib/thumb/v7e-m+dp/hard/libnosys.a
END GROUP
LOAD /opt/st/stm32cubeide_1.12.0/plugins/com.st.stm32cube.ide.mcu.externaltools.gnu-tools-for-stm32.10.3-2021.10.linux64_1.0.200.202301161003/tools/bin/../lib/gcc/arm-none-eabi/10.3.1/thumb/v7e-m+dp/hard/crtend.o
LOAD /opt/st/stm32cubeide_1.12.0/plugins/com.st.stm32cube.ide.mcu.externaltools.gnu-tools-for-stm32.10.3-2021.10.linux64_1.0.200.202301161003/tools/bin/../lib/gcc/arm-none-eabi/10.3.1/thumb/v7e-m+dp/hard/crtn.o
                0x0000000024080000                _estack = (ORIGIN (RAM_D1) + LENGTH (RAM_D1))
                0x0000000000000200                _Min_Heap_Size = 0x200
                0x0000000000000400                _Min_Stack_Size = 0x400

.isr_vector     0x0000000008000000      0x298
                0x0000000008000000                . = ALIGN (0x4)
 *(.isr_vector)
 .isr_vector    0x0000000008000000      0x298 ./Core/Startup/startup_stm32h745zitx.o
                0x0000000008000000                g_pfnVectors
                0x0000000008000298                . = ALIGN (0x4)

.text           0x00000000080002a0    0x10534
                0x00000000080002a0                . = ALIGN (0x4)
 *(.text)
 .text          0x00000000080002a0       0x40 /opt/st/stm32cubeide_1.12.0/plugins/com.st.stm32cube.ide.mcu.externaltools.gnu-tools-for-stm32.10.3-2021.10.linux64_1.0.200.202301161003/tools/bin/../lib/gcc/arm-none-eabi/10.3.1/thumb/v7e-m+dp/hard/crtbegin.o
 .text          0x00000000080002e0       0x10 /opt/st/stm32cubeide_1.12.0/plugins/com.st.stm32cube.ide.mcu.externaltools.gnu-tools-for-stm32.10.3-2021.10.linux64_1.0.200.202301161003/tools/bin/../lib/gcc/arm-none-eabi/10.3.1/../../../../arm-none-eabi/lib/thumb/v7e-m+dp/hard/libc_nano.a(lib_a-strlen.o)
                0x00000000080002e0                strlen
 .text          0x00000000080002f0       0xa0 /opt/st/stm32cubeide_1.12.0/plugins/com.st.stm32cube.ide.mcu.externaltools.gnu-tools-for-stm32.10.3-2021.10.linux64_1.0.200.202301161003/tools/bin/../lib/gcc/arm-none-eabi/10.3.1/../../../../arm-none-eabi/lib/thumb/v7e-m+dp/hard/libc_nano.a(lib_a-memchr.o)
                0x00000000080002f0                memchr
 .text          0x0000000008000390       0x30 /opt/st/stm32cubeide_1.12.0/plugins/com.st.stm32cube.ide.mcu.externaltools.gnu-tools-for-stm32.10.3-2021.10.linux64_1.0.200.202301161003/tools/bin/../lib/gcc/arm-none-eabi/10.3.1/thumb/v7e-m+dp/hard/libgcc.a(_aeabi_uldivmod.o)
                0x0000000008000390                __aeabi_uldivmod
 .text          0x00000000080003c0      0x2d0 /opt/st/stm32cubeide_1.12.0/plugins/com.st.stm32cube.ide.mcu.externaltools.gnu-tools-for-stm32.10.3-2021.10.linux64_1.0.200.202301161003/tools/bin/../lib/gcc/arm-none-eabi/10.3.1/thumb/v7e-m+dp/hard/libgcc.a(_udivmoddi4.o)
                0x00000000080003c0                __udivmoddi4
 .text          0x0000000008000690        0x4 /opt/st/stm32cubeide_1.12.0/plugins/com.st.stm32cube.ide.mcu.externaltools.gnu-tools-for-stm32.10.3-2021.10.linux64_1.0.200.202301161003/tools/bin/../lib/gcc/arm-none-eabi/10.3.1/thumb/v7e-m+dp/hard/libgcc.a(_dvmd_tls.o)
                0x0000000008000690                __aeabi_ldiv0
                0x0000000008000690                __aeabi_idiv0
 *(.text*)
 .text.SystemInit
                0x0000000008000694      0x12c ./Common/Src/system_stm32h7xx_dualcore_boot_cm4_cm7.o
                0x0000000008000694                SystemInit
 .text._ZN3ros16normalizeSecNSecERmS0_
                0x00000000080007c0       0x58 ./Core/Inc/time.o
                0x00000000080007c0                ros::normalizeSecNSec(unsigned long&, unsigned long&)
 .text.main     0x0000000008000818       0xf8 ./Core/Src/main.o
                0x0000000008000818                main
 .text.SystemClock_Config
                0x0000000008000910       0xfc ./Core/Src/main.o
                0x0000000008000910                SystemClock_Config
 .text.MX_TIM1_Init
                0x0000000008000a0c       0xa8 ./Core/Src/main.o
 .text.MX_TIM2_Init
                0x0000000008000ab4       0xec ./Core/Src/main.o
 .text.MX_TIM3_Init
                0x0000000008000ba0       0xf0 ./Core/Src/main.o
 .text.MX_TIM4_Init
                0x0000000008000c90       0xac ./Core/Src/main.o
 .text.MX_TIM8_Init
                0x0000000008000d3c       0xb4 ./Core/Src/main.o
 .text.MX_USART3_UART_Init
                0x0000000008000df0       0x98 ./Core/Src/main.o
 .text.MX_USB_OTG_FS_PCD_Init
                0x0000000008000e88       0x64 ./Core/Src/main.o
 .text.MX_DMA_Init
                0x0000000008000eec       0x50 ./Core/Src/main.o
 .text.MX_GPIO_Init
                0x0000000008000f3c      0x130 ./Core/Src/main.o
 .text.HAL_TIM_PeriodElapsedCallback
                0x000000000800106c       0x20 ./Core/Src/main.o
                0x000000000800106c                HAL_TIM_PeriodElapsedCallback
 .text.HAL_TIM_IC_CaptureCallback
                0x000000000800108c       0x20 ./Core/Src/main.o
                0x000000000800108c                HAL_TIM_IC_CaptureCallback
 .text.Error_Handler
                0x00000000080010ac        0xa ./Core/Src/main.o
                0x00000000080010ac                Error_Handler
 .text._ZN3ros4TimeC2Ev
                0x00000000080010b6       0x22 ./Core/Src/mainpp.o
                0x00000000080010b6                ros::Time::Time()
                0x00000000080010b6                ros::Time::Time()
 .text._ZN3ros3MsgC2Ev
                0x00000000080010d8       0x20 ./Core/Src/mainpp.o
                0x00000000080010d8                ros::Msg::Msg()
                0x00000000080010d8                ros::Msg::Msg()
 .text._ZN8std_msgs4TimeC2Ev
                0x00000000080010f8       0x30 ./Core/Src/mainpp.o
                0x00000000080010f8                std_msgs::Time::Time()
                0x00000000080010f8                std_msgs::Time::Time()
 .text._ZNK8std_msgs4Time9serializeEPh
                0x0000000008001128       0xb0 ./Core/Src/mainpp.o
                0x0000000008001128                std_msgs::Time::serialize(unsigned char*) const
 .text._ZN8std_msgs4Time11deserializeEPh
                0x00000000080011d8       0xc8 ./Core/Src/mainpp.o
                0x00000000080011d8                std_msgs::Time::deserialize(unsigned char*)
 .text._ZN8std_msgs4Time7getTypeEv
                0x00000000080012a0       0x1c ./Core/Src/mainpp.o
                0x00000000080012a0                std_msgs::Time::getType()
 .text._ZN8std_msgs4Time6getMD5Ev
                0x00000000080012bc       0x1c ./Core/Src/mainpp.o
                0x00000000080012bc                std_msgs::Time::getMD5()
 .text._ZN14rosserial_msgs9TopicInfoC2Ev
                0x00000000080012d8       0x48 ./Core/Src/mainpp.o
                0x00000000080012d8                rosserial_msgs::TopicInfo::TopicInfo()
                0x00000000080012d8                rosserial_msgs::TopicInfo::TopicInfo()
 .text._ZNK14rosserial_msgs9TopicInfo9serializeEPh
                0x0000000008001320      0x136 ./Core/Src/mainpp.o
                0x0000000008001320                rosserial_msgs::TopicInfo::serialize(unsigned char*) const
 .text._ZN14rosserial_msgs9TopicInfo11deserializeEPh
                0x0000000008001456      0x1d0 ./Core/Src/mainpp.o
                0x0000000008001456                rosserial_msgs::TopicInfo::deserialize(unsigned char*)
 *fill*         0x0000000008001626        0x2 
 .text._ZN14rosserial_msgs9TopicInfo7getTypeEv
                0x0000000008001628       0x1c ./Core/Src/mainpp.o
                0x0000000008001628                rosserial_msgs::TopicInfo::getType()
 .text._ZN14rosserial_msgs9TopicInfo6getMD5Ev
                0x0000000008001644       0x1c ./Core/Src/mainpp.o
                0x0000000008001644                rosserial_msgs::TopicInfo::getMD5()
 .text._ZN14rosserial_msgs3LogC2Ev
                0x0000000008001660       0x34 ./Core/Src/mainpp.o
                0x0000000008001660                rosserial_msgs::Log::Log()
                0x0000000008001660                rosserial_msgs::Log::Log()
 .text._ZNK14rosserial_msgs3Log9serializeEPh
                0x0000000008001694       0x64 ./Core/Src/mainpp.o
                0x0000000008001694                rosserial_msgs::Log::serialize(unsigned char*) const
 .text._ZN14rosserial_msgs3Log11deserializeEPh
                0x00000000080016f8       0x90 ./Core/Src/mainpp.o
                0x00000000080016f8                rosserial_msgs::Log::deserialize(unsigned char*)
 .text._ZN14rosserial_msgs3Log7getTypeEv
                0x0000000008001788       0x1c ./Core/Src/mainpp.o
                0x0000000008001788                rosserial_msgs::Log::getType()
 .text._ZN14rosserial_msgs3Log6getMD5Ev
                0x00000000080017a4       0x1c ./Core/Src/mainpp.o
                0x00000000080017a4                rosserial_msgs::Log::getMD5()
 .text._ZN14rosserial_msgs20RequestParamResponseC2Ev
                0x00000000080017c0       0x48 ./Core/Src/mainpp.o
                0x00000000080017c0                rosserial_msgs::RequestParamResponse::RequestParamResponse()
                0x00000000080017c0                rosserial_msgs::RequestParamResponse::RequestParamResponse()
 .text._ZNK14rosserial_msgs20RequestParamResponse9serializeEPh
                0x0000000008001808      0x222 ./Core/Src/mainpp.o
                0x0000000008001808                rosserial_msgs::RequestParamResponse::serialize(unsigned char*) const
 .text._ZN14rosserial_msgs20RequestParamResponse11deserializeEPh
                0x0000000008001a2a      0x2e2 ./Core/Src/mainpp.o
                0x0000000008001a2a                rosserial_msgs::RequestParamResponse::deserialize(unsigned char*)
 .text._ZN14rosserial_msgs20RequestParamResponse7getTypeEv
                0x0000000008001d0c       0x1c ./Core/Src/mainpp.o
                0x0000000008001d0c                rosserial_msgs::RequestParamResponse::getType()
 .text._ZN14rosserial_msgs20RequestParamResponse6getMD5Ev
                0x0000000008001d28       0x1c ./Core/Src/mainpp.o
                0x0000000008001d28                rosserial_msgs::RequestParamResponse::getMD5()
 .text._ZN3ros9PublisherC2EPKcPNS_3MsgEi
                0x0000000008001d44       0x2e ./Core/Src/mainpp.o
                0x0000000008001d44                ros::Publisher::Publisher(char const*, ros::Msg*, int)
                0x0000000008001d44                ros::Publisher::Publisher(char const*, ros::Msg*, int)
 .text._ZN3ros9Publisher7publishEPKNS_3MsgE
                0x0000000008001d72       0x28 ./Core/Src/mainpp.o
                0x0000000008001d72                ros::Publisher::publish(ros::Msg const*)
 .text._ZN3ros9Publisher15getEndpointTypeEv
                0x0000000008001d9a       0x18 ./Core/Src/mainpp.o
                0x0000000008001d9a                ros::Publisher::getEndpointType()
 *fill*         0x0000000008001db2        0x2 
 .text._ZN13STM32Hardware10getRdmaIndEv
                0x0000000008001db4      0x180 ./Core/Src/mainpp.o
                0x0000000008001db4                STM32Hardware::getRdmaInd()
 .text._ZN13STM32HardwareC2Ev
                0x0000000008001f34       0x38 ./Core/Src/mainpp.o
                0x0000000008001f34                STM32Hardware::STM32Hardware()
                0x0000000008001f34                STM32Hardware::STM32Hardware()
 .text._ZN13STM32Hardware4initEv
                0x0000000008001f6c       0x16 ./Core/Src/mainpp.o
                0x0000000008001f6c                STM32Hardware::init()
 .text._ZN13STM32Hardware10reset_rbufEv
                0x0000000008001f82       0x22 ./Core/Src/mainpp.o
                0x0000000008001f82                STM32Hardware::reset_rbuf()
 .text._ZN13STM32Hardware4readEv
                0x0000000008001fa4       0x5a ./Core/Src/mainpp.o
                0x0000000008001fa4                STM32Hardware::read()
 *fill*         0x0000000008001ffe        0x2 
 .text._ZN13STM32Hardware5flushEv
                0x0000000008002000       0xe4 ./Core/Src/mainpp.o
                0x0000000008002000                STM32Hardware::flush()
 .text._ZN13STM32Hardware5writeEPhi
                0x00000000080020e4       0x8c ./Core/Src/mainpp.o
                0x00000000080020e4                STM32Hardware::write(unsigned char*, int)
 .text._ZN13STM32Hardware4timeEv
                0x0000000008002170       0x16 ./Core/Src/mainpp.o
                0x0000000008002170                STM32Hardware::time()
 *fill*         0x0000000008002186        0x2 
 .text._ZN8std_msgs7Float32C2Ev
                0x0000000008002188       0x2c ./Core/Src/mainpp.o
                0x0000000008002188                std_msgs::Float32::Float32()
                0x0000000008002188                std_msgs::Float32::Float32()
 .text._ZNK8std_msgs7Float329serializeEPh
                0x00000000080021b4       0x64 ./Core/Src/mainpp.o
                0x00000000080021b4                std_msgs::Float32::serialize(unsigned char*) const
 .text._ZN8std_msgs7Float3211deserializeEPh
                0x0000000008002218       0x70 ./Core/Src/mainpp.o
                0x0000000008002218                std_msgs::Float32::deserialize(unsigned char*)
 .text._ZN8std_msgs7Float327getTypeEv
                0x0000000008002288       0x1c ./Core/Src/mainpp.o
                0x0000000008002288                std_msgs::Float32::getType()
 .text._ZN8std_msgs7Float326getMD5Ev
                0x00000000080022a4       0x1c ./Core/Src/mainpp.o
                0x00000000080022a4                std_msgs::Float32::getMD5()
 .text.resetEncoder
                0x00000000080022c0      0x174 ./Core/Src/mainpp.o
                0x00000000080022c0                resetEncoder
 .text.readEncoderVelWl
                0x0000000008002434       0xb4 ./Core/Src/mainpp.o
                0x0000000008002434                readEncoderVelWl
 .text._Z3mapfffff
                0x00000000080024e8       0x5c ./Core/Src/mainpp.o
                0x00000000080024e8                map(float, float, float, float, float)
 .text._Z15vel_wl_CallbackRKN8std_msgs7Float32E
                0x0000000008002544       0x80 ./Core/Src/mainpp.o
                0x0000000008002544                vel_wl_Callback(std_msgs::Float32 const&)
 .text._Z15vel_wr_CallbackRKN8std_msgs7Float32E
                0x00000000080025c4       0x88 ./Core/Src/mainpp.o
                0x00000000080025c4                vel_wr_Callback(std_msgs::Float32 const&)
 .text.HAL_UART_TxCpltCallback
                0x000000000800264c       0x24 ./Core/Src/mainpp.o
                0x000000000800264c                HAL_UART_TxCpltCallback
 .text.HAL_UART_RxCpltCallback
                0x0000000008002670       0x24 ./Core/Src/mainpp.o
                0x0000000008002670                HAL_UART_RxCpltCallback
 .text.setup    0x0000000008002694       0x74 ./Core/Src/mainpp.o
                0x0000000008002694                setup
 .text.loop     0x0000000008002708       0xa4 ./Core/Src/mainpp.o
                0x0000000008002708                loop
 .text._ZN3ros3Msg8varToArrIPhmEEvT_T0_
                0x00000000080027ac       0x3c ./Core/Src/mainpp.o
                0x00000000080027ac                void ros::Msg::varToArr<unsigned char*, unsigned long>(unsigned char*, unsigned long)
 .text._ZN3ros3Msg8arrToVarImPhEEvRT_T0_
                0x00000000080027e8       0x4a ./Core/Src/mainpp.o
                0x00000000080027e8                void ros::Msg::arrToVar<unsigned long, unsigned char*>(unsigned long&, unsigned char*)
 *fill*         0x0000000008002832        0x2 
 .text._ZN3ros15NodeHandleBase_C2Ev
                0x0000000008002834       0x20 ./Core/Src/mainpp.o
                0x0000000008002834                ros::NodeHandleBase_::NodeHandleBase_()
                0x0000000008002834                ros::NodeHandleBase_::NodeHandleBase_()
 .text._ZN3ros11NodeHandle_I13STM32HardwareLi5ELi6ELi1024ELi1024EEC2Ev
                0x0000000008002854      0x104 ./Core/Src/mainpp.o
                0x0000000008002854                ros::NodeHandle_<STM32Hardware, 5, 6, 1024, 1024>::NodeHandle_()
                0x0000000008002854                ros::NodeHandle_<STM32Hardware, 5, 6, 1024, 1024>::NodeHandle_()
 .text._ZN3ros11Subscriber_C2Ev
                0x0000000008002958       0x20 ./Core/Src/mainpp.o
                0x0000000008002958                ros::Subscriber_::Subscriber_()
                0x0000000008002958                ros::Subscriber_::Subscriber_()
 .text._ZN3ros10SubscriberIN8std_msgs7Float32EvEC2EPKcPFvRKS2_Ei
                0x0000000008002978       0x48 ./Core/Src/mainpp.o
                0x0000000008002978                ros::Subscriber<std_msgs::Float32, void>::Subscriber(char const*, void (*)(std_msgs::Float32 const&), int)
                0x0000000008002978                ros::Subscriber<std_msgs::Float32, void>::Subscriber(char const*, void (*)(std_msgs::Float32 const&), int)
 .text._ZN3ros11NodeHandle_I13STM32HardwareLi5ELi6ELi1024ELi1024EE11getHardwareEv
                0x00000000080029c0       0x18 ./Core/Src/mainpp.o
                0x00000000080029c0                ros::NodeHandle_<STM32Hardware, 5, 6, 1024, 1024>::getHardware()
 .text._ZN3ros11NodeHandle_I13STM32HardwareLi5ELi6ELi1024ELi1024EE8initNodeEv
                0x00000000080029d8       0x3a ./Core/Src/mainpp.o
                0x00000000080029d8                ros::NodeHandle_<STM32Hardware, 5, 6, 1024, 1024>::initNode()
 .text._ZN3ros11NodeHandle_I13STM32HardwareLi5ELi6ELi1024ELi1024EE9advertiseERNS_9PublisherE
                0x0000000008002a12       0x60 ./Core/Src/mainpp.o
                0x0000000008002a12                ros::NodeHandle_<STM32Hardware, 5, 6, 1024, 1024>::advertise(ros::Publisher&)
 .text._ZN3ros11NodeHandle_I13STM32HardwareLi5ELi6ELi1024ELi1024EE9subscribeINS_10SubscriberIN8std_msgs7Float32EvEEEEbRT_
                0x0000000008002a72       0x5a ./Core/Src/mainpp.o
                0x0000000008002a72                bool ros::NodeHandle_<STM32Hardware, 5, 6, 1024, 1024>::subscribe<ros::Subscriber<std_msgs::Float32, void> >(ros::Subscriber<std_msgs::Float32, void>&)
 .text._ZN3ros11NodeHandle_I13STM32HardwareLi5ELi6ELi1024ELi1024EE9connectedEv
                0x0000000008002acc       0x1a ./Core/Src/mainpp.o
                0x0000000008002acc                ros::NodeHandle_<STM32Hardware, 5, 6, 1024, 1024>::connected()
 .text._ZN3ros11NodeHandle_I13STM32HardwareLi5ELi6ELi1024ELi1024EE8spinOnceEv
                0x0000000008002ae6      0x3b2 ./Core/Src/mainpp.o
                0x0000000008002ae6                ros::NodeHandle_<STM32Hardware, 5, 6, 1024, 1024>::spinOnce()
 .text._ZN3ros11NodeHandle_I13STM32HardwareLi5ELi6ELi1024ELi1024EE15requestSyncTimeEv
                0x0000000008002e98       0x3c ./Core/Src/mainpp.o
                0x0000000008002e98                ros::NodeHandle_<STM32Hardware, 5, 6, 1024, 1024>::requestSyncTime()
 .text._ZN3ros11NodeHandle_I13STM32HardwareLi5ELi6ELi1024ELi1024EE15negotiateTopicsEv
                0x0000000008002ed4      0x1d0 ./Core/Src/mainpp.o
                0x0000000008002ed4                ros::NodeHandle_<STM32Hardware, 5, 6, 1024, 1024>::negotiateTopics()
 .text._ZN3ros11NodeHandle_I13STM32HardwareLi5ELi6ELi1024ELi1024EE8syncTimeEPh
                0x00000000080030a4       0x98 ./Core/Src/mainpp.o
                0x00000000080030a4                ros::NodeHandle_<STM32Hardware, 5, 6, 1024, 1024>::syncTime(unsigned char*)
 .text._ZN3ros11NodeHandle_I13STM32HardwareLi5ELi6ELi1024ELi1024EE7publishEiPKNS_3MsgE
                0x000000000800313c      0x128 ./Core/Src/mainpp.o
                0x000000000800313c                ros::NodeHandle_<STM32Hardware, 5, 6, 1024, 1024>::publish(int, ros::Msg const*)
 .text._ZN3ros11NodeHandle_I13STM32HardwareLi5ELi6ELi1024ELi1024EE6setNowERNS_4TimeE
                0x0000000008003264       0x80 ./Core/Src/mainpp.o
                0x0000000008003264                ros::NodeHandle_<STM32Hardware, 5, 6, 1024, 1024>::setNow(ros::Time&)
 .text._ZN3ros11NodeHandle_I13STM32HardwareLi5ELi6ELi1024ELi1024EE8logerrorEPKc
                0x00000000080032e4       0x1c ./Core/Src/mainpp.o
                0x00000000080032e4                ros::NodeHandle_<STM32Hardware, 5, 6, 1024, 1024>::logerror(char const*)
 .text._ZN3ros11NodeHandle_I13STM32HardwareLi5ELi6ELi1024ELi1024EE3logEcPKc
                0x0000000008003300       0x38 ./Core/Src/mainpp.o
                0x0000000008003300                ros::NodeHandle_<STM32Hardware, 5, 6, 1024, 1024>::log(char, char const*)
 .text._Z41__static_initialization_and_destruction_0ii
                0x0000000008003338       0x98 ./Core/Src/mainpp.o
 .text._ZN3ros10SubscriberIN8std_msgs7Float32EvE8callbackEPh
                0x00000000080033d0       0x2a ./Core/Src/mainpp.o
                0x00000000080033d0                ros::Subscriber<std_msgs::Float32, void>::callback(unsigned char*)
 .text._ZN3ros10SubscriberIN8std_msgs7Float32EvE15getEndpointTypeEv
                0x00000000080033fa       0x18 ./Core/Src/mainpp.o
                0x00000000080033fa                ros::Subscriber<std_msgs::Float32, void>::getEndpointType()
 .text._ZN3ros10SubscriberIN8std_msgs7Float32EvE10getMsgTypeEv
                0x0000000008003412       0x1c ./Core/Src/mainpp.o
                0x0000000008003412                ros::Subscriber<std_msgs::Float32, void>::getMsgType()
 .text._ZN3ros10SubscriberIN8std_msgs7Float32EvE9getMsgMD5Ev
                0x000000000800342e       0x1c ./Core/Src/mainpp.o
                0x000000000800342e                ros::Subscriber<std_msgs::Float32, void>::getMsgMD5()
 .text._GLOBAL__sub_I_nh
                0x000000000800344a       0x10 ./Core/Src/mainpp.o
 *fill*         0x000000000800345a        0x2 
 .text.HAL_MspInit
                0x000000000800345c       0x34 ./Core/Src/stm32h7xx_hal_msp.o
                0x000000000800345c                HAL_MspInit
 .text.HAL_TIM_Base_MspInit
                0x0000000008003490       0xa8 ./Core/Src/stm32h7xx_hal_msp.o
                0x0000000008003490                HAL_TIM_Base_MspInit
 .text.HAL_TIM_Encoder_MspInit
                0x0000000008003538      0x104 ./Core/Src/stm32h7xx_hal_msp.o
                0x0000000008003538                HAL_TIM_Encoder_MspInit
 .text.HAL_TIM_MspPostInit
                0x000000000800363c       0xc0 ./Core/Src/stm32h7xx_hal_msp.o
                0x000000000800363c                HAL_TIM_MspPostInit
 .text.HAL_UART_MspInit
                0x00000000080036fc      0x1ac ./Core/Src/stm32h7xx_hal_msp.o
                0x00000000080036fc                HAL_UART_MspInit
 .text.HAL_PCD_MspInit
                0x00000000080038a8      0x118 ./Core/Src/stm32h7xx_hal_msp.o
                0x00000000080038a8                HAL_PCD_MspInit
 .text.NMI_Handler
                0x00000000080039c0        0x6 ./Core/Src/stm32h7xx_it.o
                0x00000000080039c0                NMI_Handler
 .text.HardFault_Handler
                0x00000000080039c6        0x6 ./Core/Src/stm32h7xx_it.o
                0x00000000080039c6                HardFault_Handler
 .text.MemManage_Handler
                0x00000000080039cc        0x6 ./Core/Src/stm32h7xx_it.o
                0x00000000080039cc                MemManage_Handler
 .text.BusFault_Handler
                0x00000000080039d2        0x6 ./Core/Src/stm32h7xx_it.o
                0x00000000080039d2                BusFault_Handler
 .text.UsageFault_Handler
                0x00000000080039d8        0x6 ./Core/Src/stm32h7xx_it.o
                0x00000000080039d8                UsageFault_Handler
 .text.SVC_Handler
                0x00000000080039de        0xe ./Core/Src/stm32h7xx_it.o
                0x00000000080039de                SVC_Handler
 .text.DebugMon_Handler
                0x00000000080039ec        0xe ./Core/Src/stm32h7xx_it.o
                0x00000000080039ec                DebugMon_Handler
 .text.PendSV_Handler
                0x00000000080039fa        0xe ./Core/Src/stm32h7xx_it.o
                0x00000000080039fa                PendSV_Handler
 .text.SysTick_Handler
                0x0000000008003a08        0xc ./Core/Src/stm32h7xx_it.o
                0x0000000008003a08                SysTick_Handler
 .text.DMA1_Stream0_IRQHandler
                0x0000000008003a14       0x14 ./Core/Src/stm32h7xx_it.o
                0x0000000008003a14                DMA1_Stream0_IRQHandler
 .text.DMA1_Stream1_IRQHandler
                0x0000000008003a28       0x14 ./Core/Src/stm32h7xx_it.o
                0x0000000008003a28                DMA1_Stream1_IRQHandler
 .text.TIM1_UP_IRQHandler
                0x0000000008003a3c       0x14 ./Core/Src/stm32h7xx_it.o
                0x0000000008003a3c                TIM1_UP_IRQHandler
 .text.USART3_IRQHandler
                0x0000000008003a50       0x14 ./Core/Src/stm32h7xx_it.o
                0x0000000008003a50                USART3_IRQHandler
 .text._getpid  0x0000000008003a64       0x10 ./Core/Src/syscalls.o
                0x0000000008003a64                _getpid
 .text._kill    0x0000000008003a74       0x20 ./Core/Src/syscalls.o
                0x0000000008003a74                _kill
 .text._exit    0x0000000008003a94       0x14 ./Core/Src/syscalls.o
                0x0000000008003a94                _exit
 .text._read    0x0000000008003aa8       0x3a ./Core/Src/syscalls.o
                0x0000000008003aa8                _read
 .text._write   0x0000000008003ae2       0x38 ./Core/Src/syscalls.o
                0x0000000008003ae2                _write
 .text._close   0x0000000008003b1a       0x18 ./Core/Src/syscalls.o
                0x0000000008003b1a                _close
 .text._fstat   0x0000000008003b32       0x20 ./Core/Src/syscalls.o
                0x0000000008003b32                _fstat
 .text._isatty  0x0000000008003b52       0x16 ./Core/Src/syscalls.o
                0x0000000008003b52                _isatty
 .text._lseek   0x0000000008003b68       0x1a ./Core/Src/syscalls.o
                0x0000000008003b68                _lseek
 *fill*         0x0000000008003b82        0x2 
 .text._sbrk    0x0000000008003b84       0x6c ./Core/Src/sysmem.o
                0x0000000008003b84                _sbrk
 .text.Reset_Handler
                0x0000000008003bf0       0x50 ./Core/Startup/startup_stm32h745zitx.o
                0x0000000008003bf0                Reset_Handler
 .text.Default_Handler
                0x0000000008003c40        0x2 ./Core/Startup/startup_stm32h745zitx.o
                0x0000000008003c40                RTC_Alarm_IRQHandler
                0x0000000008003c40                EXTI2_IRQHandler
                0x0000000008003c40                TIM8_CC_IRQHandler
                0x0000000008003c40                HRTIM1_Master_IRQHandler
                0x0000000008003c40                UART8_IRQHandler
                0x0000000008003c40                SPI4_IRQHandler
                0x0000000008003c40                TIM1_CC_IRQHandler
                0x0000000008003c40                BDMA_Channel6_IRQHandler
                0x0000000008003c40                DMA2_Stream5_IRQHandler
                0x0000000008003c40                HRTIM1_FLT_IRQHandler
                0x0000000008003c40                JPEG_IRQHandler
                0x0000000008003c40                DMA1_Stream5_IRQHandler
                0x0000000008003c40                BDMA_Channel1_IRQHandler
                0x0000000008003c40                HRTIM1_TIMD_IRQHandler
                0x0000000008003c40                TAMP_STAMP_IRQHandler
                0x0000000008003c40                EXTI3_IRQHandler
                0x0000000008003c40                LPTIM4_IRQHandler
                0x0000000008003c40                TIM8_TRG_COM_TIM14_IRQHandler
                0x0000000008003c40                LPTIM2_IRQHandler
                0x0000000008003c40                DFSDM1_FLT1_IRQHandler
                0x0000000008003c40                DMAMUX2_OVR_IRQHandler
                0x0000000008003c40                TIM8_UP_TIM13_IRQHandler
                0x0000000008003c40                I2C3_ER_IRQHandler
                0x0000000008003c40                DFSDM1_FLT2_IRQHandler
                0x0000000008003c40                MDMA_IRQHandler
                0x0000000008003c40                LPTIM3_IRQHandler
                0x0000000008003c40                HSEM1_IRQHandler
                0x0000000008003c40                EXTI0_IRQHandler
                0x0000000008003c40                I2C2_EV_IRQHandler
                0x0000000008003c40                DMA1_Stream2_IRQHandler
                0x0000000008003c40                FPU_IRQHandler
                0x0000000008003c40                OTG_HS_WKUP_IRQHandler
                0x0000000008003c40                FDCAN1_IT1_IRQHandler
                0x0000000008003c40                LTDC_ER_IRQHandler
                0x0000000008003c40                DMA2_Stream2_IRQHandler
                0x0000000008003c40                HRTIM1_TIME_IRQHandler
                0x0000000008003c40                SPI1_IRQHandler
                0x0000000008003c40                TIM6_DAC_IRQHandler
                0x0000000008003c40                DCMI_IRQHandler
                0x0000000008003c40                HRTIM1_TIMC_IRQHandler
                0x0000000008003c40                DMA2_Stream3_IRQHandler
                0x0000000008003c40                SAI2_IRQHandler
                0x0000000008003c40                DFSDM1_FLT3_IRQHandler
                0x0000000008003c40                USART6_IRQHandler
                0x0000000008003c40                TIM17_IRQHandler
                0x0000000008003c40                BDMA_Channel7_IRQHandler
                0x0000000008003c40                LPTIM5_IRQHandler
                0x0000000008003c40                UART5_IRQHandler
                0x0000000008003c40                ADC3_IRQHandler
                0x0000000008003c40                DMA2_Stream0_IRQHandler
                0x0000000008003c40                TIM4_IRQHandler
                0x0000000008003c40                BDMA_Channel2_IRQHandler
                0x0000000008003c40                QUADSPI_IRQHandler
                0x0000000008003c40                I2C1_EV_IRQHandler
                0x0000000008003c40                DMA1_Stream6_IRQHandler
                0x0000000008003c40                DMAMUX1_OVR_IRQHandler
                0x0000000008003c40                TIM16_IRQHandler
                0x0000000008003c40                UART4_IRQHandler
                0x0000000008003c40                BDMA_Channel5_IRQHandler
                0x0000000008003c40                TIM3_IRQHandler
                0x0000000008003c40                RCC_IRQHandler
                0x0000000008003c40                TIM8_BRK_TIM12_IRQHandler
                0x0000000008003c40                TIM1_TRG_COM_IRQHandler
                0x0000000008003c40                Default_Handler
                0x0000000008003c40                ECC_IRQHandler
                0x0000000008003c40                CEC_IRQHandler
                0x0000000008003c40                EXTI15_10_IRQHandler
                0x0000000008003c40                BDMA_Channel0_IRQHandler
                0x0000000008003c40                ADC_IRQHandler
                0x0000000008003c40                DMA1_Stream7_IRQHandler
                0x0000000008003c40                HRTIM1_TIMA_IRQHandler
                0x0000000008003c40                SPI5_IRQHandler
                0x0000000008003c40                TIM7_IRQHandler
                0x0000000008003c40                SDMMC1_IRQHandler
                0x0000000008003c40                TIM5_IRQHandler
                0x0000000008003c40                DMA2_Stream7_IRQHandler
                0x0000000008003c40                TIM15_IRQHandler
                0x0000000008003c40                PVD_AVD_IRQHandler
                0x0000000008003c40                I2C3_EV_IRQHandler
                0x0000000008003c40                EXTI9_5_IRQHandler
                0x0000000008003c40                RTC_WKUP_IRQHandler
                0x0000000008003c40                LTDC_IRQHandler
                0x0000000008003c40                SAI3_IRQHandler
                0x0000000008003c40                ETH_WKUP_IRQHandler
                0x0000000008003c40                SPDIF_RX_IRQHandler
                0x0000000008003c40                SPI2_IRQHandler
                0x0000000008003c40                OTG_HS_EP1_IN_IRQHandler
                0x0000000008003c40                CRS_IRQHandler
                0x0000000008003c40                CM7_SEV_IRQHandler
                0x0000000008003c40                EXTI4_IRQHandler
                0x0000000008003c40                RNG_IRQHandler
                0x0000000008003c40                CM4_SEV_IRQHandler
                0x0000000008003c40                HRTIM1_TIMB_IRQHandler
                0x0000000008003c40                FDCAN2_IT1_IRQHandler
                0x0000000008003c40                ETH_IRQHandler
                0x0000000008003c40                WWDG_RST_IRQHandler
                0x0000000008003c40                BDMA_Channel4_IRQHandler
                0x0000000008003c40                OTG_HS_EP1_OUT_IRQHandler
                0x0000000008003c40                WWDG_IRQHandler
                0x0000000008003c40                SPI6_IRQHandler
                0x0000000008003c40                MDIOS_IRQHandler
                0x0000000008003c40                I2C4_EV_IRQHandler
                0x0000000008003c40                FDCAN2_IT0_IRQHandler
                0x0000000008003c40                LPUART1_IRQHandler
                0x0000000008003c40                FDCAN1_IT0_IRQHandler
                0x0000000008003c40                TIM2_IRQHandler
                0x0000000008003c40                OTG_FS_WKUP_IRQHandler
                0x0000000008003c40                OTG_HS_IRQHandler
                0x0000000008003c40                HSEM2_IRQHandler
                0x0000000008003c40                DMA2D_IRQHandler
                0x0000000008003c40                TIM1_BRK_IRQHandler
                0x0000000008003c40                EXTI1_IRQHandler
                0x0000000008003c40                SDMMC2_IRQHandler
                0x0000000008003c40                OTG_FS_EP1_OUT_IRQHandler
                0x0000000008003c40                BDMA_Channel3_IRQHandler
                0x0000000008003c40                HOLD_CORE_IRQHandler
                0x0000000008003c40                UART7_IRQHandler
                0x0000000008003c40                MDIOS_WKUP_IRQHandler
                0x0000000008003c40                USART2_IRQHandler
                0x0000000008003c40                DFSDM1_FLT0_IRQHandler
                0x0000000008003c40                SAI4_IRQHandler
                0x0000000008003c40                I2C2_ER_IRQHandler
                0x0000000008003c40                DMA2_Stream1_IRQHandler
                0x0000000008003c40                FLASH_IRQHandler
                0x0000000008003c40                DMA2_Stream4_IRQHandler
                0x0000000008003c40                USART1_IRQHandler
                0x0000000008003c40                OTG_FS_IRQHandler
                0x0000000008003c40                SPI3_IRQHandler
                0x0000000008003c40                WAKEUP_PIN_IRQHandler
                0x0000000008003c40                DMA1_Stream4_IRQHandler
                0x0000000008003c40                OTG_FS_EP1_IN_IRQHandler
                0x0000000008003c40                I2C1_ER_IRQHandler
                0x0000000008003c40                FMC_IRQHandler
                0x0000000008003c40                FDCAN_CAL_IRQHandler
                0x0000000008003c40                SWPMI1_IRQHandler
                0x0000000008003c40                COMP1_IRQHandler
                0x0000000008003c40                LPTIM1_IRQHandler
                0x0000000008003c40                I2C4_ER_IRQHandler
                0x0000000008003c40                DMA2_Stream6_IRQHandler
                0x0000000008003c40                SAI1_IRQHandler
                0x0000000008003c40                DMA1_Stream3_IRQHandler
 *fill*         0x0000000008003c42        0x2 
 .text.HAL_Init
                0x0000000008003c44       0x78 ./Drivers/STM32H7xx_HAL_Driver/stm32h7xx_hal.o
                0x0000000008003c44                HAL_Init
 .text.HAL_InitTick
                0x0000000008003cbc       0x6c ./Drivers/STM32H7xx_HAL_Driver/stm32h7xx_hal.o
                0x0000000008003cbc                HAL_InitTick
 .text.HAL_IncTick
                0x0000000008003d28       0x28 ./Drivers/STM32H7xx_HAL_Driver/stm32h7xx_hal.o
                0x0000000008003d28                HAL_IncTick
 .text.HAL_GetTick
                0x0000000008003d50       0x18 ./Drivers/STM32H7xx_HAL_Driver/stm32h7xx_hal.o
                0x0000000008003d50                HAL_GetTick
 .text.HAL_Delay
                0x0000000008003d68       0x48 ./Drivers/STM32H7xx_HAL_Driver/stm32h7xx_hal.o
                0x0000000008003d68                HAL_Delay
 .text.HAL_GetREVID
                0x0000000008003db0       0x18 ./Drivers/STM32H7xx_HAL_Driver/stm32h7xx_hal.o
                0x0000000008003db0                HAL_GetREVID
 .text.__NVIC_SetPriorityGrouping
                0x0000000008003dc8       0x48 ./Drivers/STM32H7xx_HAL_Driver/stm32h7xx_hal_cortex.o
 .text.__NVIC_GetPriorityGrouping
                0x0000000008003e10       0x1c ./Drivers/STM32H7xx_HAL_Driver/stm32h7xx_hal_cortex.o
 .text.__NVIC_EnableIRQ
                0x0000000008003e2c       0x3c ./Drivers/STM32H7xx_HAL_Driver/stm32h7xx_hal_cortex.o
 .text.__NVIC_SetPriority
                0x0000000008003e68       0x54 ./Drivers/STM32H7xx_HAL_Driver/stm32h7xx_hal_cortex.o
 .text.NVIC_EncodePriority
                0x0000000008003ebc       0x66 ./Drivers/STM32H7xx_HAL_Driver/stm32h7xx_hal_cortex.o
 *fill*         0x0000000008003f22        0x2 
 .text.SysTick_Config
                0x0000000008003f24       0x44 ./Drivers/STM32H7xx_HAL_Driver/stm32h7xx_hal_cortex.o
 .text.HAL_NVIC_SetPriorityGrouping
                0x0000000008003f68       0x16 ./Drivers/STM32H7xx_HAL_Driver/stm32h7xx_hal_cortex.o
                0x0000000008003f68                HAL_NVIC_SetPriorityGrouping
 .text.HAL_NVIC_SetPriority
                0x0000000008003f7e       0x34 ./Drivers/STM32H7xx_HAL_Driver/stm32h7xx_hal_cortex.o
                0x0000000008003f7e                HAL_NVIC_SetPriority
 .text.HAL_NVIC_EnableIRQ
                0x0000000008003fb2       0x1c ./Drivers/STM32H7xx_HAL_Driver/stm32h7xx_hal_cortex.o
                0x0000000008003fb2                HAL_NVIC_EnableIRQ
 .text.HAL_SYSTICK_Config
                0x0000000008003fce       0x18 ./Drivers/STM32H7xx_HAL_Driver/stm32h7xx_hal_cortex.o
                0x0000000008003fce                HAL_SYSTICK_Config
 *fill*         0x0000000008003fe6        0x2 
 .text.HAL_DMA_Init
                0x0000000008003fe8      0x6b8 ./Drivers/STM32H7xx_HAL_Driver/stm32h7xx_hal_dma.o
                0x0000000008003fe8                HAL_DMA_Init
 .text.HAL_DMA_Start_IT
                0x00000000080046a0      0x4d4 ./Drivers/STM32H7xx_HAL_Driver/stm32h7xx_hal_dma.o
                0x00000000080046a0                HAL_DMA_Start_IT
 .text.HAL_DMA_Abort
                0x0000000008004b74      0x63c ./Drivers/STM32H7xx_HAL_Driver/stm32h7xx_hal_dma.o
                0x0000000008004b74                HAL_DMA_Abort
 .text.HAL_DMA_Abort_IT
                0x00000000080051b0      0x48c ./Drivers/STM32H7xx_HAL_Driver/stm32h7xx_hal_dma.o
                0x00000000080051b0                HAL_DMA_Abort_IT
 .text.HAL_DMA_IRQHandler
                0x000000000800563c      0xe54 ./Drivers/STM32H7xx_HAL_Driver/stm32h7xx_hal_dma.o
                0x000000000800563c                HAL_DMA_IRQHandler
 .text.DMA_SetConfig
                0x0000000008006490      0x358 ./Drivers/STM32H7xx_HAL_Driver/stm32h7xx_hal_dma.o
 .text.DMA_CalcBaseAndBitshift
                0x00000000080067e8      0x164 ./Drivers/STM32H7xx_HAL_Driver/stm32h7xx_hal_dma.o
 .text.DMA_CheckFifoParam
                0x000000000800694c       0xf8 ./Drivers/STM32H7xx_HAL_Driver/stm32h7xx_hal_dma.o
 .text.DMA_CalcDMAMUXChannelBaseAndMask
                0x0000000008006a44      0x134 ./Drivers/STM32H7xx_HAL_Driver/stm32h7xx_hal_dma.o
 .text.DMA_CalcDMAMUXRequestGenBaseAndMask
                0x0000000008006b78       0xe8 ./Drivers/STM32H7xx_HAL_Driver/stm32h7xx_hal_dma.o
 .text.HAL_GPIO_Init
                0x0000000008006c60      0x360 ./Drivers/STM32H7xx_HAL_Driver/stm32h7xx_hal_gpio.o
                0x0000000008006c60                HAL_GPIO_Init
 .text.HAL_GPIO_WritePin
                0x0000000008006fc0       0x32 ./Drivers/STM32H7xx_HAL_Driver/stm32h7xx_hal_gpio.o
                0x0000000008006fc0                HAL_GPIO_WritePin
 .text.HAL_GPIO_TogglePin
                0x0000000008006ff2       0x34 ./Drivers/STM32H7xx_HAL_Driver/stm32h7xx_hal_gpio.o
                0x0000000008006ff2                HAL_GPIO_TogglePin
 *fill*         0x0000000008007026        0x2 
 .text.HAL_HSEM_FastTake
                0x0000000008007028       0x34 ./Drivers/STM32H7xx_HAL_Driver/stm32h7xx_hal_hsem.o
                0x0000000008007028                HAL_HSEM_FastTake
 .text.HAL_HSEM_Release
                0x000000000800705c       0x28 ./Drivers/STM32H7xx_HAL_Driver/stm32h7xx_hal_hsem.o
                0x000000000800705c                HAL_HSEM_Release
 .text.HAL_PCD_Init
                0x0000000008007084      0x248 ./Drivers/STM32H7xx_HAL_Driver/stm32h7xx_hal_pcd.o
                0x0000000008007084                HAL_PCD_Init
 .text.HAL_PCDEx_ActivateLPM
                0x00000000080072cc       0x48 ./Drivers/STM32H7xx_HAL_Driver/stm32h7xx_hal_pcd_ex.o
                0x00000000080072cc                HAL_PCDEx_ActivateLPM
 .text.HAL_PWREx_ConfigSupply
                0x0000000008007314       0xb4 ./Drivers/STM32H7xx_HAL_Driver/stm32h7xx_hal_pwr_ex.o
                0x0000000008007314                HAL_PWREx_ConfigSupply
 .text.HAL_PWREx_EnableUSBVoltageDetector
                0x00000000080073c8       0x20 ./Drivers/STM32H7xx_HAL_Driver/stm32h7xx_hal_pwr_ex.o
                0x00000000080073c8                HAL_PWREx_EnableUSBVoltageDetector
 .text.HAL_RCC_OscConfig
                0x00000000080073e8      0x8b4 ./Drivers/STM32H7xx_HAL_Driver/stm32h7xx_hal_rcc.o
                0x00000000080073e8                HAL_RCC_OscConfig
 .text.HAL_RCC_ClockConfig
                0x0000000008007c9c      0x36c ./Drivers/STM32H7xx_HAL_Driver/stm32h7xx_hal_rcc.o
                0x0000000008007c9c                HAL_RCC_ClockConfig
 .text.HAL_RCC_GetSysClockFreq
                0x0000000008008008      0x2f4 ./Drivers/STM32H7xx_HAL_Driver/stm32h7xx_hal_rcc.o
                0x0000000008008008                HAL_RCC_GetSysClockFreq
 .text.HAL_RCC_GetHCLKFreq
                0x00000000080082fc       0x60 ./Drivers/STM32H7xx_HAL_Driver/stm32h7xx_hal_rcc.o
                0x00000000080082fc                HAL_RCC_GetHCLKFreq
 .text.HAL_RCC_GetPCLK1Freq
                0x000000000800835c       0x2c ./Drivers/STM32H7xx_HAL_Driver/stm32h7xx_hal_rcc.o
                0x000000000800835c                HAL_RCC_GetPCLK1Freq
 .text.HAL_RCC_GetPCLK2Freq
                0x0000000008008388       0x2c ./Drivers/STM32H7xx_HAL_Driver/stm32h7xx_hal_rcc.o
                0x0000000008008388                HAL_RCC_GetPCLK2Freq
 .text.HAL_RCCEx_PeriphCLKConfig
                0x00000000080083b4     0x1414 ./Drivers/STM32H7xx_HAL_Driver/stm32h7xx_hal_rcc_ex.o
                0x00000000080083b4                HAL_RCCEx_PeriphCLKConfig
 .text.HAL_RCCEx_GetD3PCLK1Freq
                0x00000000080097c8       0x2c ./Drivers/STM32H7xx_HAL_Driver/stm32h7xx_hal_rcc_ex.o
                0x00000000080097c8                HAL_RCCEx_GetD3PCLK1Freq
 .text.HAL_RCCEx_GetPLL2ClockFreq
                0x00000000080097f4      0x2a8 ./Drivers/STM32H7xx_HAL_Driver/stm32h7xx_hal_rcc_ex.o
                0x00000000080097f4                HAL_RCCEx_GetPLL2ClockFreq
 .text.HAL_RCCEx_GetPLL3ClockFreq
                0x0000000008009a9c      0x2a8 ./Drivers/STM32H7xx_HAL_Driver/stm32h7xx_hal_rcc_ex.o
                0x0000000008009a9c                HAL_RCCEx_GetPLL3ClockFreq
 .text.RCCEx_PLL2_Config
                0x0000000008009d44      0x164 ./Drivers/STM32H7xx_HAL_Driver/stm32h7xx_hal_rcc_ex.o
 .text.RCCEx_PLL3_Config
                0x0000000008009ea8      0x164 ./Drivers/STM32H7xx_HAL_Driver/stm32h7xx_hal_rcc_ex.o
 .text.HAL_TIM_Base_Init
                0x000000000800a00c       0xae ./Drivers/STM32H7xx_HAL_Driver/stm32h7xx_hal_tim.o
                0x000000000800a00c                HAL_TIM_Base_Init
 *fill*         0x000000000800a0ba        0x2 
 .text.HAL_TIM_Base_Start_IT
                0x000000000800a0bc       0xf0 ./Drivers/STM32H7xx_HAL_Driver/stm32h7xx_hal_tim.o
                0x000000000800a0bc                HAL_TIM_Base_Start_IT
 .text.HAL_TIM_PWM_Init
                0x000000000800a1ac       0xae ./Drivers/STM32H7xx_HAL_Driver/stm32h7xx_hal_tim.o
                0x000000000800a1ac                HAL_TIM_PWM_Init
 .text.HAL_TIM_PWM_MspInit
                0x000000000800a25a       0x14 ./Drivers/STM32H7xx_HAL_Driver/stm32h7xx_hal_tim.o
                0x000000000800a25a                HAL_TIM_PWM_MspInit
 *fill*         0x000000000800a26e        0x2 
 .text.HAL_TIM_PWM_Start
                0x000000000800a270      0x21c ./Drivers/STM32H7xx_HAL_Driver/stm32h7xx_hal_tim.o
                0x000000000800a270                HAL_TIM_PWM_Start
 .text.HAL_TIM_Encoder_Init
                0x000000000800a48c      0x14c ./Drivers/STM32H7xx_HAL_Driver/stm32h7xx_hal_tim.o
                0x000000000800a48c                HAL_TIM_Encoder_Init
 .text.HAL_TIM_Encoder_Start_IT
                0x000000000800a5d8      0x15c ./Drivers/STM32H7xx_HAL_Driver/stm32h7xx_hal_tim.o
                0x000000000800a5d8                HAL_TIM_Encoder_Start_IT
 .text.HAL_TIM_IRQHandler
                0x000000000800a734      0x23e ./Drivers/STM32H7xx_HAL_Driver/stm32h7xx_hal_tim.o
                0x000000000800a734                HAL_TIM_IRQHandler
 *fill*         0x000000000800a972        0x2 
 .text.HAL_TIM_PWM_ConfigChannel
                0x000000000800a974      0x228 ./Drivers/STM32H7xx_HAL_Driver/stm32h7xx_hal_tim.o
                0x000000000800a974                HAL_TIM_PWM_ConfigChannel
 .text.HAL_TIM_ConfigClockSource
                0x000000000800ab9c      0x1f0 ./Drivers/STM32H7xx_HAL_Driver/stm32h7xx_hal_tim.o
                0x000000000800ab9c                HAL_TIM_ConfigClockSource
 .text.HAL_TIM_OC_DelayElapsedCallback
                0x000000000800ad8c       0x14 ./Drivers/STM32H7xx_HAL_Driver/stm32h7xx_hal_tim.o
                0x000000000800ad8c                HAL_TIM_OC_DelayElapsedCallback
 .text.HAL_TIM_PWM_PulseFinishedCallback
                0x000000000800ada0       0x14 ./Drivers/STM32H7xx_HAL_Driver/stm32h7xx_hal_tim.o
                0x000000000800ada0                HAL_TIM_PWM_PulseFinishedCallback
 .text.HAL_TIM_TriggerCallback
                0x000000000800adb4       0x14 ./Drivers/STM32H7xx_HAL_Driver/stm32h7xx_hal_tim.o
                0x000000000800adb4                HAL_TIM_TriggerCallback
 .text.TIM_Base_SetConfig
                0x000000000800adc8      0x134 ./Drivers/STM32H7xx_HAL_Driver/stm32h7xx_hal_tim.o
                0x000000000800adc8                TIM_Base_SetConfig
 .text.TIM_OC1_SetConfig
                0x000000000800aefc      0x120 ./Drivers/STM32H7xx_HAL_Driver/stm32h7xx_hal_tim.o
 .text.TIM_OC2_SetConfig
                0x000000000800b01c      0x114 ./Drivers/STM32H7xx_HAL_Driver/stm32h7xx_hal_tim.o
                0x000000000800b01c                TIM_OC2_SetConfig
 .text.TIM_OC3_SetConfig
                0x000000000800b130      0x110 ./Drivers/STM32H7xx_HAL_Driver/stm32h7xx_hal_tim.o
 .text.TIM_OC4_SetConfig
                0x000000000800b240       0xd4 ./Drivers/STM32H7xx_HAL_Driver/stm32h7xx_hal_tim.o
 .text.TIM_OC5_SetConfig
                0x000000000800b314       0xc8 ./Drivers/STM32H7xx_HAL_Driver/stm32h7xx_hal_tim.o
 .text.TIM_OC6_SetConfig
                0x000000000800b3dc       0xcc ./Drivers/STM32H7xx_HAL_Driver/stm32h7xx_hal_tim.o
 .text.TIM_TI1_ConfigInputStage
                0x000000000800b4a8       0x5e ./Drivers/STM32H7xx_HAL_Driver/stm32h7xx_hal_tim.o
 .text.TIM_TI2_ConfigInputStage
                0x000000000800b506       0x60 ./Drivers/STM32H7xx_HAL_Driver/stm32h7xx_hal_tim.o
 *fill*         0x000000000800b566        0x2 
 .text.TIM_ITRx_SetConfig
                0x000000000800b568       0x3c ./Drivers/STM32H7xx_HAL_Driver/stm32h7xx_hal_tim.o
 .text.TIM_ETR_SetConfig
                0x000000000800b5a4       0x40 ./Drivers/STM32H7xx_HAL_Driver/stm32h7xx_hal_tim.o
                0x000000000800b5a4                TIM_ETR_SetConfig
 .text.TIM_CCxChannelCmd
                0x000000000800b5e4       0x4a ./Drivers/STM32H7xx_HAL_Driver/stm32h7xx_hal_tim.o
                0x000000000800b5e4                TIM_CCxChannelCmd
 *fill*         0x000000000800b62e        0x2 
 .text.HAL_TIMEx_MasterConfigSynchronization
                0x000000000800b630      0x11c ./Drivers/STM32H7xx_HAL_Driver/stm32h7xx_hal_tim_ex.o
                0x000000000800b630                HAL_TIMEx_MasterConfigSynchronization
 .text.HAL_TIMEx_CommutCallback
                0x000000000800b74c       0x14 ./Drivers/STM32H7xx_HAL_Driver/stm32h7xx_hal_tim_ex.o
                0x000000000800b74c                HAL_TIMEx_CommutCallback
 .text.HAL_TIMEx_BreakCallback
                0x000000000800b760       0x14 ./Drivers/STM32H7xx_HAL_Driver/stm32h7xx_hal_tim_ex.o
                0x000000000800b760                HAL_TIMEx_BreakCallback
 .text.HAL_TIMEx_Break2Callback
                0x000000000800b774       0x14 ./Drivers/STM32H7xx_HAL_Driver/stm32h7xx_hal_tim_ex.o
                0x000000000800b774                HAL_TIMEx_Break2Callback
 .text.HAL_UART_Init
                0x000000000800b788       0xa0 ./Drivers/STM32H7xx_HAL_Driver/stm32h7xx_hal_uart.o
                0x000000000800b788                HAL_UART_Init
 .text.HAL_UART_Transmit_DMA
                0x000000000800b828      0x100 ./Drivers/STM32H7xx_HAL_Driver/stm32h7xx_hal_uart.o
                0x000000000800b828                HAL_UART_Transmit_DMA
 .text.HAL_UART_Receive_DMA
                0x000000000800b928       0x98 ./Drivers/STM32H7xx_HAL_Driver/stm32h7xx_hal_uart.o
                0x000000000800b928                HAL_UART_Receive_DMA
 .text.HAL_UART_IRQHandler
                0x000000000800b9c0      0x774 ./Drivers/STM32H7xx_HAL_Driver/stm32h7xx_hal_uart.o
                0x000000000800b9c0                HAL_UART_IRQHandler
 .text.HAL_UART_TxHalfCpltCallback
                0x000000000800c134       0x14 ./Drivers/STM32H7xx_HAL_Driver/stm32h7xx_hal_uart.o
                0x000000000800c134                HAL_UART_TxHalfCpltCallback
 .text.HAL_UART_RxHalfCpltCallback
                0x000000000800c148       0x14 ./Drivers/STM32H7xx_HAL_Driver/stm32h7xx_hal_uart.o
                0x000000000800c148                HAL_UART_RxHalfCpltCallback
 .text.HAL_UART_ErrorCallback
                0x000000000800c15c       0x14 ./Drivers/STM32H7xx_HAL_Driver/stm32h7xx_hal_uart.o
                0x000000000800c15c                HAL_UART_ErrorCallback
 .text.HAL_UARTEx_RxEventCallback
                0x000000000800c170       0x18 ./Drivers/STM32H7xx_HAL_Driver/stm32h7xx_hal_uart.o
                0x000000000800c170                HAL_UARTEx_RxEventCallback
 .text.UART_SetConfig
                0x000000000800c188      0xad0 ./Drivers/STM32H7xx_HAL_Driver/stm32h7xx_hal_uart.o
                0x000000000800c188                UART_SetConfig
 .text.UART_AdvFeatureConfig
                0x000000000800cc58      0x144 ./Drivers/STM32H7xx_HAL_Driver/stm32h7xx_hal_uart.o
                0x000000000800cc58                UART_AdvFeatureConfig
 .text.UART_CheckIdleState
                0x000000000800cd9c      0x154 ./Drivers/STM32H7xx_HAL_Driver/stm32h7xx_hal_uart.o
                0x000000000800cd9c                UART_CheckIdleState
 .text.UART_WaitOnFlagUntilTimeout
                0x000000000800cef0       0xce ./Drivers/STM32H7xx_HAL_Driver/stm32h7xx_hal_uart.o
                0x000000000800cef0                UART_WaitOnFlagUntilTimeout
 *fill*         0x000000000800cfbe        0x2 
 .text.UART_Start_Receive_DMA
                0x000000000800cfc0      0x14c ./Drivers/STM32H7xx_HAL_Driver/stm32h7xx_hal_uart.o
                0x000000000800cfc0                UART_Start_Receive_DMA
 .text.UART_EndTxTransfer
                0x000000000800d10c       0x82 ./Drivers/STM32H7xx_HAL_Driver/stm32h7xx_hal_uart.o
 *fill*         0x000000000800d18e        0x2 
 .text.UART_EndRxTransfer
                0x000000000800d190       0xcc ./Drivers/STM32H7xx_HAL_Driver/stm32h7xx_hal_uart.o
 .text.UART_DMATransmitCplt
                0x000000000800d25c       0x96 ./Drivers/STM32H7xx_HAL_Driver/stm32h7xx_hal_uart.o
 .text.UART_DMATxHalfCplt
                0x000000000800d2f2       0x1c ./Drivers/STM32H7xx_HAL_Driver/stm32h7xx_hal_uart.o
 .text.UART_DMAReceiveCplt
                0x000000000800d30e      0x128 ./Drivers/STM32H7xx_HAL_Driver/stm32h7xx_hal_uart.o
 .text.UART_DMARxHalfCplt
                0x000000000800d436       0x3e ./Drivers/STM32H7xx_HAL_Driver/stm32h7xx_hal_uart.o
 .text.UART_DMAError
                0x000000000800d474       0x80 ./Drivers/STM32H7xx_HAL_Driver/stm32h7xx_hal_uart.o
 .text.UART_DMAAbortOnError
                0x000000000800d4f4       0x2c ./Drivers/STM32H7xx_HAL_Driver/stm32h7xx_hal_uart.o
 .text.UART_EndTransmit_IT
                0x000000000800d520       0x56 ./Drivers/STM32H7xx_HAL_Driver/stm32h7xx_hal_uart.o
 .text.HAL_UARTEx_WakeupCallback
                0x000000000800d576       0x14 ./Drivers/STM32H7xx_HAL_Driver/stm32h7xx_hal_uart_ex.o
                0x000000000800d576                HAL_UARTEx_WakeupCallback
 .text.HAL_UARTEx_RxFifoFullCallback
                0x000000000800d58a       0x14 ./Drivers/STM32H7xx_HAL_Driver/stm32h7xx_hal_uart_ex.o
                0x000000000800d58a                HAL_UARTEx_RxFifoFullCallback
 .text.HAL_UARTEx_TxFifoEmptyCallback
                0x000000000800d59e       0x14 ./Drivers/STM32H7xx_HAL_Driver/stm32h7xx_hal_uart_ex.o
                0x000000000800d59e                HAL_UARTEx_TxFifoEmptyCallback
 .text.HAL_UARTEx_DisableFifoMode
                0x000000000800d5b2       0x72 ./Drivers/STM32H7xx_HAL_Driver/stm32h7xx_hal_uart_ex.o
                0x000000000800d5b2                HAL_UARTEx_DisableFifoMode
 .text.HAL_UARTEx_SetTxFifoThreshold
                0x000000000800d624       0x7c ./Drivers/STM32H7xx_HAL_Driver/stm32h7xx_hal_uart_ex.o
                0x000000000800d624                HAL_UARTEx_SetTxFifoThreshold
 .text.HAL_UARTEx_SetRxFifoThreshold
                0x000000000800d6a0       0x7c ./Drivers/STM32H7xx_HAL_Driver/stm32h7xx_hal_uart_ex.o
                0x000000000800d6a0                HAL_UARTEx_SetRxFifoThreshold
 .text.UARTEx_SetNbDataToProcess
                0x000000000800d71c       0x9c ./Drivers/STM32H7xx_HAL_Driver/stm32h7xx_hal_uart_ex.o
 .text.USB_CoreInit
                0x000000000800d7b8       0xdc ./Drivers/STM32H7xx_HAL_Driver/stm32h7xx_ll_usb.o
                0x000000000800d7b8                USB_CoreInit
 .text.USB_DisableGlobalInt
                0x000000000800d894       0x22 ./Drivers/STM32H7xx_HAL_Driver/stm32h7xx_ll_usb.o
                0x000000000800d894                USB_DisableGlobalInt
 .text.USB_SetCurrentMode
                0x000000000800d8b6       0x98 ./Drivers/STM32H7xx_HAL_Driver/stm32h7xx_ll_usb.o
                0x000000000800d8b6                USB_SetCurrentMode
 *fill*         0x000000000800d94e        0x2 
 .text.USB_DevInit
                0x000000000800d950      0x2bc ./Drivers/STM32H7xx_HAL_Driver/stm32h7xx_ll_usb.o
                0x000000000800d950                USB_DevInit
 .text.USB_FlushTxFifo
                0x000000000800dc0c       0x68 ./Drivers/STM32H7xx_HAL_Driver/stm32h7xx_ll_usb.o
                0x000000000800dc0c                USB_FlushTxFifo
 .text.USB_FlushRxFifo
                0x000000000800dc74       0x60 ./Drivers/STM32H7xx_HAL_Driver/stm32h7xx_ll_usb.o
                0x000000000800dc74                USB_FlushRxFifo
 .text.USB_SetDevSpeed
                0x000000000800dcd4       0x32 ./Drivers/STM32H7xx_HAL_Driver/stm32h7xx_ll_usb.o
                0x000000000800dcd4                USB_SetDevSpeed
 .text.USB_DevDisconnect
                0x000000000800dd06       0x42 ./Drivers/STM32H7xx_HAL_Driver/stm32h7xx_ll_usb.o
                0x000000000800dd06                USB_DevDisconnect
 .text.USB_GetMode
                0x000000000800dd48       0x1c ./Drivers/STM32H7xx_HAL_Driver/stm32h7xx_ll_usb.o
                0x000000000800dd48                USB_GetMode
 .text.USB_CoreReset
                0x000000000800dd64       0x68 ./Drivers/STM32H7xx_HAL_Driver/stm32h7xx_ll_usb.o
 .text.__cxa_pure_virtual
                0x000000000800ddcc        0x6 /opt/st/stm32cubeide_1.12.0/plugins/com.st.stm32cube.ide.mcu.externaltools.gnu-tools-for-stm32.10.3-2021.10.linux64_1.0.200.202301161003/tools/bin/../lib/gcc/arm-none-eabi/10.3.1/../../../../arm-none-eabi/lib/thumb/v7e-m+dp/hard/libstdc++_nano.a(pure.o)
                0x000000000800ddcc                __cxa_pure_virtual
 .text._ZN10__cxxabiv111__terminateEPFvvE
                0x000000000800ddd2        0x8 /opt/st/stm32cubeide_1.12.0/plugins/com.st.stm32cube.ide.mcu.externaltools.gnu-tools-for-stm32.10.3-2021.10.linux64_1.0.200.202301161003/tools/bin/../lib/gcc/arm-none-eabi/10.3.1/../../../../arm-none-eabi/lib/thumb/v7e-m+dp/hard/libstdc++_nano.a(eh_terminate.o)
                0x000000000800ddd2                __cxxabiv1::__terminate(void (*)())
 *fill*         0x000000000800ddda        0x2 
 .text._ZSt13get_terminatev
                0x000000000800dddc       0x10 /opt/st/stm32cubeide_1.12.0/plugins/com.st.stm32cube.ide.mcu.externaltools.gnu-tools-for-stm32.10.3-2021.10.linux64_1.0.200.202301161003/tools/bin/../lib/gcc/arm-none-eabi/10.3.1/../../../../arm-none-eabi/lib/thumb/v7e-m+dp/hard/libstdc++_nano.a(eh_terminate.o)
                0x000000000800dddc                std::get_terminate()
 .text._ZSt9terminatev
                0x000000000800ddec        0xa /opt/st/stm32cubeide_1.12.0/plugins/com.st.stm32cube.ide.mcu.externaltools.gnu-tools-for-stm32.10.3-2021.10.linux64_1.0.200.202301161003/tools/bin/../lib/gcc/arm-none-eabi/10.3.1/../../../../arm-none-eabi/lib/thumb/v7e-m+dp/hard/libstdc++_nano.a(eh_terminate.o)
                0x000000000800ddec                std::terminate()
 .text.abort    0x000000000800ddf6        0xe /opt/st/stm32cubeide_1.12.0/plugins/com.st.stm32cube.ide.mcu.externaltools.gnu-tools-for-stm32.10.3-2021.10.linux64_1.0.200.202301161003/tools/bin/../lib/gcc/arm-none-eabi/10.3.1/../../../../arm-none-eabi/lib/thumb/v7e-m+dp/hard/libc_nano.a(lib_a-abort.o)
                0x000000000800ddf6                abort
 .text.__errno  0x000000000800de04        0xc /opt/st/stm32cubeide_1.12.0/plugins/com.st.stm32cube.ide.mcu.externaltools.gnu-tools-for-stm32.10.3-2021.10.linux64_1.0.200.202301161003/tools/bin/../lib/gcc/arm-none-eabi/10.3.1/../../../../arm-none-eabi/lib/thumb/v7e-m+dp/hard/libc_nano.a(lib_a-errno.o)
                0x000000000800de04                __errno
 .text.__libc_init_array
                0x000000000800de10       0x48 /opt/st/stm32cubeide_1.12.0/plugins/com.st.stm32cube.ide.mcu.externaltools.gnu-tools-for-stm32.10.3-2021.10.linux64_1.0.200.202301161003/tools/bin/../lib/gcc/arm-none-eabi/10.3.1/../../../../arm-none-eabi/lib/thumb/v7e-m+dp/hard/libc_nano.a(lib_a-init.o)
                0x000000000800de10                __libc_init_array
 .text.memcpy   0x000000000800de58       0x1c /opt/st/stm32cubeide_1.12.0/plugins/com.st.stm32cube.ide.mcu.externaltools.gnu-tools-for-stm32.10.3-2021.10.linux64_1.0.200.202301161003/tools/bin/../lib/gcc/arm-none-eabi/10.3.1/../../../../arm-none-eabi/lib/thumb/v7e-m+dp/hard/libc_nano.a(lib_a-memcpy-stub.o)
                0x000000000800de58                memcpy
 .text.memset   0x000000000800de74       0x10 /opt/st/stm32cubeide_1.12.0/plugins/com.st.stm32cube.ide.mcu.externaltools.gnu-tools-for-stm32.10.3-2021.10.linux64_1.0.200.202301161003/tools/bin/../lib/gcc/arm-none-eabi/10.3.1/../../../../arm-none-eabi/lib/thumb/v7e-m+dp/hard/libc_nano.a(lib_a-memset.o)
                0x000000000800de74                memset
 .text.__cvt    0x000000000800de84       0xa4 /opt/st/stm32cubeide_1.12.0/plugins/com.st.stm32cube.ide.mcu.externaltools.gnu-tools-for-stm32.10.3-2021.10.linux64_1.0.200.202301161003/tools/bin/../lib/gcc/arm-none-eabi/10.3.1/../../../../arm-none-eabi/lib/thumb/v7e-m+dp/hard/libc_nano.a(lib_a-nano-vfprintf_float.o)
                0x000000000800de84                __cvt
 .text.__exponent
                0x000000000800df28       0x7c /opt/st/stm32cubeide_1.12.0/plugins/com.st.stm32cube.ide.mcu.externaltools.gnu-tools-for-stm32.10.3-2021.10.linux64_1.0.200.202301161003/tools/bin/../lib/gcc/arm-none-eabi/10.3.1/../../../../arm-none-eabi/lib/thumb/v7e-m+dp/hard/libc_nano.a(lib_a-nano-vfprintf_float.o)
                0x000000000800df28                __exponent
 *fill*         0x000000000800dfa4        0x4 
 .text._printf_float
                0x000000000800dfa8      0x43c /opt/st/stm32cubeide_1.12.0/plugins/com.st.stm32cube.ide.mcu.externaltools.gnu-tools-for-stm32.10.3-2021.10.linux64_1.0.200.202301161003/tools/bin/../lib/gcc/arm-none-eabi/10.3.1/../../../../arm-none-eabi/lib/thumb/v7e-m+dp/hard/libc_nano.a(lib_a-nano-vfprintf_float.o)
                0x000000000800dfa8                _printf_float
 .text._printf_common
                0x000000000800e3e4       0xda /opt/st/stm32cubeide_1.12.0/plugins/com.st.stm32cube.ide.mcu.externaltools.gnu-tools-for-stm32.10.3-2021.10.linux64_1.0.200.202301161003/tools/bin/../lib/gcc/arm-none-eabi/10.3.1/../../../../arm-none-eabi/lib/thumb/v7e-m+dp/hard/libc_nano.a(lib_a-nano-vfprintf_i.o)
                0x000000000800e3e4                _printf_common
 *fill*         0x000000000800e4be        0x2 
 .text._printf_i
                0x000000000800e4c0      0x24c /opt/st/stm32cubeide_1.12.0/plugins/com.st.stm32cube.ide.mcu.externaltools.gnu-tools-for-stm32.10.3-2021.10.linux64_1.0.200.202301161003/tools/bin/../lib/gcc/arm-none-eabi/10.3.1/../../../../arm-none-eabi/lib/thumb/v7e-m+dp/hard/libc_nano.a(lib_a-nano-vfprintf_i.o)
                0x000000000800e4c0                _printf_i
 .text.realloc  0x000000000800e70c       0x10 /opt/st/stm32cubeide_1.12.0/plugins/com.st.stm32cube.ide.mcu.externaltools.gnu-tools-for-stm32.10.3-2021.10.linux64_1.0.200.202301161003/tools/bin/../lib/gcc/arm-none-eabi/10.3.1/../../../../arm-none-eabi/lib/thumb/v7e-m+dp/hard/libc_nano.a(lib_a-realloc.o)
                0x000000000800e70c                realloc
 .text._raise_r
                0x000000000800e71c       0x50 /opt/st/stm32cubeide_1.12.0/plugins/com.st.stm32cube.ide.mcu.externaltools.gnu-tools-for-stm32.10.3-2021.10.linux64_1.0.200.202301161003/tools/bin/../lib/gcc/arm-none-eabi/10.3.1/../../../../arm-none-eabi/lib/thumb/v7e-m+dp/hard/libc_nano.a(lib_a-signal.o)
                0x000000000800e71c                _raise_r
 .text.raise    0x000000000800e76c       0x10 /opt/st/stm32cubeide_1.12.0/plugins/com.st.stm32cube.ide.mcu.externaltools.gnu-tools-for-stm32.10.3-2021.10.linux64_1.0.200.202301161003/tools/bin/../lib/gcc/arm-none-eabi/10.3.1/../../../../arm-none-eabi/lib/thumb/v7e-m+dp/hard/libc_nano.a(lib_a-signal.o)
                0x000000000800e76c                raise
 .text._kill_r  0x000000000800e77c       0x24 /opt/st/stm32cubeide_1.12.0/plugins/com.st.stm32cube.ide.mcu.externaltools.gnu-tools-for-stm32.10.3-2021.10.linux64_1.0.200.202301161003/tools/bin/../lib/gcc/arm-none-eabi/10.3.1/../../../../arm-none-eabi/lib/thumb/v7e-m+dp/hard/libc_nano.a(lib_a-signalr.o)
                0x000000000800e77c                _kill_r
 .text._getpid_r
                0x000000000800e7a0        0x4 /opt/st/stm32cubeide_1.12.0/plugins/com.st.stm32cube.ide.mcu.externaltools.gnu-tools-for-stm32.10.3-2021.10.linux64_1.0.200.202301161003/tools/bin/../lib/gcc/arm-none-eabi/10.3.1/../../../../arm-none-eabi/lib/thumb/v7e-m+dp/hard/libc_nano.a(lib_a-signalr.o)
                0x000000000800e7a0                _getpid_r
 .text.quorem   0x000000000800e7a4      0x116 /opt/st/stm32cubeide_1.12.0/plugins/com.st.stm32cube.ide.mcu.externaltools.gnu-tools-for-stm32.10.3-2021.10.linux64_1.0.200.202301161003/tools/bin/../lib/gcc/arm-none-eabi/10.3.1/../../../../arm-none-eabi/lib/thumb/v7e-m+dp/hard/libc_nano.a(lib_a-dtoa.o)
 *fill*         0x000000000800e8ba        0x6 
 .text._dtoa_r  0x000000000800e8c0      0xadc /opt/st/stm32cubeide_1.12.0/plugins/com.st.stm32cube.ide.mcu.externaltools.gnu-tools-for-stm32.10.3-2021.10.linux64_1.0.200.202301161003/tools/bin/../lib/gcc/arm-none-eabi/10.3.1/../../../../arm-none-eabi/lib/thumb/v7e-m+dp/hard/libc_nano.a(lib_a-dtoa.o)
                0x000000000800e8c0                _dtoa_r
 .text._localeconv_r
                0x000000000800f39c        0x8 /opt/st/stm32cubeide_1.12.0/plugins/com.st.stm32cube.ide.mcu.externaltools.gnu-tools-for-stm32.10.3-2021.10.linux64_1.0.200.202301161003/tools/bin/../lib/gcc/arm-none-eabi/10.3.1/../../../../arm-none-eabi/lib/thumb/v7e-m+dp/hard/libc_nano.a(lib_a-localeconv.o)
                0x000000000800f39c                _localeconv_r
 .text.malloc   0x000000000800f3a4       0x10 /opt/st/stm32cubeide_1.12.0/plugins/com.st.stm32cube.ide.mcu.externaltools.gnu-tools-for-stm32.10.3-2021.10.linux64_1.0.200.202301161003/tools/bin/../lib/gcc/arm-none-eabi/10.3.1/../../../../arm-none-eabi/lib/thumb/v7e-m+dp/hard/libc_nano.a(lib_a-malloc.o)
                0x000000000800f3a4                malloc
 .text._Balloc  0x000000000800f3b4       0x80 /opt/st/stm32cubeide_1.12.0/plugins/com.st.stm32cube.ide.mcu.externaltools.gnu-tools-for-stm32.10.3-2021.10.linux64_1.0.200.202301161003/tools/bin/../lib/gcc/arm-none-eabi/10.3.1/../../../../arm-none-eabi/lib/thumb/v7e-m+dp/hard/libc_nano.a(lib_a-mprec.o)
                0x000000000800f3b4                _Balloc
 .text._Bfree   0x000000000800f434       0x44 /opt/st/stm32cubeide_1.12.0/plugins/com.st.stm32cube.ide.mcu.externaltools.gnu-tools-for-stm32.10.3-2021.10.linux64_1.0.200.202301161003/tools/bin/../lib/gcc/arm-none-eabi/10.3.1/../../../../arm-none-eabi/lib/thumb/v7e-m+dp/hard/libc_nano.a(lib_a-mprec.o)
                0x000000000800f434                _Bfree
 .text.__multadd
                0x000000000800f478       0x8c /opt/st/stm32cubeide_1.12.0/plugins/com.st.stm32cube.ide.mcu.externaltools.gnu-tools-for-stm32.10.3-2021.10.linux64_1.0.200.202301161003/tools/bin/../lib/gcc/arm-none-eabi/10.3.1/../../../../arm-none-eabi/lib/thumb/v7e-m+dp/hard/libc_nano.a(lib_a-mprec.o)
                0x000000000800f478                __multadd
 .text.__hi0bits
                0x000000000800f504       0x40 /opt/st/stm32cubeide_1.12.0/plugins/com.st.stm32cube.ide.mcu.externaltools.gnu-tools-for-stm32.10.3-2021.10.linux64_1.0.200.202301161003/tools/bin/../lib/gcc/arm-none-eabi/10.3.1/../../../../arm-none-eabi/lib/thumb/v7e-m+dp/hard/libc_nano.a(lib_a-mprec.o)
                0x000000000800f504                __hi0bits
 .text.__lo0bits
                0x000000000800f544       0x5e /opt/st/stm32cubeide_1.12.0/plugins/com.st.stm32cube.ide.mcu.externaltools.gnu-tools-for-stm32.10.3-2021.10.linux64_1.0.200.202301161003/tools/bin/../lib/gcc/arm-none-eabi/10.3.1/../../../../arm-none-eabi/lib/thumb/v7e-m+dp/hard/libc_nano.a(lib_a-mprec.o)
                0x000000000800f544                __lo0bits
 *fill*         0x000000000800f5a2        0x2 
 .text.__i2b    0x000000000800f5a4       0x2c /opt/st/stm32cubeide_1.12.0/plugins/com.st.stm32cube.ide.mcu.externaltools.gnu-tools-for-stm32.10.3-2021.10.linux64_1.0.200.202301161003/tools/bin/../lib/gcc/arm-none-eabi/10.3.1/../../../../arm-none-eabi/lib/thumb/v7e-m+dp/hard/libc_nano.a(lib_a-mprec.o)
                0x000000000800f5a4                __i2b
 .text.__multiply
                0x000000000800f5d0      0x154 /opt/st/stm32cubeide_1.12.0/plugins/com.st.stm32cube.ide.mcu.externaltools.gnu-tools-for-stm32.10.3-2021.10.linux64_1.0.200.202301161003/tools/bin/../lib/gcc/arm-none-eabi/10.3.1/../../../../arm-none-eabi/lib/thumb/v7e-m+dp/hard/libc_nano.a(lib_a-mprec.o)
                0x000000000800f5d0                __multiply
 .text.__pow5mult
                0x000000000800f724       0xb4 /opt/st/stm32cubeide_1.12.0/plugins/com.st.stm32cube.ide.mcu.externaltools.gnu-tools-for-stm32.10.3-2021.10.linux64_1.0.200.202301161003/tools/bin/../lib/gcc/arm-none-eabi/10.3.1/../../../../arm-none-eabi/lib/thumb/v7e-m+dp/hard/libc_nano.a(lib_a-mprec.o)
                0x000000000800f724                __pow5mult
 .text.__lshift
                0x000000000800f7d8       0xe0 /opt/st/stm32cubeide_1.12.0/plugins/com.st.stm32cube.ide.mcu.externaltools.gnu-tools-for-stm32.10.3-2021.10.linux64_1.0.200.202301161003/tools/bin/../lib/gcc/arm-none-eabi/10.3.1/../../../../arm-none-eabi/lib/thumb/v7e-m+dp/hard/libc_nano.a(lib_a-mprec.o)
                0x000000000800f7d8                __lshift
 .text.__mcmp   0x000000000800f8b8       0x38 /opt/st/stm32cubeide_1.12.0/plugins/com.st.stm32cube.ide.mcu.externaltools.gnu-tools-for-stm32.10.3-2021.10.linux64_1.0.200.202301161003/tools/bin/../lib/gcc/arm-none-eabi/10.3.1/../../../../arm-none-eabi/lib/thumb/v7e-m+dp/hard/libc_nano.a(lib_a-mprec.o)
                0x000000000800f8b8                __mcmp
 .text.__mdiff  0x000000000800f8f0      0x114 /opt/st/stm32cubeide_1.12.0/plugins/com.st.stm32cube.ide.mcu.externaltools.gnu-tools-for-stm32.10.3-2021.10.linux64_1.0.200.202301161003/tools/bin/../lib/gcc/arm-none-eabi/10.3.1/../../../../arm-none-eabi/lib/thumb/v7e-m+dp/hard/libc_nano.a(lib_a-mprec.o)
                0x000000000800f8f0                __mdiff
 .text.__d2b    0x000000000800fa04       0xb8 /opt/st/stm32cubeide_1.12.0/plugins/com.st.stm32cube.ide.mcu.externaltools.gnu-tools-for-stm32.10.3-2021.10.linux64_1.0.200.202301161003/tools/bin/../lib/gcc/arm-none-eabi/10.3.1/../../../../arm-none-eabi/lib/thumb/v7e-m+dp/hard/libc_nano.a(lib_a-mprec.o)
                0x000000000800fa04                __d2b
 .text._calloc_r
                0x000000000800fabc       0x2c /opt/st/stm32cubeide_1.12.0/plugins/com.st.stm32cube.ide.mcu.externaltools.gnu-tools-for-stm32.10.3-2021.10.linux64_1.0.200.202301161003/tools/bin/../lib/gcc/arm-none-eabi/10.3.1/../../../../arm-none-eabi/lib/thumb/v7e-m+dp/hard/libc_nano.a(lib_a-nano-callocr.o)
                0x000000000800fabc                _calloc_r
 .text._free_r  0x000000000800fae8       0x98 /opt/st/stm32cubeide_1.12.0/plugins/com.st.stm32cube.ide.mcu.externaltools.gnu-tools-for-stm32.10.3-2021.10.linux64_1.0.200.202301161003/tools/bin/../lib/gcc/arm-none-eabi/10.3.1/../../../../arm-none-eabi/lib/thumb/v7e-m+dp/hard/libc_nano.a(lib_a-nano-freer.o)
                0x000000000800fae8                _free_r
 .text.sbrk_aligned
                0x000000000800fb80       0x40 /opt/st/stm32cubeide_1.12.0/plugins/com.st.stm32cube.ide.mcu.externaltools.gnu-tools-for-stm32.10.3-2021.10.linux64_1.0.200.202301161003/tools/bin/../lib/gcc/arm-none-eabi/10.3.1/../../../../arm-none-eabi/lib/thumb/v7e-m+dp/hard/libc_nano.a(lib_a-nano-mallocr.o)
 .text._malloc_r
                0x000000000800fbc0       0xe8 /opt/st/stm32cubeide_1.12.0/plugins/com.st.stm32cube.ide.mcu.externaltools.gnu-tools-for-stm32.10.3-2021.10.linux64_1.0.200.202301161003/tools/bin/../lib/gcc/arm-none-eabi/10.3.1/../../../../arm-none-eabi/lib/thumb/v7e-m+dp/hard/libc_nano.a(lib_a-nano-mallocr.o)
                0x000000000800fbc0                _malloc_r
 .text._realloc_r
                0x000000000800fca8       0x5e /opt/st/stm32cubeide_1.12.0/plugins/com.st.stm32cube.ide.mcu.externaltools.gnu-tools-for-stm32.10.3-2021.10.linux64_1.0.200.202301161003/tools/bin/../lib/gcc/arm-none-eabi/10.3.1/../../../../arm-none-eabi/lib/thumb/v7e-m+dp/hard/libc_nano.a(lib_a-nano-reallocr.o)
                0x000000000800fca8                _realloc_r
 *fill*         0x000000000800fd06        0x2 
 .text._sbrk_r  0x000000000800fd08       0x20 /opt/st/stm32cubeide_1.12.0/plugins/com.st.stm32cube.ide.mcu.externaltools.gnu-tools-for-stm32.10.3-2021.10.linux64_1.0.200.202301161003/tools/bin/../lib/gcc/arm-none-eabi/10.3.1/../../../../arm-none-eabi/lib/thumb/v7e-m+dp/hard/libc_nano.a(lib_a-sbrkr.o)
                0x000000000800fd08                _sbrk_r
 .text.__assert_func
                0x000000000800fd28       0x3c /opt/st/stm32cubeide_1.12.0/plugins/com.st.stm32cube.ide.mcu.externaltools.gnu-tools-for-stm32.10.3-2021.10.linux64_1.0.200.202301161003/tools/bin/../lib/gcc/arm-none-eabi/10.3.1/../../../../arm-none-eabi/lib/thumb/v7e-m+dp/hard/libc_nano.a(lib_a-assert.o)
                0x000000000800fd28                __assert_func
 .text.fprintf  0x000000000800fd64       0x24 /opt/st/stm32cubeide_1.12.0/plugins/com.st.stm32cube.ide.mcu.externaltools.gnu-tools-for-stm32.10.3-2021.10.linux64_1.0.200.202301161003/tools/bin/../lib/gcc/arm-none-eabi/10.3.1/../../../../arm-none-eabi/lib/thumb/v7e-m+dp/hard/libc_nano.a(lib_a-fprintf.o)
                0x000000000800fd64                fprintf
                0x000000000800fd64                fiprintf
 .text.__ascii_mbtowc
                0x000000000800fd88       0x24 /opt/st/stm32cubeide_1.12.0/plugins/com.st.stm32cube.ide.mcu.externaltools.gnu-tools-for-stm32.10.3-2021.10.linux64_1.0.200.202301161003/tools/bin/../lib/gcc/arm-none-eabi/10.3.1/../../../../arm-none-eabi/lib/thumb/v7e-m+dp/hard/libc_nano.a(lib_a-mbtowc_r.o)
                0x000000000800fd88                __ascii_mbtowc
 .text.__malloc_lock
                0x000000000800fdac        0xc /opt/st/stm32cubeide_1.12.0/plugins/com.st.stm32cube.ide.mcu.externaltools.gnu-tools-for-stm32.10.3-2021.10.linux64_1.0.200.202301161003/tools/bin/../lib/gcc/arm-none-eabi/10.3.1/../../../../arm-none-eabi/lib/thumb/v7e-m+dp/hard/libc_nano.a(lib_a-mlock.o)
                0x000000000800fdac                __malloc_lock
 .text.__malloc_unlock
                0x000000000800fdb8        0xc /opt/st/stm32cubeide_1.12.0/plugins/com.st.stm32cube.ide.mcu.externaltools.gnu-tools-for-stm32.10.3-2021.10.linux64_1.0.200.202301161003/tools/bin/../lib/gcc/arm-none-eabi/10.3.1/../../../../arm-none-eabi/lib/thumb/v7e-m+dp/hard/libc_nano.a(lib_a-mlock.o)
                0x000000000800fdb8                __malloc_unlock
 .text._malloc_usable_size_r
                0x000000000800fdc4       0x10 /opt/st/stm32cubeide_1.12.0/plugins/com.st.stm32cube.ide.mcu.externaltools.gnu-tools-for-stm32.10.3-2021.10.linux64_1.0.200.202301161003/tools/bin/../lib/gcc/arm-none-eabi/10.3.1/../../../../arm-none-eabi/lib/thumb/v7e-m+dp/hard/libc_nano.a(lib_a-nano-msizer.o)
                0x000000000800fdc4                _malloc_usable_size_r
 .text.__sfputc_r
                0x000000000800fdd4       0x2e /opt/st/stm32cubeide_1.12.0/plugins/com.st.stm32cube.ide.mcu.externaltools.gnu-tools-for-stm32.10.3-2021.10.linux64_1.0.200.202301161003/tools/bin/../lib/gcc/arm-none-eabi/10.3.1/../../../../arm-none-eabi/lib/thumb/v7e-m+dp/hard/libc_nano.a(lib_a-nano-vfprintf.o)
 .text.__sfputs_r
                0x000000000800fe02       0x24 /opt/st/stm32cubeide_1.12.0/plugins/com.st.stm32cube.ide.mcu.externaltools.gnu-tools-for-stm32.10.3-2021.10.linux64_1.0.200.202301161003/tools/bin/../lib/gcc/arm-none-eabi/10.3.1/../../../../arm-none-eabi/lib/thumb/v7e-m+dp/hard/libc_nano.a(lib_a-nano-vfprintf.o)
                0x000000000800fe02                __sfputs_r
 *fill*         0x000000000800fe26        0x2 
 .text._vfprintf_r
                0x000000000800fe28      0x260 /opt/st/stm32cubeide_1.12.0/plugins/com.st.stm32cube.ide.mcu.externaltools.gnu-tools-for-stm32.10.3-2021.10.linux64_1.0.200.202301161003/tools/bin/../lib/gcc/arm-none-eabi/10.3.1/../../../../arm-none-eabi/lib/thumb/v7e-m+dp/hard/libc_nano.a(lib_a-nano-vfprintf.o)
                0x000000000800fe28                _vfiprintf_r
                0x000000000800fe28                _vfprintf_r
 .text.__swbuf_r
                0x0000000008010088       0xa4 /opt/st/stm32cubeide_1.12.0/plugins/com.st.stm32cube.ide.mcu.externaltools.gnu-tools-for-stm32.10.3-2021.10.linux64_1.0.200.202301161003/tools/bin/../lib/gcc/arm-none-eabi/10.3.1/../../../../arm-none-eabi/lib/thumb/v7e-m+dp/hard/libc_nano.a(lib_a-wbuf.o)
                0x0000000008010088                __swbuf_r
 .text.__ascii_wctomb
                0x000000000801012c       0x1a /opt/st/stm32cubeide_1.12.0/plugins/com.st.stm32cube.ide.mcu.externaltools.gnu-tools-for-stm32.10.3-2021.10.linux64_1.0.200.202301161003/tools/bin/../lib/gcc/arm-none-eabi/10.3.1/../../../../arm-none-eabi/lib/thumb/v7e-m+dp/hard/libc_nano.a(lib_a-wctomb_r.o)
                0x000000000801012c                __ascii_wctomb
 *fill*         0x0000000008010146        0x2 
 .text.__swsetup_r
                0x0000000008010148       0xdc /opt/st/stm32cubeide_1.12.0/plugins/com.st.stm32cube.ide.mcu.externaltools.gnu-tools-for-stm32.10.3-2021.10.linux64_1.0.200.202301161003/tools/bin/../lib/gcc/arm-none-eabi/10.3.1/../../../../arm-none-eabi/lib/thumb/v7e-m+dp/hard/libc_nano.a(lib_a-wsetup.o)
                0x0000000008010148                __swsetup_r
 .text.__sflush_r
                0x0000000008010224      0x10c /opt/st/stm32cubeide_1.12.0/plugins/com.st.stm32cube.ide.mcu.externaltools.gnu-tools-for-stm32.10.3-2021.10.linux64_1.0.200.202301161003/tools/bin/../lib/gcc/arm-none-eabi/10.3.1/../../../../arm-none-eabi/lib/thumb/v7e-m+dp/hard/libc_nano.a(lib_a-fflush.o)
                0x0000000008010224                __sflush_r
 .text._fflush_r
                0x0000000008010330       0x78 /opt/st/stm32cubeide_1.12.0/plugins/com.st.stm32cube.ide.mcu.externaltools.gnu-tools-for-stm32.10.3-2021.10.linux64_1.0.200.202301161003/tools/bin/../lib/gcc/arm-none-eabi/10.3.1/../../../../arm-none-eabi/lib/thumb/v7e-m+dp/hard/libc_nano.a(lib_a-fflush.o)
                0x0000000008010330                _fflush_r
 .text.std      0x00000000080103a8       0x48 /opt/st/stm32cubeide_1.12.0/plugins/com.st.stm32cube.ide.mcu.externaltools.gnu-tools-for-stm32.10.3-2021.10.linux64_1.0.200.202301161003/tools/bin/../lib/gcc/arm-none-eabi/10.3.1/../../../../arm-none-eabi/lib/thumb/v7e-m+dp/hard/libc_nano.a(lib_a-findfp.o)
 .text._cleanup_r
                0x00000000080103f0        0xc /opt/st/stm32cubeide_1.12.0/plugins/com.st.stm32cube.ide.mcu.externaltools.gnu-tools-for-stm32.10.3-2021.10.linux64_1.0.200.202301161003/tools/bin/../lib/gcc/arm-none-eabi/10.3.1/../../../../arm-none-eabi/lib/thumb/v7e-m+dp/hard/libc_nano.a(lib_a-findfp.o)
                0x00000000080103f0                _cleanup_r
 .text.__sfmoreglue
                0x00000000080103fc       0x2c /opt/st/stm32cubeide_1.12.0/plugins/com.st.stm32cube.ide.mcu.externaltools.gnu-tools-for-stm32.10.3-2021.10.linux64_1.0.200.202301161003/tools/bin/../lib/gcc/arm-none-eabi/10.3.1/../../../../arm-none-eabi/lib/thumb/v7e-m+dp/hard/libc_nano.a(lib_a-findfp.o)
                0x00000000080103fc                __sfmoreglue
 .text.__sfp_lock_acquire
                0x0000000008010428        0xc /opt/st/stm32cubeide_1.12.0/plugins/com.st.stm32cube.ide.mcu.externaltools.gnu-tools-for-stm32.10.3-2021.10.linux64_1.0.200.202301161003/tools/bin/../lib/gcc/arm-none-eabi/10.3.1/../../../../arm-none-eabi/lib/thumb/v7e-m+dp/hard/libc_nano.a(lib_a-findfp.o)
                0x0000000008010428                __sfp_lock_acquire
 .text.__sfp_lock_release
                0x0000000008010434        0xc /opt/st/stm32cubeide_1.12.0/plugins/com.st.stm32cube.ide.mcu.externaltools.gnu-tools-for-stm32.10.3-2021.10.linux64_1.0.200.202301161003/tools/bin/../lib/gcc/arm-none-eabi/10.3.1/../../../../arm-none-eabi/lib/thumb/v7e-m+dp/hard/libc_nano.a(lib_a-findfp.o)
                0x0000000008010434                __sfp_lock_release
 .text.__sinit_lock_acquire
                0x0000000008010440        0xc /opt/st/stm32cubeide_1.12.0/plugins/com.st.stm32cube.ide.mcu.externaltools.gnu-tools-for-stm32.10.3-2021.10.linux64_1.0.200.202301161003/tools/bin/../lib/gcc/arm-none-eabi/10.3.1/../../../../arm-none-eabi/lib/thumb/v7e-m+dp/hard/libc_nano.a(lib_a-findfp.o)
                0x0000000008010440                __sinit_lock_acquire
 .text.__sinit_lock_release
                0x000000000801044c        0xc /opt/st/stm32cubeide_1.12.0/plugins/com.st.stm32cube.ide.mcu.externaltools.gnu-tools-for-stm32.10.3-2021.10.linux64_1.0.200.202301161003/tools/bin/../lib/gcc/arm-none-eabi/10.3.1/../../../../arm-none-eabi/lib/thumb/v7e-m+dp/hard/libc_nano.a(lib_a-findfp.o)
                0x000000000801044c                __sinit_lock_release
 .text.__sinit  0x0000000008010458       0x70 /opt/st/stm32cubeide_1.12.0/plugins/com.st.stm32cube.ide.mcu.externaltools.gnu-tools-for-stm32.10.3-2021.10.linux64_1.0.200.202301161003/tools/bin/../lib/gcc/arm-none-eabi/10.3.1/../../../../arm-none-eabi/lib/thumb/v7e-m+dp/hard/libc_nano.a(lib_a-findfp.o)
                0x0000000008010458                __sinit
 .text.__sfp    0x00000000080104c8       0x8c /opt/st/stm32cubeide_1.12.0/plugins/com.st.stm32cube.ide.mcu.externaltools.gnu-tools-for-stm32.10.3-2021.10.linux64_1.0.200.202301161003/tools/bin/../lib/gcc/arm-none-eabi/10.3.1/../../../../arm-none-eabi/lib/thumb/v7e-m+dp/hard/libc_nano.a(lib_a-findfp.o)
                0x00000000080104c8                __sfp
 .text._fwalk_reent
                0x0000000008010554       0x3e /opt/st/stm32cubeide_1.12.0/plugins/com.st.stm32cube.ide.mcu.externaltools.gnu-tools-for-stm32.10.3-2021.10.linux64_1.0.200.202301161003/tools/bin/../lib/gcc/arm-none-eabi/10.3.1/../../../../arm-none-eabi/lib/thumb/v7e-m+dp/hard/libc_nano.a(lib_a-fwalk.o)
                0x0000000008010554                _fwalk_reent
 .text.__retarget_lock_init_recursive
                0x0000000008010592        0x2 /opt/st/stm32cubeide_1.12.0/plugins/com.st.stm32cube.ide.mcu.externaltools.gnu-tools-for-stm32.10.3-2021.10.linux64_1.0.200.202301161003/tools/bin/../lib/gcc/arm-none-eabi/10.3.1/../../../../arm-none-eabi/lib/thumb/v7e-m+dp/hard/libc_nano.a(lib_a-lock.o)
                0x0000000008010592                __retarget_lock_init_recursive
 .text.__retarget_lock_acquire_recursive
                0x0000000008010594        0x2 /opt/st/stm32cubeide_1.12.0/plugins/com.st.stm32cube.ide.mcu.externaltools.gnu-tools-for-stm32.10.3-2021.10.linux64_1.0.200.202301161003/tools/bin/../lib/gcc/arm-none-eabi/10.3.1/../../../../arm-none-eabi/lib/thumb/v7e-m+dp/hard/libc_nano.a(lib_a-lock.o)
                0x0000000008010594                __retarget_lock_acquire_recursive
 .text.__retarget_lock_release_recursive
                0x0000000008010596        0x2 /opt/st/stm32cubeide_1.12.0/plugins/com.st.stm32cube.ide.mcu.externaltools.gnu-tools-for-stm32.10.3-2021.10.linux64_1.0.200.202301161003/tools/bin/../lib/gcc/arm-none-eabi/10.3.1/../../../../arm-none-eabi/lib/thumb/v7e-m+dp/hard/libc_nano.a(lib_a-lock.o)
                0x0000000008010596                __retarget_lock_release_recursive
 .text.__swhatbuf_r
                0x0000000008010598       0x4a /opt/st/stm32cubeide_1.12.0/plugins/com.st.stm32cube.ide.mcu.externaltools.gnu-tools-for-stm32.10.3-2021.10.linux64_1.0.200.202301161003/tools/bin/../lib/gcc/arm-none-eabi/10.3.1/../../../../arm-none-eabi/lib/thumb/v7e-m+dp/hard/libc_nano.a(lib_a-makebuf.o)
                0x0000000008010598                __swhatbuf_r
 *fill*         0x00000000080105e2        0x2 
 .text.__smakebuf_r
                0x00000000080105e4       0x80 /opt/st/stm32cubeide_1.12.0/plugins/com.st.stm32cube.ide.mcu.externaltools.gnu-tools-for-stm32.10.3-2021.10.linux64_1.0.200.202301161003/tools/bin/../lib/gcc/arm-none-eabi/10.3.1/../../../../arm-none-eabi/lib/thumb/v7e-m+dp/hard/libc_nano.a(lib_a-makebuf.o)
                0x00000000080105e4                __smakebuf_r
 .text.__sread  0x0000000008010664       0x22 /opt/st/stm32cubeide_1.12.0/plugins/com.st.stm32cube.ide.mcu.externaltools.gnu-tools-for-stm32.10.3-2021.10.linux64_1.0.200.202301161003/tools/bin/../lib/gcc/arm-none-eabi/10.3.1/../../../../arm-none-eabi/lib/thumb/v7e-m+dp/hard/libc_nano.a(lib_a-stdio.o)
                0x0000000008010664                __sread
 .text.__swrite
                0x0000000008010686       0x38 /opt/st/stm32cubeide_1.12.0/plugins/com.st.stm32cube.ide.mcu.externaltools.gnu-tools-for-stm32.10.3-2021.10.linux64_1.0.200.202301161003/tools/bin/../lib/gcc/arm-none-eabi/10.3.1/../../../../arm-none-eabi/lib/thumb/v7e-m+dp/hard/libc_nano.a(lib_a-stdio.o)
                0x0000000008010686                __swrite
 .text.__sseek  0x00000000080106be       0x24 /opt/st/stm32cubeide_1.12.0/plugins/com.st.stm32cube.ide.mcu.externaltools.gnu-tools-for-stm32.10.3-2021.10.linux64_1.0.200.202301161003/tools/bin/../lib/gcc/arm-none-eabi/10.3.1/../../../../arm-none-eabi/lib/thumb/v7e-m+dp/hard/libc_nano.a(lib_a-stdio.o)
                0x00000000080106be                __sseek
 .text.__sclose
                0x00000000080106e2        0x8 /opt/st/stm32cubeide_1.12.0/plugins/com.st.stm32cube.ide.mcu.externaltools.gnu-tools-for-stm32.10.3-2021.10.linux64_1.0.200.202301161003/tools/bin/../lib/gcc/arm-none-eabi/10.3.1/../../../../arm-none-eabi/lib/thumb/v7e-m+dp/hard/libc_nano.a(lib_a-stdio.o)
                0x00000000080106e2                __sclose
 *fill*         0x00000000080106ea        0x2 
 .text._write_r
                0x00000000080106ec       0x24 /opt/st/stm32cubeide_1.12.0/plugins/com.st.stm32cube.ide.mcu.externaltools.gnu-tools-for-stm32.10.3-2021.10.linux64_1.0.200.202301161003/tools/bin/../lib/gcc/arm-none-eabi/10.3.1/../../../../arm-none-eabi/lib/thumb/v7e-m+dp/hard/libc_nano.a(lib_a-writer.o)
                0x00000000080106ec                _write_r
 .text._close_r
                0x0000000008010710       0x20 /opt/st/stm32cubeide_1.12.0/plugins/com.st.stm32cube.ide.mcu.externaltools.gnu-tools-for-stm32.10.3-2021.10.linux64_1.0.200.202301161003/tools/bin/../lib/gcc/arm-none-eabi/10.3.1/../../../../arm-none-eabi/lib/thumb/v7e-m+dp/hard/libc_nano.a(lib_a-closer.o)
                0x0000000008010710                _close_r
 .text._fstat_r
                0x0000000008010730       0x24 /opt/st/stm32cubeide_1.12.0/plugins/com.st.stm32cube.ide.mcu.externaltools.gnu-tools-for-stm32.10.3-2021.10.linux64_1.0.200.202301161003/tools/bin/../lib/gcc/arm-none-eabi/10.3.1/../../../../arm-none-eabi/lib/thumb/v7e-m+dp/hard/libc_nano.a(lib_a-fstatr.o)
                0x0000000008010730                _fstat_r
 .text._isatty_r
                0x0000000008010754       0x20 /opt/st/stm32cubeide_1.12.0/plugins/com.st.stm32cube.ide.mcu.externaltools.gnu-tools-for-stm32.10.3-2021.10.linux64_1.0.200.202301161003/tools/bin/../lib/gcc/arm-none-eabi/10.3.1/../../../../arm-none-eabi/lib/thumb/v7e-m+dp/hard/libc_nano.a(lib_a-isattyr.o)
                0x0000000008010754                _isatty_r
 .text._lseek_r
                0x0000000008010774       0x24 /opt/st/stm32cubeide_1.12.0/plugins/com.st.stm32cube.ide.mcu.externaltools.gnu-tools-for-stm32.10.3-2021.10.linux64_1.0.200.202301161003/tools/bin/../lib/gcc/arm-none-eabi/10.3.1/../../../../arm-none-eabi/lib/thumb/v7e-m+dp/hard/libc_nano.a(lib_a-lseekr.o)
                0x0000000008010774                _lseek_r
 .text._read_r  0x0000000008010798       0x24 /opt/st/stm32cubeide_1.12.0/plugins/com.st.stm32cube.ide.mcu.externaltools.gnu-tools-for-stm32.10.3-2021.10.linux64_1.0.200.202301161003/tools/bin/../lib/gcc/arm-none-eabi/10.3.1/../../../../arm-none-eabi/lib/thumb/v7e-m+dp/hard/libc_nano.a(lib_a-readr.o)
                0x0000000008010798                _read_r
 *(.glue_7)
 .glue_7        0x00000000080107bc        0x0 linker stubs
 *(.glue_7t)
 .glue_7t       0x00000000080107bc        0x0 linker stubs
 *(.eh_frame)
 .eh_frame      0x00000000080107bc        0x0 /opt/st/stm32cubeide_1.12.0/plugins/com.st.stm32cube.ide.mcu.externaltools.gnu-tools-for-stm32.10.3-2021.10.linux64_1.0.200.202301161003/tools/bin/../lib/gcc/arm-none-eabi/10.3.1/thumb/v7e-m+dp/hard/crtbegin.o
 *(.init)
 .init          0x00000000080107bc        0x4 /opt/st/stm32cubeide_1.12.0/plugins/com.st.stm32cube.ide.mcu.externaltools.gnu-tools-for-stm32.10.3-2021.10.linux64_1.0.200.202301161003/tools/bin/../lib/gcc/arm-none-eabi/10.3.1/thumb/v7e-m+dp/hard/crti.o
                0x00000000080107bc                _init
 .init          0x00000000080107c0        0x8 /opt/st/stm32cubeide_1.12.0/plugins/com.st.stm32cube.ide.mcu.externaltools.gnu-tools-for-stm32.10.3-2021.10.linux64_1.0.200.202301161003/tools/bin/../lib/gcc/arm-none-eabi/10.3.1/thumb/v7e-m+dp/hard/crtn.o
 *(.fini)