Archive member included to satisfy reference by file (symbol)

/opt/st/stm32cubeide_1.12.1/plugins/com.st.stm32cube.ide.mcu.externaltools.gnu-tools-for-stm32.10.3-2021.10.linux64_1.0.200.202301161003/tools/bin/../lib/gcc/arm-none-eabi/10.3.1/../../../../arm-none-eabi/lib/thumb/v7e-m+dp/hard/libstdc++_nano.a(pure.o)
                              ./Core/Src/mainpp.o (__cxa_pure_virtual)
/opt/st/stm32cubeide_1.12.1/plugins/com.st.stm32cube.ide.mcu.externaltools.gnu-tools-for-stm32.10.3-2021.10.linux64_1.0.200.202301161003/tools/bin/../lib/gcc/arm-none-eabi/10.3.1/../../../../arm-none-eabi/lib/thumb/v7e-m+dp/hard/libstdc++_nano.a(eh_terminate.o)
                              /opt/st/stm32cubeide_1.12.1/plugins/com.st.stm32cube.ide.mcu.externaltools.gnu-tools-for-stm32.10.3-2021.10.linux64_1.0.200.202301161003/tools/bin/../lib/gcc/arm-none-eabi/10.3.1/../../../../arm-none-eabi/lib/thumb/v7e-m+dp/hard/libstdc++_nano.a(pure.o) (std::terminate())
/opt/st/stm32cubeide_1.12.1/plugins/com.st.stm32cube.ide.mcu.externaltools.gnu-tools-for-stm32.10.3-2021.10.linux64_1.0.200.202301161003/tools/bin/../lib/gcc/arm-none-eabi/10.3.1/../../../../arm-none-eabi/lib/thumb/v7e-m+dp/hard/libstdc++_nano.a(eh_unex_handler.o)
                              /opt/st/stm32cubeide_1.12.1/plugins/com.st.stm32cube.ide.mcu.externaltools.gnu-tools-for-stm32.10.3-2021.10.linux64_1.0.200.202301161003/tools/bin/../lib/gcc/arm-none-eabi/10.3.1/../../../../arm-none-eabi/lib/thumb/v7e-m+dp/hard/libstdc++_nano.a(eh_terminate.o) (__cxxabiv1::__unexpected_handler)
/opt/st/stm32cubeide_1.12.1/plugins/com.st.stm32cube.ide.mcu.externaltools.gnu-tools-for-stm32.10.3-2021.10.linux64_1.0.200.202301161003/tools/bin/../lib/gcc/arm-none-eabi/10.3.1/../../../../arm-none-eabi/lib/thumb/v7e-m+dp/hard/libstdc++_nano.a(eh_term_handler.o)
                              /opt/st/stm32cubeide_1.12.1/plugins/com.st.stm32cube.ide.mcu.externaltools.gnu-tools-for-stm32.10.3-2021.10.linux64_1.0.200.202301161003/tools/bin/../lib/gcc/arm-none-eabi/10.3.1/../../../../arm-none-eabi/lib/thumb/v7e-m+dp/hard/libstdc++_nano.a(eh_terminate.o) (__cxxabiv1::__terminate_handler)
/opt/st/stm32cubeide_1.12.1/plugins/com.st.stm32cube.ide.mcu.externaltools.gnu-tools-for-stm32.10.3-2021.10.linux64_1.0.200.202301161003/tools/bin/../lib/gcc/arm-none-eabi/10.3.1/../../../../arm-none-eabi/lib/thumb/v7e-m+dp/hard/libc_nano.a(lib_a-abort.o)
                              /opt/st/stm32cubeide_1.12.1/plugins/com.st.stm32cube.ide.mcu.externaltools.gnu-tools-for-stm32.10.3-2021.10.linux64_1.0.200.202301161003/tools/bin/../lib/gcc/arm-none-eabi/10.3.1/../../../../arm-none-eabi/lib/thumb/v7e-m+dp/hard/libstdc++_nano.a(eh_terminate.o) (abort)
/opt/st/stm32cubeide_1.12.1/plugins/com.st.stm32cube.ide.mcu.externaltools.gnu-tools-for-stm32.10.3-2021.10.linux64_1.0.200.202301161003/tools/bin/../lib/gcc/arm-none-eabi/10.3.1/../../../../arm-none-eabi/lib/thumb/v7e-m+dp/hard/libc_nano.a(lib_a-errno.o)
                              ./Core/Src/syscalls.o (__errno)
/opt/st/stm32cubeide_1.12.1/plugins/com.st.stm32cube.ide.mcu.externaltools.gnu-tools-for-stm32.10.3-2021.10.linux64_1.0.200.202301161003/tools/bin/../lib/gcc/arm-none-eabi/10.3.1/../../../../arm-none-eabi/lib/thumb/v7e-m+dp/hard/libc_nano.a(lib_a-exit.o)
                              /opt/st/stm32cubeide_1.12.1/plugins/com.st.stm32cube.ide.mcu.externaltools.gnu-tools-for-stm32.10.3-2021.10.linux64_1.0.200.202301161003/tools/bin/../lib/gcc/arm-none-eabi/10.3.1/../../../../arm-none-eabi/lib/thumb/v7e-m+dp/hard/crt0.o (exit)
/opt/st/stm32cubeide_1.12.1/plugins/com.st.stm32cube.ide.mcu.externaltools.gnu-tools-for-stm32.10.3-2021.10.linux64_1.0.200.202301161003/tools/bin/../lib/gcc/arm-none-eabi/10.3.1/../../../../arm-none-eabi/lib/thumb/v7e-m+dp/hard/libc_nano.a(lib_a-impure.o)
                              /opt/st/stm32cubeide_1.12.1/plugins/com.st.stm32cube.ide.mcu.externaltools.gnu-tools-for-stm32.10.3-2021.10.linux64_1.0.200.202301161003/tools/bin/../lib/gcc/arm-none-eabi/10.3.1/../../../../arm-none-eabi/lib/thumb/v7e-m+dp/hard/libc_nano.a(lib_a-exit.o) (_global_impure_ptr)
/opt/st/stm32cubeide_1.12.1/plugins/com.st.stm32cube.ide.mcu.externaltools.gnu-tools-for-stm32.10.3-2021.10.linux64_1.0.200.202301161003/tools/bin/../lib/gcc/arm-none-eabi/10.3.1/../../../../arm-none-eabi/lib/thumb/v7e-m+dp/hard/libc_nano.a(lib_a-init.o)
                              /opt/st/stm32cubeide_1.12.1/plugins/com.st.stm32cube.ide.mcu.externaltools.gnu-tools-for-stm32.10.3-2021.10.linux64_1.0.200.202301161003/tools/bin/../lib/gcc/arm-none-eabi/10.3.1/../../../../arm-none-eabi/lib/thumb/v7e-m+dp/hard/crt0.o (__libc_init_array)
/opt/st/stm32cubeide_1.12.1/plugins/com.st.stm32cube.ide.mcu.externaltools.gnu-tools-for-stm32.10.3-2021.10.linux64_1.0.200.202301161003/tools/bin/../lib/gcc/arm-none-eabi/10.3.1/../../../../arm-none-eabi/lib/thumb/v7e-m+dp/hard/libc_nano.a(lib_a-memcpy-stub.o)
                              ./Core/Src/mainpp.o (memcpy)
[...]
Memory Configuration

Name             Origin             Length             Attributes
RAM_D1           0x0000000024000000 0x0000000000080000 xrw
FLASH            0x0000000008000000 0x0000000000100000 xr
DTCMRAM          0x0000000020000000 0x0000000000020000 xrw
RAM_D2           0x0000000030000000 0x0000000000048000 xrw
RAM_D3           0x0000000038000000 0x0000000000010000 xrw
ITCMRAM          0x0000000000000000 0x0000000000010000 xrw
*default*        0x0000000000000000 0xffffffffffffffff

Linker script and memory map

LOAD /opt/st/stm32cubeide_1.12.1/plugins/com.st.stm32cube.ide.mcu.externaltools.gnu-tools-for-stm32.10.3-2021.10.linux64_1.0.200.202301161003/tools/bin/../lib/gcc/arm-none-eabi/10.3.1/thumb/v7e-m+dp/hard/crti.o
LOAD /opt/st/stm32cubeide_1.12.1/plugins/com.st.stm32cube.ide.mcu.externaltools.gnu-tools-for-stm32.10.3-2021.10.linux64_1.0.200.202301161003/tools/bin/../lib/gcc/arm-none-eabi/10.3.1/thumb/v7e-m+dp/hard/crtbegin.o
LOAD /opt/st/stm32cubeide_1.12.1/plugins/com.st.stm32cube.ide.mcu.externaltools.gnu-tools-for-stm32.10.3-2021.10.linux64_1.0.200.202301161003/tools/bin/../lib/gcc/arm-none-eabi/10.3.1/../../../../arm-none-eabi/lib/thumb/v7e-m+dp/hard/crt0.o
LOAD ./Common/Src/system_stm32h7xx_dualcore_boot_cm4_cm7.o
LOAD ./Core/Inc/duration.o
LOAD ./Core/Inc/time.o
LOAD ./Core/Src/main.o
LOAD ./Core/Src/mainpp.o
LOAD ./Core/Src/stm32h7xx_hal_msp.o
LOAD ./Core/Src/stm32h7xx_it.o
LOAD ./Core/Src/syscalls.o
LOAD ./Core/Src/sysmem.o
LOAD ./Core/Startup/startup_stm32h745zitx.o
LOAD ./Drivers/STM32H7xx_HAL_Driver/stm32h7xx_hal.o
LOAD ./Drivers/STM32H7xx_HAL_Driver/stm32h7xx_hal_cortex.o
LOAD ./Drivers/STM32H7xx_HAL_Driver/stm32h7xx_hal_dma.o
LOAD ./Drivers/STM32H7xx_HAL_Driver/stm32h7xx_hal_dma_ex.o
LOAD ./Drivers/STM32H7xx_HAL_Driver/stm32h7xx_hal_exti.o
LOAD ./Drivers/STM32H7xx_HAL_Driver/stm32h7xx_hal_flash.o
LOAD ./Drivers/STM32H7xx_HAL_Driver/stm32h7xx_hal_flash_ex.o
LOAD ./Drivers/STM32H7xx_HAL_Driver/stm32h7xx_hal_gpio.o
LOAD ./Drivers/STM32H7xx_HAL_Driver/stm32h7xx_hal_hsem.o
LOAD ./Drivers/STM32H7xx_HAL_Driver/stm32h7xx_hal_i2c.o
LOAD ./Drivers/STM32H7xx_HAL_Driver/stm32h7xx_hal_i2c_ex.o
LOAD ./Drivers/STM32H7xx_HAL_Driver/stm32h7xx_hal_mdma.o
LOAD ./Drivers/STM32H7xx_HAL_Driver/stm32h7xx_hal_pcd.o
LOAD ./Drivers/STM32H7xx_HAL_Driver/stm32h7xx_hal_pcd_ex.o
LOAD ./Drivers/STM32H7xx_HAL_Driver/stm32h7xx_hal_pwr.o
LOAD ./Drivers/STM32H7xx_HAL_Driver/stm32h7xx_hal_pwr_ex.o
LOAD ./Drivers/STM32H7xx_HAL_Driver/stm32h7xx_hal_rcc.o
LOAD ./Drivers/STM32H7xx_HAL_Driver/stm32h7xx_hal_rcc_ex.o
LOAD ./Drivers/STM32H7xx_HAL_Driver/stm32h7xx_hal_tim.o
LOAD ./Drivers/STM32H7xx_HAL_Driver/stm32h7xx_hal_tim_ex.o
LOAD ./Drivers/STM32H7xx_HAL_Driver/stm32h7xx_hal_uart.o
LOAD ./Drivers/STM32H7xx_HAL_Driver/stm32h7xx_hal_uart_ex.o
LOAD ./Drivers/STM32H7xx_HAL_Driver/stm32h7xx_ll_usb.o
START GROUP
LOAD /opt/st/stm32cubeide_1.12.1/plugins/com.st.stm32cube.ide.mcu.externaltools.gnu-tools-for-stm32.10.3-2021.10.linux64_1.0.200.202301161003/tools/bin/../lib/gcc/arm-none-eabi/10.3.1/../../../../arm-none-eabi/lib/thumb/v7e-m+dp/hard/libstdc++_nano.a
LOAD /opt/st/stm32cubeide_1.12.1/plugins/com.st.stm32cube.ide.mcu.externaltools.gnu-tools-for-stm32.10.3-2021.10.linux64_1.0.200.202301161003/tools/bin/../lib/gcc/arm-none-eabi/10.3.1/../../../../arm-none-eabi/lib/thumb/v7e-m+dp/hard/libsupc++_nano.a
END GROUP
LOAD /opt/st/stm32cubeide_1.12.1/plugins/com.st.stm32cube.ide.mcu.externaltools.gnu-tools-for-stm32.10.3-2021.10.linux64_1.0.200.202301161003/tools/bin/../lib/gcc/arm-none-eabi/10.3.1/../../../../arm-none-eabi/lib/thumb/v7e-m+dp/hard/libstdc++_nano.a
LOAD /opt/st/stm32cubeide_1.12.1/plugins/com.st.stm32cube.ide.mcu.externaltools.gnu-tools-for-stm32.10.3-2021.10.linux64_1.0.200.202301161003/tools/bin/../lib/gcc/arm-none-eabi/10.3.1/../../../../arm-none-eabi/lib/thumb/v7e-m+dp/hard/libm.a
LOAD /opt/st/stm32cubeide_1.12.1/plugins/com.st.stm32cube.ide.mcu.externaltools.gnu-tools-for-stm32.10.3-2021.10.linux64_1.0.200.202301161003/tools/bin/../lib/gcc/arm-none-eabi/10.3.1/../../../../arm-none-eabi/lib/thumb/v7e-m+dp/hard/libc_nano.a
START GROUP
LOAD /opt/st/stm32cubeide_1.12.1/plugins/com.st.stm32cube.ide.mcu.externaltools.gnu-tools-for-stm32.10.3-2021.10.linux64_1.0.200.202301161003/tools/bin/../lib/gcc/arm-none-eabi/10.3.1/thumb/v7e-m+dp/hard/libgcc.a
LOAD /opt/st/stm32cubeide_1.12.1/plugins/com.st.stm32cube.ide.mcu.externaltools.gnu-tools-for-stm32.10.3-2021.10.linux64_1.0.200.202301161003/tools/bin/../lib/gcc/arm-none-eabi/10.3.1/../../../../arm-none-eabi/lib/thumb/v7e-m+dp/hard/libc_nano.a
END GROUP
START GROUP
LOAD /opt/st/stm32cubeide_1.12.1/plugins/com.st.stm32cube.ide.mcu.externaltools.gnu-tools-for-stm32.10.3-2021.10.linux64_1.0.200.202301161003/tools/bin/../lib/gcc/arm-none-eabi/10.3.1/thumb/v7e-m+dp/hard/libgcc.a
LOAD /opt/st/stm32cubeide_1.12.1/plugins/com.st.stm32cube.ide.mcu.externaltools.gnu-tools-for-stm32.10.3-2021.10.linux64_1.0.200.202301161003/tools/bin/../lib/gcc/arm-none-eabi/10.3.1/../../../../arm-none-eabi/lib/thumb/v7e-m+dp/hard/libc_nano.a
LOAD /opt/st/stm32cubeide_1.12.1/plugins/com.st.stm32cube.ide.mcu.externaltools.gnu-tools-for-stm32.10.3-2021.10.linux64_1.0.200.202301161003/tools/bin/../lib/gcc/arm-none-eabi/10.3.1/../../../../arm-none-eabi/lib/thumb/v7e-m+dp/hard/libnosys.a
END GROUP
START GROUP
LOAD /opt/st/stm32cubeide_1.12.1/plugins/com.st.stm32cube.ide.mcu.externaltools.gnu-tools-for-stm32.10.3-2021.10.linux64_1.0.200.202301161003/tools/bin/../lib/gcc/arm-none-eabi/10.3.1/thumb/v7e-m+dp/hard/libgcc.a
LOAD /opt/st/stm32cubeide_1.12.1/plugins/com.st.stm32cube.ide.mcu.externaltools.gnu-tools-for-stm32.10.3-2021.10.linux64_1.0.200.202301161003/tools/bin/../lib/gcc/arm-none-eabi/10.3.1/../../../../arm-none-eabi/lib/thumb/v7e-m+dp/hard/libc_nano.a
LOAD /opt/st/stm32cubeide_1.12.1/plugins/com.st.stm32cube.ide.mcu.externaltools.gnu-tools-for-stm32.10.3-2021.10.linux64_1.0.200.202301161003/tools/bin/../lib/gcc/arm-none-eabi/10.3.1/../../../../arm-none-eabi/lib/thumb/v7e-m+dp/hard/libnosys.a
END GROUP
LOAD /opt/st/stm32cubeide_1.12.1/plugins/com.st.stm32cube.ide.mcu.externaltools.gnu-tools-for-stm32.10.3-2021.10.linux64_1.0.200.202301161003/tools/bin/../lib/gcc/arm-none-eabi/10.3.1/thumb/v7e-m+dp/hard/crtend.o
LOAD /opt/st/stm32cubeide_1.12.1/plugins/com.st.stm32cube.ide.mcu.externaltools.gnu-tools-for-stm32.10.3-2021.10.linux64_1.0.200.202301161003/tools/bin/../lib/gcc/arm-none-eabi/10.3.1/thumb/v7e-m+dp/hard/crtn.o
                0x0000000024080000                _estack = (ORIGIN (RAM_D1) + LENGTH (RAM_D1))
                0x0000000000000200                _Min_Heap_Size = 0x200
                0x0000000000000400                _Min_Stack_Size = 0x400

.isr_vector     0x0000000008000000      0x298
                0x0000000008000000                . = ALIGN (0x4)
 *(.isr_vector)
 .isr_vector    0x0000000008000000      0x298 ./Core/Startup/startup_stm32h745zitx.o
                0x0000000008000000                g_pfnVectors
                0x0000000008000298                . = ALIGN (0x4)

.text           0x00000000080002a0    0x11e74
                0x00000000080002a0                . = ALIGN (0x4)
 *(.text)
 .text          0x00000000080002a0       0x40 /opt/st/stm32cubeide_1.12.1/plugins/com.st.stm32cube.ide.mcu.externaltools.gnu-tools-for-stm32.10.3-2021.10.linux64_1.0.200.202301161003/tools/bin/../lib/gcc/arm-none-eabi/10.3.1/thumb/v7e-m+dp/hard/crtbegin.o
 .text          0x00000000080002e0       0x10 /opt/st/stm32cubeide_1.12.1/plugins/com.st.stm32cube.ide.mcu.externaltools.gnu-tools-for-stm32.10.3-2021.10.linux64_1.0.200.202301161003/tools/bin/../lib/gcc/arm-none-eabi/10.3.1/../../../../arm-none-eabi/lib/thumb/v7e-m+dp/hard/libc_nano.a(lib_a-strlen.o)
                0x00000000080002e0                strlen
 .text          0x00000000080002f0       0xa0 /opt/st/stm32cubeide_1.12.1/plugins/com.st.stm32cube.ide.mcu.externaltools.gnu-tools-for-stm32.10.3-2021.10.linux64_1.0.200.202301161003/tools/bin/../lib/gcc/arm-none-eabi/10.3.1/../../../../arm-none-eabi/lib/thumb/v7e-m+dp/hard/libc_nano.a(lib_a-memchr.o)
                0x00000000080002f0                memchr
 .text          0x0000000008000390       0x30 /opt/st/stm32cubeide_1.12.1/plugins/com.st.stm32cube.ide.mcu.externaltools.gnu-tools-for-stm32.10.3-2021.10.linux64_1.0.200.202301161003/tools/bin/../lib/gcc/arm-none-eabi/10.3.1/thumb/v7e-m+dp/hard/libgcc.a(_aeabi_uldivmod.o)
                0x0000000008000390                __aeabi_uldivmod
 .text          0x00000000080003c0      0x2d0 /opt/st/stm32cubeide_1.12.1/plugins/com.st.stm32cube.ide.mcu.externaltools.gnu-tools-for-stm32.10.3-2021.10.linux64_1.0.200.202301161003/tools/bin/../lib/gcc/arm-none-eabi/10.3.1/thumb/v7e-m+dp/hard/libgcc.a(_udivmoddi4.o)
                0x00000000080003c0                __udivmoddi4
 .text          0x0000000008000690        0x4 /opt/st/stm32cubeide_1.12.1/plugins/com.st.stm32cube.ide.mcu.externaltools.gnu-tools-for-stm32.10.3-2021.10.linux64_1.0.200.202301161003/tools/bin/../lib/gcc/arm-none-eabi/10.3.1/thumb/v7e-m+dp/hard/libgcc.a(_dvmd_tls.o)
                0x0000000008000690                __aeabi_ldiv0
                0x0000000008000690                __aeabi_idiv0
 *(.text*)
 .text.SystemInit
                0x0000000008000694      0x12c ./Common/Src/system_stm32h7xx_dualcore_boot_cm4_cm7.o
                0x0000000008000694                SystemInit
 .text._ZN3ros16normalizeSecNSecERmS0_
                0x00000000080007c0       0x58 ./Core/Inc/time.o
                0x00000000080007c0                ros::normalizeSecNSec(unsigned long&, unsigned long&)
 .text.main     0x0000000008000818       0xf8 ./Core/Src/main.o
                0x0000000008000818                main
 .text.SystemClock_Config
                0x0000000008000910       0xfc ./Core/Src/main.o
                0x0000000008000910                SystemClock_Config
 .text.MX_TIM1_Init
                0x0000000008000a0c       0xa8 ./Core/Src/main.o
 .text.MX_TIM2_Init
                0x0000000008000ab4       0xec ./Core/Src/main.o
 .text.MX_TIM3_Init
                0x0000000008000ba0       0xf0 ./Core/Src/main.o
 .text.MX_TIM4_Init
                0x0000000008000c90       0xac ./Core/Src/main.o
 .text.MX_TIM8_Init
                0x0000000008000d3c       0xb4 ./Core/Src/main.o
 .text.MX_USART3_UART_Init
                0x0000000008000df0       0x98 ./Core/Src/main.o
 .text.MX_USB_OTG_FS_PCD_Init
                0x0000000008000e88       0x64 ./Core/Src/main.o
 .text.MX_DMA_Init
                0x0000000008000eec       0x50 ./Core/Src/main.o
 .text.MX_GPIO_Init
                0x0000000008000f3c      0x130 ./Core/Src/main.o
 .text.HAL_TIM_PeriodElapsedCallback
                0x000000000800106c       0x30 ./Core/Src/main.o
                0x000000000800106c                HAL_TIM_PeriodElapsedCallback
 .text.Error_Handler
                0x000000000800109c        0xa ./Core/Src/main.o
                0x000000000800109c                Error_Handler
 .text._ZN3ros4TimeC2Ev
                0x00000000080010a6       0x22 ./Core/Src/mainpp.o
                0x00000000080010a6                ros::Time::Time()
                0x00000000080010a6                ros::Time::Time()
 .text._ZN3ros3MsgC2Ev
                0x00000000080010c8       0x20 ./Core/Src/mainpp.o
                0x00000000080010c8                ros::Msg::Msg()
                0x00000000080010c8                ros::Msg::Msg()
 .text._ZN8std_msgs4TimeC2Ev
                0x00000000080010e8       0x30 ./Core/Src/mainpp.o
                0x00000000080010e8                std_msgs::Time::Time()
                0x00000000080010e8                std_msgs::Time::Time()
 .text._ZNK8std_msgs4Time9serializeEPh
                0x0000000008001118       0xb0 ./Core/Src/mainpp.o
                0x0000000008001118                std_msgs::Time::serialize(unsigned char*) const
 .text._ZN8std_msgs4Time11deserializeEPh
                0x00000000080011c8       0xc8 ./Core/Src/mainpp.o
                0x00000000080011c8                std_msgs::Time::deserialize(unsigned char*)
 .text._ZN8std_msgs4Time7getTypeEv
                0x0000000008001290       0x1c ./Core/Src/mainpp.o
                0x0000000008001290                std_msgs::Time::getType()
 .text._ZN8std_msgs4Time6getMD5Ev
                0x00000000080012ac       0x1c ./Core/Src/mainpp.o
                0x00000000080012ac                std_msgs::Time::getMD5()
 .text._ZN14rosserial_msgs9TopicInfoC2Ev
                0x00000000080012c8       0x48 ./Core/Src/mainpp.o
                0x00000000080012c8                rosserial_msgs::TopicInfo::TopicInfo()
                0x00000000080012c8                rosserial_msgs::TopicInfo::TopicInfo()
 .text._ZNK14rosserial_msgs9TopicInfo9serializeEPh
                0x0000000008001310      0x136 ./Core/Src/mainpp.o
                0x0000000008001310                rosserial_msgs::TopicInfo::serialize(unsigned char*) const
 .text._ZN14rosserial_msgs9TopicInfo11deserializeEPh
                0x0000000008001446      0x1d0 ./Core/Src/mainpp.o
                0x0000000008001446                rosserial_msgs::TopicInfo::deserialize(unsigned char*)
 *fill*         0x0000000008001616        0x2 
 .text._ZN14rosserial_msgs9TopicInfo7getTypeEv
                0x0000000008001618       0x1c ./Core/Src/mainpp.o
                0x0000000008001618                rosserial_msgs::TopicInfo::getType()
 .text._ZN14rosserial_msgs9TopicInfo6getMD5Ev
                0x0000000008001634       0x1c ./Core/Src/mainpp.o
                0x0000000008001634                rosserial_msgs::TopicInfo::getMD5()
 .text._ZN14rosserial_msgs3LogC2Ev
                0x0000000008001650       0x34 ./Core/Src/mainpp.o
                0x0000000008001650                rosserial_msgs::Log::Log()
                0x0000000008001650                rosserial_msgs::Log::Log()
 .text._ZNK14rosserial_msgs3Log9serializeEPh
                0x0000000008001684       0x64 ./Core/Src/mainpp.o
                0x0000000008001684                rosserial_msgs::Log::serialize(unsigned char*) const
 .text._ZN14rosserial_msgs3Log11deserializeEPh
                0x00000000080016e8       0x90 ./Core/Src/mainpp.o
                0x00000000080016e8                rosserial_msgs::Log::deserialize(unsigned char*)
 .text._ZN14rosserial_msgs3Log7getTypeEv
                0x0000000008001778       0x1c ./Core/Src/mainpp.o
                0x0000000008001778                rosserial_msgs::Log::getType()
 .text._ZN14rosserial_msgs3Log6getMD5Ev
                0x0000000008001794       0x1c ./Core/Src/mainpp.o
                0x0000000008001794                rosserial_msgs::Log::getMD5()
 .text._ZN14rosserial_msgs20RequestParamResponseC2Ev
                0x00000000080017b0       0x48 ./Core/Src/mainpp.o
                0x00000000080017b0                rosserial_msgs::RequestParamResponse::RequestParamResponse()
                0x00000000080017b0                rosserial_msgs::RequestParamResponse::RequestParamResponse()
 .text._ZNK14rosserial_msgs20RequestParamResponse9serializeEPh
                0x00000000080017f8      0x222 ./Core/Src/mainpp.o
                0x00000000080017f8                rosserial_msgs::RequestParamResponse::serialize(unsigned char*) const
 .text._ZN14rosserial_msgs20RequestParamResponse11deserializeEPh
                0x0000000008001a1a      0x2e2 ./Core/Src/mainpp.o
                0x0000000008001a1a                rosserial_msgs::RequestParamResponse::deserialize(unsigned char*)
 .text._ZN14rosserial_msgs20RequestParamResponse7getTypeEv
                0x0000000008001cfc       0x1c ./Core/Src/mainpp.o
                0x0000000008001cfc                rosserial_msgs::RequestParamResponse::getType()
 .text._ZN14rosserial_msgs20RequestParamResponse6getMD5Ev
                0x0000000008001d18       0x1c ./Core/Src/mainpp.o
                0x0000000008001d18                rosserial_msgs::RequestParamResponse::getMD5()
 .text._ZN3ros9PublisherC2EPKcPNS_3MsgEi
                0x0000000008001d34       0x2e ./Core/Src/mainpp.o
                0x0000000008001d34                ros::Publisher::Publisher(char const*, ros::Msg*, int)
                0x0000000008001d34                ros::Publisher::Publisher(char const*, ros::Msg*, int)
 .text._ZN3ros9Publisher7publishEPKNS_3MsgE
                0x0000000008001d62       0x28 ./Core/Src/mainpp.o
                0x0000000008001d62                ros::Publisher::publish(ros::Msg const*)
 .text._ZN3ros9Publisher15getEndpointTypeEv
                0x0000000008001d8a       0x18 ./Core/Src/mainpp.o
                0x0000000008001d8a                ros::Publisher::getEndpointType()
 *fill*         0x0000000008001da2        0x2 
 .text._ZN13STM32Hardware10getRdmaIndEv
                0x0000000008001da4      0x180 ./Core/Src/mainpp.o
                0x0000000008001da4                STM32Hardware::getRdmaInd()
 .text._ZN13STM32HardwareC2Ev
                0x0000000008001f24       0x38 ./Core/Src/mainpp.o
                0x0000000008001f24                STM32Hardware::STM32Hardware()
                0x0000000008001f24                STM32Hardware::STM32Hardware()
 .text._ZN13STM32Hardware4initEv
                0x0000000008001f5c       0x16 ./Core/Src/mainpp.o
                0x0000000008001f5c                STM32Hardware::init()
 .text._ZN13STM32Hardware10reset_rbufEv
                0x0000000008001f72       0x22 ./Core/Src/mainpp.o
                0x0000000008001f72                STM32Hardware::reset_rbuf()
 .text._ZN13STM32Hardware4readEv
                0x0000000008001f94       0x5a ./Core/Src/mainpp.o
                0x0000000008001f94                STM32Hardware::read()
 *fill*         0x0000000008001fee        0x2 
 .text._ZN13STM32Hardware5flushEv
                0x0000000008001ff0       0xe4 ./Core/Src/mainpp.o
                0x0000000008001ff0                STM32Hardware::flush()
 .text._ZN13STM32Hardware5writeEPhi
                0x00000000080020d4       0x8c ./Core/Src/mainpp.o
                0x00000000080020d4                STM32Hardware::write(unsigned char*, int)
 .text._ZN13STM32Hardware4timeEv
                0x0000000008002160       0x16 ./Core/Src/mainpp.o
                0x0000000008002160                STM32Hardware::time()
 *fill*         0x0000000008002176        0x2 
 .text._ZN8std_msgs6StringC2Ev
                0x0000000008002178       0x30 ./Core/Src/mainpp.o
                0x0000000008002178                std_msgs::String::String()
                0x0000000008002178                std_msgs::String::String()
 .text._ZNK8std_msgs6String9serializeEPh
                0x00000000080021a8       0x52 ./Core/Src/mainpp.o
                0x00000000080021a8                std_msgs::String::serialize(unsigned char*) const
 .text._ZN8std_msgs6String11deserializeEPh
                0x00000000080021fa       0x7e ./Core/Src/mainpp.o
                0x00000000080021fa                std_msgs::String::deserialize(unsigned char*)
 .text._ZN8std_msgs6String7getTypeEv
                0x0000000008002278       0x1c ./Core/Src/mainpp.o
                0x0000000008002278                std_msgs::String::getType()
 .text._ZN8std_msgs6String6getMD5Ev
                0x0000000008002294       0x1c ./Core/Src/mainpp.o
                0x0000000008002294                std_msgs::String::getMD5()
 .text._ZN8std_msgs5Int16C2Ev
                0x00000000080022b0       0x2c ./Core/Src/mainpp.o
                0x00000000080022b0                std_msgs::Int16::Int16()
                0x00000000080022b0                std_msgs::Int16::Int16()
 .text._ZNK8std_msgs5Int169serializeEPh
                0x00000000080022dc       0x48 ./Core/Src/mainpp.o
                0x00000000080022dc                std_msgs::Int16::serialize(unsigned char*) const
 .text._ZN8std_msgs5Int1611deserializeEPh
                0x0000000008002324       0x5a ./Core/Src/mainpp.o
                0x0000000008002324                std_msgs::Int16::deserialize(unsigned char*)
 *fill*         0x000000000800237e        0x2 
 .text._ZN8std_msgs5Int167getTypeEv
                0x0000000008002380       0x1c ./Core/Src/mainpp.o
                0x0000000008002380                std_msgs::Int16::getType()
 .text._ZN8std_msgs5Int166getMD5Ev
                0x000000000800239c       0x1c ./Core/Src/mainpp.o
                0x000000000800239c                std_msgs::Int16::getMD5()
 .text._ZN8std_msgs7Float32C2Ev
                0x00000000080023b8       0x2c ./Core/Src/mainpp.o
                0x00000000080023b8                std_msgs::Float32::Float32()
                0x00000000080023b8                std_msgs::Float32::Float32()
 .text._ZNK8std_msgs7Float329serializeEPh
                0x00000000080023e4       0x64 ./Core/Src/mainpp.o
                0x00000000080023e4                std_msgs::Float32::serialize(unsigned char*) const
 .text._ZN8std_msgs7Float3211deserializeEPh
                0x0000000008002448       0x70 ./Core/Src/mainpp.o
                0x0000000008002448                std_msgs::Float32::deserialize(unsigned char*)
 .text._ZN8std_msgs7Float327getTypeEv
                0x00000000080024b8       0x1c ./Core/Src/mainpp.o
                0x00000000080024b8                std_msgs::Float32::getType()
 .text._ZN8std_msgs7Float326getMD5Ev
                0x00000000080024d4       0x1c ./Core/Src/mainpp.o
                0x00000000080024d4                std_msgs::Float32::getMD5()
 .text._ZN13geometry_msgs5PointC2Ev
                0x00000000080024f0       0x50 ./Core/Src/mainpp.o
                0x00000000080024f0                geometry_msgs::Point::Point()
                0x00000000080024f0                geometry_msgs::Point::Point()
 .text._ZNK13geometry_msgs5Point9serializeEPh
                0x0000000008002540      0x2e6 ./Core/Src/mainpp.o
                0x0000000008002540                geometry_msgs::Point::serialize(unsigned char*) const
 .text._ZN13geometry_msgs5Point11deserializeEPh
                0x0000000008002826      0x6be ./Core/Src/mainpp.o
                0x0000000008002826                geometry_msgs::Point::deserialize(unsigned char*)
 .text._ZN13geometry_msgs5Point7getTypeEv
                0x0000000008002ee4       0x1c ./Core/Src/mainpp.o
                0x0000000008002ee4                geometry_msgs::Point::getType()
 .text._ZN13geometry_msgs5Point6getMD5Ev
                0x0000000008002f00       0x1c ./Core/Src/mainpp.o
                0x0000000008002f00                geometry_msgs::Point::getMD5()
 .text._ZN13geometry_msgs10QuaternionC2Ev
                0x0000000008002f1c       0x5c ./Core/Src/mainpp.o
                0x0000000008002f1c                geometry_msgs::Quaternion::Quaternion()
                0x0000000008002f1c                geometry_msgs::Quaternion::Quaternion()
 .text._ZNK13geometry_msgs10Quaternion9serializeEPh
                0x0000000008002f78      0x3d4 ./Core/Src/mainpp.o
                0x0000000008002f78                geometry_msgs::Quaternion::serialize(unsigned char*) const
 .text._ZN13geometry_msgs10Quaternion11deserializeEPh
                0x000000000800334c      0x914 ./Core/Src/mainpp.o
                0x000000000800334c                geometry_msgs::Quaternion::deserialize(unsigned char*)
 .text._ZN13geometry_msgs10Quaternion7getTypeEv
                0x0000000008003c60       0x1c ./Core/Src/mainpp.o
                0x0000000008003c60                geometry_msgs::Quaternion::getType()
 .text._ZN13geometry_msgs10Quaternion6getMD5Ev
                0x0000000008003c7c       0x1c ./Core/Src/mainpp.o
                0x0000000008003c7c                geometry_msgs::Quaternion::getMD5()
 .text._ZN13geometry_msgs4PoseC2Ev
                0x0000000008003c98       0x38 ./Core/Src/mainpp.o
                0x0000000008003c98                geometry_msgs::Pose::Pose()
                0x0000000008003c98                geometry_msgs::Pose::Pose()
 .text._ZNK13geometry_msgs4Pose9serializeEPh
                0x0000000008003cd0       0x4c ./Core/Src/mainpp.o
                0x0000000008003cd0                geometry_msgs::Pose::serialize(unsigned char*) const
 .text._ZN13geometry_msgs4Pose11deserializeEPh
                0x0000000008003d1c       0x4c ./Core/Src/mainpp.o
                0x0000000008003d1c                geometry_msgs::Pose::deserialize(unsigned char*)
 .text._ZN13geometry_msgs4Pose7getTypeEv
                0x0000000008003d68       0x1c ./Core/Src/mainpp.o
                0x0000000008003d68                geometry_msgs::Pose::getType()
 .text._ZN13geometry_msgs4Pose6getMD5Ev
                0x0000000008003d84       0x1c ./Core/Src/mainpp.o
                0x0000000008003d84                geometry_msgs::Pose::getMD5()
 .text.readEncoderVel
                0x0000000008003da0       0xb8 ./Core/Src/mainpp.o
                0x0000000008003da0                readEncoderVel
 .text._Z3mapfffff
                0x0000000008003e58       0x5c ./Core/Src/mainpp.o
                0x0000000008003e58                map(float, float, float, float, float)
 .text._Z15vel_wl_CallbackRKN8std_msgs7Float32E
                0x0000000008003eb4       0x80 ./Core/Src/mainpp.o
                0x0000000008003eb4                vel_wl_Callback(std_msgs::Float32 const&)
 .text._Z15vel_wr_CallbackRKN8std_msgs7Float32E
                0x0000000008003f34       0x7c ./Core/Src/mainpp.o
                0x0000000008003f34                vel_wr_Callback(std_msgs::Float32 const&)
 .text.HAL_UART_TxCpltCallback
                0x0000000008003fb0       0x24 ./Core/Src/mainpp.o
                0x0000000008003fb0                HAL_UART_TxCpltCallback
 .text.HAL_UART_RxCpltCallback
                0x0000000008003fd4       0x24 ./Core/Src/mainpp.o
                0x0000000008003fd4                HAL_UART_RxCpltCallback
 .text.setup    0x0000000008003ff8       0x74 ./Core/Src/mainpp.o
                0x0000000008003ff8                setup
 .text.loop     0x000000000800406c       0xa0 ./Core/Src/mainpp.o
                0x000000000800406c                loop
 .text._ZN3ros3Msg8varToArrIPhmEEvT_T0_
                0x000000000800410c       0x3c ./Core/Src/mainpp.o
                0x000000000800410c                void ros::Msg::varToArr<unsigned char*, unsigned long>(unsigned char*, unsigned long)
 .text._ZN3ros3Msg8arrToVarImPhEEvRT_T0_
                0x0000000008004148       0x4a ./Core/Src/mainpp.o
                0x0000000008004148                void ros::Msg::arrToVar<unsigned long, unsigned char*>(unsigned long&, unsigned char*)
 *fill*         0x0000000008004192        0x2 
 .text._ZN3ros15NodeHandleBase_C2Ev
                0x0000000008004194       0x20 ./Core/Src/mainpp.o
                0x0000000008004194                ros::NodeHandleBase_::NodeHandleBase_()
                0x0000000008004194                ros::NodeHandleBase_::NodeHandleBase_()
 .text._ZN3ros11NodeHandle_I13STM32HardwareLi25ELi25ELi1024ELi1024EEC2Ev
                0x00000000080041b4      0x100 ./Core/Src/mainpp.o
                0x00000000080041b4                ros::NodeHandle_<STM32Hardware, 25, 25, 1024, 1024>::NodeHandle_()
                0x00000000080041b4                ros::NodeHandle_<STM32Hardware, 25, 25, 1024, 1024>::NodeHandle_()
 .text._ZN3ros11Subscriber_C2Ev
                0x00000000080042b4       0x20 ./Core/Src/mainpp.o
                0x00000000080042b4                ros::Subscriber_::Subscriber_()
                0x00000000080042b4                ros::Subscriber_::Subscriber_()
 .text._ZN3ros10SubscriberIN8std_msgs7Float32EvEC2EPKcPFvRKS2_Ei
                0x00000000080042d4       0x48 ./Core/Src/mainpp.o
                0x00000000080042d4                ros::Subscriber<std_msgs::Float32, void>::Subscriber(char const*, void (*)(std_msgs::Float32 const&), int)
                0x00000000080042d4                ros::Subscriber<std_msgs::Float32, void>::Subscriber(char const*, void (*)(std_msgs::Float32 const&), int)
 .text._ZN3ros11NodeHandle_I13STM32HardwareLi25ELi25ELi1024ELi1024EE11getHardwareEv
                0x000000000800431c       0x18 ./Core/Src/mainpp.o
                0x000000000800431c                ros::NodeHandle_<STM32Hardware, 25, 25, 1024, 1024>::getHardware()
 .text._ZN3ros11NodeHandle_I13STM32HardwareLi25ELi25ELi1024ELi1024EE8initNodeEv
                0x0000000008004334       0x3a ./Core/Src/mainpp.o
                0x0000000008004334                ros::NodeHandle_<STM32Hardware, 25, 25, 1024, 1024>::initNode()
 .text._ZN3ros11NodeHandle_I13STM32HardwareLi25ELi25ELi1024ELi1024EE9advertiseERNS_9PublisherE
                0x000000000800436e       0x60 ./Core/Src/mainpp.o
                0x000000000800436e                ros::NodeHandle_<STM32Hardware, 25, 25, 1024, 1024>::advertise(ros::Publisher&)
 .text._ZN3ros11NodeHandle_I13STM32HardwareLi25ELi25ELi1024ELi1024EE9subscribeINS_10SubscriberIN8std_msgs7Float32EvEEEEbRT_
                0x00000000080043ce       0x56 ./Core/Src/mainpp.o
                0x00000000080043ce                bool ros::NodeHandle_<STM32Hardware, 25, 25, 1024, 1024>::subscribe<ros::Subscriber<std_msgs::Float32, void> >(ros::Subscriber<std_msgs::Float32, void>&)
 .text._ZN3ros11NodeHandle_I13STM32HardwareLi25ELi25ELi1024ELi1024EE9connectedEv
                0x0000000008004424       0x1a ./Core/Src/mainpp.o
                0x0000000008004424                ros::NodeHandle_<STM32Hardware, 25, 25, 1024, 1024>::connected()
 .text._ZN3ros11NodeHandle_I13STM32HardwareLi25ELi25ELi1024ELi1024EE8spinOnceEv
                0x000000000800443e      0x3b2 ./Core/Src/mainpp.o
                0x000000000800443e                ros::NodeHandle_<STM32Hardware, 25, 25, 1024, 1024>::spinOnce()
 .text._ZN3ros11NodeHandle_I13STM32HardwareLi25ELi25ELi1024ELi1024EE15requestSyncTimeEv
                0x00000000080047f0       0x3c ./Core/Src/mainpp.o
                0x00000000080047f0                ros::NodeHandle_<STM32Hardware, 25, 25, 1024, 1024>::requestSyncTime()
 .text._ZN3ros11NodeHandle_I13STM32HardwareLi25ELi25ELi1024ELi1024EE15negotiateTopicsEv
                0x000000000800482c      0x1be ./Core/Src/mainpp.o
                0x000000000800482c                ros::NodeHandle_<STM32Hardware, 25, 25, 1024, 1024>::negotiateTopics()
 *fill*         0x00000000080049ea        0x2 
 .text._ZN3ros11NodeHandle_I13STM32HardwareLi25ELi25ELi1024ELi1024EE8syncTimeEPh
                0x00000000080049ec       0x98 ./Core/Src/mainpp.o
                0x00000000080049ec                ros::NodeHandle_<STM32Hardware, 25, 25, 1024, 1024>::syncTime(unsigned char*)
 .text._ZN3ros11NodeHandle_I13STM32HardwareLi25ELi25ELi1024ELi1024EE7publishEiPKNS_3MsgE
                0x0000000008004a84      0x128 ./Core/Src/mainpp.o
                0x0000000008004a84                ros::NodeHandle_<STM32Hardware, 25, 25, 1024, 1024>::publish(int, ros::Msg const*)
 .text._ZN3ros11NodeHandle_I13STM32HardwareLi25ELi25ELi1024ELi1024EE6setNowERNS_4TimeE
                0x0000000008004bac       0x80 ./Core/Src/mainpp.o
                0x0000000008004bac                ros::NodeHandle_<STM32Hardware, 25, 25, 1024, 1024>::setNow(ros::Time&)
 .text._ZN3ros11NodeHandle_I13STM32HardwareLi25ELi25ELi1024ELi1024EE8logerrorEPKc
                0x0000000008004c2c       0x1c ./Core/Src/mainpp.o
                0x0000000008004c2c                ros::NodeHandle_<STM32Hardware, 25, 25, 1024, 1024>::logerror(char const*)
 .text._ZN3ros11NodeHandle_I13STM32HardwareLi25ELi25ELi1024ELi1024EE3logEcPKc
                0x0000000008004c48       0x38 ./Core/Src/mainpp.o
                0x0000000008004c48                ros::NodeHandle_<STM32Hardware, 25, 25, 1024, 1024>::log(char, char const*)
 .text._Z41__static_initialization_and_destruction_0ii
                0x0000000008004c80       0xb8 ./Core/Src/mainpp.o
 .text._ZN3ros10SubscriberIN8std_msgs7Float32EvE8callbackEPh
                0x0000000008004d38       0x2a ./Core/Src/mainpp.o
                0x0000000008004d38                ros::Subscriber<std_msgs::Float32, void>::callback(unsigned char*)
 .text._ZN3ros10SubscriberIN8std_msgs7Float32EvE15getEndpointTypeEv
                0x0000000008004d62       0x18 ./Core/Src/mainpp.o
                0x0000000008004d62                ros::Subscriber<std_msgs::Float32, void>::getEndpointType()
 .text._ZN3ros10SubscriberIN8std_msgs7Float32EvE10getMsgTypeEv
                0x0000000008004d7a       0x1c ./Core/Src/mainpp.o
                0x0000000008004d7a                ros::Subscriber<std_msgs::Float32, void>::getMsgType()
 .text._ZN3ros10SubscriberIN8std_msgs7Float32EvE9getMsgMD5Ev
                0x0000000008004d96       0x1c ./Core/Src/mainpp.o
                0x0000000008004d96                ros::Subscriber<std_msgs::Float32, void>::getMsgMD5()
 .text._GLOBAL__sub_I_nh
                0x0000000008004db2       0x10 ./Core/Src/mainpp.o
 *fill*         0x0000000008004dc2        0x2 
 .text.HAL_MspInit
                0x0000000008004dc4       0x34 ./Core/Src/stm32h7xx_hal_msp.o
                0x0000000008004dc4                HAL_MspInit
 .text.HAL_TIM_Base_MspInit
                0x0000000008004df8       0xa8 ./Core/Src/stm32h7xx_hal_msp.o
                0x0000000008004df8                HAL_TIM_Base_MspInit
 .text.HAL_TIM_Encoder_MspInit
                0x0000000008004ea0      0x104 ./Core/Src/stm32h7xx_hal_msp.o
                0x0000000008004ea0                HAL_TIM_Encoder_MspInit
 .text.HAL_TIM_MspPostInit
                0x0000000008004fa4       0xc0 ./Core/Src/stm32h7xx_hal_msp.o
                0x0000000008004fa4                HAL_TIM_MspPostInit
 .text.HAL_UART_MspInit
                0x0000000008005064      0x1b0 ./Core/Src/stm32h7xx_hal_msp.o
                0x0000000008005064                HAL_UART_MspInit
 .text.HAL_PCD_MspInit
                0x0000000008005214      0x118 ./Core/Src/stm32h7xx_hal_msp.o
                0x0000000008005214                HAL_PCD_MspInit
 .text.NMI_Handler
                0x000000000800532c        0x6 ./Core/Src/stm32h7xx_it.o
                0x000000000800532c                NMI_Handler
 .text.HardFault_Handler
                0x0000000008005332        0x6 ./Core/Src/stm32h7xx_it.o
                0x0000000008005332                HardFault_Handler
 .text.MemManage_Handler
                0x0000000008005338        0x6 ./Core/Src/stm32h7xx_it.o
                0x0000000008005338                MemManage_Handler
 .text.BusFault_Handler
                0x000000000800533e        0x6 ./Core/Src/stm32h7xx_it.o
                0x000000000800533e                BusFault_Handler
 .text.UsageFault_Handler
                0x0000000008005344        0x6 ./Core/Src/stm32h7xx_it.o
                0x0000000008005344                UsageFault_Handler
 .text.SVC_Handler
                0x000000000800534a        0xe ./Core/Src/stm32h7xx_it.o
                0x000000000800534a                SVC_Handler
 .text.DebugMon_Handler
                0x0000000008005358        0xe ./Core/Src/stm32h7xx_it.o
                0x0000000008005358                DebugMon_Handler
 .text.PendSV_Handler
                0x0000000008005366        0xe ./Core/Src/stm32h7xx_it.o
                0x0000000008005366                PendSV_Handler
 .text.SysTick_Handler
                0x0000000008005374        0xc ./Core/Src/stm32h7xx_it.o
                0x0000000008005374                SysTick_Handler
 .text.DMA1_Stream0_IRQHandler
                0x0000000008005380       0x14 ./Core/Src/stm32h7xx_it.o
                0x0000000008005380                DMA1_Stream0_IRQHandler
 .text.DMA1_Stream1_IRQHandler
                0x0000000008005394       0x14 ./Core/Src/stm32h7xx_it.o
                0x0000000008005394                DMA1_Stream1_IRQHandler
 .text.TIM1_UP_IRQHandler
                0x00000000080053a8       0x14 ./Core/Src/stm32h7xx_it.o
                0x00000000080053a8                TIM1_UP_IRQHandler
 .text.USART3_IRQHandler
                0x00000000080053bc       0x14 ./Core/Src/stm32h7xx_it.o
                0x00000000080053bc                USART3_IRQHandler
 .text._getpid  0x00000000080053d0       0x10 ./Core/Src/syscalls.o
                0x00000000080053d0                _getpid
 .text._kill    0x00000000080053e0       0x20 ./Core/Src/syscalls.o
                0x00000000080053e0                _kill
 .text._exit    0x0000000008005400       0x14 ./Core/Src/syscalls.o
                0x0000000008005400                _exit
 .text._read    0x0000000008005414       0x3a ./Core/Src/syscalls.o
                0x0000000008005414                _read
 .text._write   0x000000000800544e       0x38 ./Core/Src/syscalls.o
                0x000000000800544e                _write
 .text._close   0x0000000008005486       0x18 ./Core/Src/syscalls.o
                0x0000000008005486                _close
 .text._fstat   0x000000000800549e       0x20 ./Core/Src/syscalls.o
                0x000000000800549e                _fstat
 .text._isatty  0x00000000080054be       0x16 ./Core/Src/syscalls.o
                0x00000000080054be                _isatty
 .text._lseek   0x00000000080054d4       0x1a ./Core/Src/syscalls.o
                0x00000000080054d4                _lseek
 *fill*         0x00000000080054ee        0x2 
 .text._sbrk    0x00000000080054f0       0x6c ./Core/Src/sysmem.o
                0x00000000080054f0                _sbrk
 .text.Reset_Handler
                0x000000000800555c       0x50 ./Core/Startup/startup_stm32h745zitx.o
                0x000000000800555c                Reset_Handler
 .text.Default_Handler
                0x00000000080055ac        0x2 ./Core/Startup/startup_stm32h745zitx.o
                0x00000000080055ac                RTC_Alarm_IRQHandler
                0x00000000080055ac                EXTI2_IRQHandler
                0x00000000080055ac                TIM8_CC_IRQHandler
                0x00000000080055ac                HRTIM1_Master_IRQHandler
                0x00000000080055ac                UART8_IRQHandler
                0x00000000080055ac                SPI4_IRQHandler
                0x00000000080055ac                TIM1_CC_IRQHandler
                0x00000000080055ac                BDMA_Channel6_IRQHandler
                0x00000000080055ac                DMA2_Stream5_IRQHandler
                0x00000000080055ac                HRTIM1_FLT_IRQHandler
                0x00000000080055ac                JPEG_IRQHandler
                0x00000000080055ac                DMA1_Stream5_IRQHandler
                0x00000000080055ac                BDMA_Channel1_IRQHandler
                0x00000000080055ac                HRTIM1_TIMD_IRQHandler
                0x00000000080055ac                TAMP_STAMP_IRQHandler
                0x00000000080055ac                EXTI3_IRQHandler
                0x00000000080055ac                LPTIM4_IRQHandler
                0x00000000080055ac                TIM8_TRG_COM_TIM14_IRQHandler
                0x00000000080055ac                LPTIM2_IRQHandler
                0x00000000080055ac                DFSDM1_FLT1_IRQHandler
                0x00000000080055ac                DMAMUX2_OVR_IRQHandler
                0x00000000080055ac                TIM8_UP_TIM13_IRQHandler
                0x00000000080055ac                I2C3_ER_IRQHandler
                0x00000000080055ac                DFSDM1_FLT2_IRQHandler
                0x00000000080055ac                MDMA_IRQHandler
                0x00000000080055ac                LPTIM3_IRQHandler
                0x00000000080055ac                HSEM1_IRQHandler
                0x00000000080055ac                EXTI0_IRQHandler
                0x00000000080055ac                I2C2_EV_IRQHandler
                0x00000000080055ac                DMA1_Stream2_IRQHandler
                0x00000000080055ac                FPU_IRQHandler
                0x00000000080055ac                OTG_HS_WKUP_IRQHandler
                0x00000000080055ac                FDCAN1_IT1_IRQHandler
                0x00000000080055ac                LTDC_ER_IRQHandler
                0x00000000080055ac                DMA2_Stream2_IRQHandler
                0x00000000080055ac                HRTIM1_TIME_IRQHandler
                0x00000000080055ac                SPI1_IRQHandler
                0x00000000080055ac                TIM6_DAC_IRQHandler
                0x00000000080055ac                DCMI_IRQHandler
                0x00000000080055ac                HRTIM1_TIMC_IRQHandler
                0x00000000080055ac                DMA2_Stream3_IRQHandler
                0x00000000080055ac                SAI2_IRQHandler
                0x00000000080055ac                DFSDM1_FLT3_IRQHandler
                0x00000000080055ac                USART6_IRQHandler
                0x00000000080055ac                TIM17_IRQHandler
                0x00000000080055ac                BDMA_Channel7_IRQHandler
                0x00000000080055ac                LPTIM5_IRQHandler
                0x00000000080055ac                UART5_IRQHandler
                0x00000000080055ac                ADC3_IRQHandler
                0x00000000080055ac                DMA2_Stream0_IRQHandler
                0x00000000080055ac                TIM4_IRQHandler
                0x00000000080055ac                BDMA_Channel2_IRQHandler
                0x00000000080055ac                QUADSPI_IRQHandler
                0x00000000080055ac                I2C1_EV_IRQHandler
                0x00000000080055ac                DMA1_Stream6_IRQHandler
                0x00000000080055ac                DMAMUX1_OVR_IRQHandler
                0x00000000080055ac                TIM16_IRQHandler
                0x00000000080055ac                UART4_IRQHandler
                0x00000000080055ac                BDMA_Channel5_IRQHandler
                0x00000000080055ac                TIM3_IRQHandler
                0x00000000080055ac                RCC_IRQHandler
                0x00000000080055ac                TIM8_BRK_TIM12_IRQHandler
                0x00000000080055ac                TIM1_TRG_COM_IRQHandler
                0x00000000080055ac                Default_Handler
                0x00000000080055ac                ECC_IRQHandler
                0x00000000080055ac                CEC_IRQHandler
                0x00000000080055ac                EXTI15_10_IRQHandler
                0x00000000080055ac                BDMA_Channel0_IRQHandler
                0x00000000080055ac                ADC_IRQHandler
                0x00000000080055ac                DMA1_Stream7_IRQHandler
                0x00000000080055ac                HRTIM1_TIMA_IRQHandler
                0x00000000080055ac                SPI5_IRQHandler
                0x00000000080055ac                TIM7_IRQHandler
                0x00000000080055ac                SDMMC1_IRQHandler
                0x00000000080055ac                TIM5_IRQHandler
                0x00000000080055ac                DMA2_Stream7_IRQHandler
                0x00000000080055ac                TIM15_IRQHandler
                0x00000000080055ac                PVD_AVD_IRQHandler
                0x00000000080055ac                I2C3_EV_IRQHandler
                0x00000000080055ac                EXTI9_5_IRQHandler
                0x00000000080055ac                RTC_WKUP_IRQHandler
                0x00000000080055ac                LTDC_IRQHandler
                0x00000000080055ac                SAI3_IRQHandler
                0x00000000080055ac                ETH_WKUP_IRQHandler
                0x00000000080055ac                SPDIF_RX_IRQHandler
                0x00000000080055ac                SPI2_IRQHandler
                0x00000000080055ac                OTG_HS_EP1_IN_IRQHandler
                0x00000000080055ac                CRS_IRQHandler
                0x00000000080055ac                CM7_SEV_IRQHandler
                0x00000000080055ac                EXTI4_IRQHandler
                0x00000000080055ac                RNG_IRQHandler
                0x00000000080055ac                CM4_SEV_IRQHandler
                0x00000000080055ac                HRTIM1_TIMB_IRQHandler
                0x00000000080055ac                FDCAN2_IT1_IRQHandler
                0x00000000080055ac                ETH_IRQHandler
                0x00000000080055ac                WWDG_RST_IRQHandler
                0x00000000080055ac                BDMA_Channel4_IRQHandler
                0x00000000080055ac                OTG_HS_EP1_OUT_IRQHandler
                0x00000000080055ac                WWDG_IRQHandler
                0x00000000080055ac                SPI6_IRQHandler
                0x00000000080055ac                MDIOS_IRQHandler
                0x00000000080055ac                I2C4_EV_IRQHandler
                0x00000000080055ac                FDCAN2_IT0_IRQHandler
                0x00000000080055ac                LPUART1_IRQHandler
                0x00000000080055ac                FDCAN1_IT0_IRQHandler
                0x00000000080055ac                TIM2_IRQHandler
                0x00000000080055ac                OTG_FS_WKUP_IRQHandler
                0x00000000080055ac                OTG_HS_IRQHandler
                0x00000000080055ac                HSEM2_IRQHandler
                0x00000000080055ac                DMA2D_IRQHandler
                0x00000000080055ac                TIM1_BRK_IRQHandler
                0x00000000080055ac                EXTI1_IRQHandler
                0x00000000080055ac                SDMMC2_IRQHandler
                0x00000000080055ac                OTG_FS_EP1_OUT_IRQHandler
                0x00000000080055ac                BDMA_Channel3_IRQHandler
                0x00000000080055ac                HOLD_CORE_IRQHandler
                0x00000000080055ac                UART7_IRQHandler
                0x00000000080055ac                MDIOS_WKUP_IRQHandler
                0x00000000080055ac                USART2_IRQHandler
                0x00000000080055ac                DFSDM1_FLT0_IRQHandler
                0x00000000080055ac                SAI4_IRQHandler
                0x00000000080055ac                I2C2_ER_IRQHandler
                0x00000000080055ac                DMA2_Stream1_IRQHandler
                0x00000000080055ac                FLASH_IRQHandler
                0x00000000080055ac                DMA2_Stream4_IRQHandler
                0x00000000080055ac                USART1_IRQHandler
                0x00000000080055ac                OTG_FS_IRQHandler
                0x00000000080055ac                SPI3_IRQHandler
                0x00000000080055ac                WAKEUP_PIN_IRQHandler
                0x00000000080055ac                DMA1_Stream4_IRQHandler
                0x00000000080055ac                OTG_FS_EP1_IN_IRQHandler
                0x00000000080055ac                I2C1_ER_IRQHandler
                0x00000000080055ac                FMC_IRQHandler
                0x00000000080055ac                FDCAN_CAL_IRQHandler
                0x00000000080055ac                SWPMI1_IRQHandler
                0x00000000080055ac                COMP1_IRQHandler
                0x00000000080055ac                LPTIM1_IRQHandler
                0x00000000080055ac                I2C4_ER_IRQHandler
                0x00000000080055ac                DMA2_Stream6_IRQHandler
                0x00000000080055ac                SAI1_IRQHandler
                0x00000000080055ac                DMA1_Stream3_IRQHandler
 *fill*         0x00000000080055ae        0x2 
 .text.HAL_Init
                0x00000000080055b0       0x78 ./Drivers/STM32H7xx_HAL_Driver/stm32h7xx_hal.o
                0x00000000080055b0                HAL_Init
 .text.HAL_InitTick
                0x0000000008005628       0x6c ./Drivers/STM32H7xx_HAL_Driver/stm32h7xx_hal.o
                0x0000000008005628                HAL_InitTick
 .text.HAL_IncTick
                0x0000000008005694       0x28 ./Drivers/STM32H7xx_HAL_Driver/stm32h7xx_hal.o
                0x0000000008005694                HAL_IncTick
 .text.HAL_GetTick
                0x00000000080056bc       0x18 ./Drivers/STM32H7xx_HAL_Driver/stm32h7xx_hal.o
                0x00000000080056bc                HAL_GetTick
 .text.HAL_Delay
                0x00000000080056d4       0x48 ./Drivers/STM32H7xx_HAL_Driver/stm32h7xx_hal.o
                0x00000000080056d4                HAL_Delay
 .text.HAL_GetREVID
                0x000000000800571c       0x18 ./Drivers/STM32H7xx_HAL_Driver/stm32h7xx_hal.o
                0x000000000800571c                HAL_GetREVID
 .text.__NVIC_SetPriorityGrouping
                0x0000000008005734       0x48 ./Drivers/STM32H7xx_HAL_Driver/stm32h7xx_hal_cortex.o
 .text.__NVIC_GetPriorityGrouping
                0x000000000800577c       0x1c ./Drivers/STM32H7xx_HAL_Driver/stm32h7xx_hal_cortex.o
 .text.__NVIC_EnableIRQ
                0x0000000008005798       0x3c ./Drivers/STM32H7xx_HAL_Driver/stm32h7xx_hal_cortex.o
 .text.__NVIC_SetPriority
                0x00000000080057d4       0x54 ./Drivers/STM32H7xx_HAL_Driver/stm32h7xx_hal_cortex.o
 .text.NVIC_EncodePriority
                0x0000000008005828       0x66 ./Drivers/STM32H7xx_HAL_Driver/stm32h7xx_hal_cortex.o
 *fill*         0x000000000800588e        0x2 
 .text.SysTick_Config
                0x0000000008005890       0x44 ./Drivers/STM32H7xx_HAL_Driver/stm32h7xx_hal_cortex.o
 .text.HAL_NVIC_SetPriorityGrouping
                0x00000000080058d4       0x16 ./Drivers/STM32H7xx_HAL_Driver/stm32h7xx_hal_cortex.o
                0x00000000080058d4                HAL_NVIC_SetPriorityGrouping
 .text.HAL_NVIC_SetPriority
                0x00000000080058ea       0x34 ./Drivers/STM32H7xx_HAL_Driver/stm32h7xx_hal_cortex.o
                0x00000000080058ea                HAL_NVIC_SetPriority
 .text.HAL_NVIC_EnableIRQ
                0x000000000800591e       0x1c ./Drivers/STM32H7xx_HAL_Driver/stm32h7xx_hal_cortex.o
                0x000000000800591e                HAL_NVIC_EnableIRQ
 .text.HAL_SYSTICK_Config
                0x000000000800593a       0x18 ./Drivers/STM32H7xx_HAL_Driver/stm32h7xx_hal_cortex.o
                0x000000000800593a                HAL_SYSTICK_Config
 *fill*         0x0000000008005952        0x2 
 .text.HAL_DMA_Init
                0x0000000008005954      0x6b8 ./Drivers/STM32H7xx_HAL_Driver/stm32h7xx_hal_dma.o
                0x0000000008005954                HAL_DMA_Init
 .text.HAL_DMA_Start_IT
                0x000000000800600c      0x4d4 ./Drivers/STM32H7xx_HAL_Driver/stm32h7xx_hal_dma.o
                0x000000000800600c                HAL_DMA_Start_IT
 .text.HAL_DMA_Abort
                0x00000000080064e0      0x63c ./Drivers/STM32H7xx_HAL_Driver/stm32h7xx_hal_dma.o
                0x00000000080064e0                HAL_DMA_Abort
 .text.HAL_DMA_Abort_IT
                0x0000000008006b1c      0x48c ./Drivers/STM32H7xx_HAL_Driver/stm32h7xx_hal_dma.o
                0x0000000008006b1c                HAL_DMA_Abort_IT
 .text.HAL_DMA_IRQHandler
                0x0000000008006fa8      0xe54 ./Drivers/STM32H7xx_HAL_Driver/stm32h7xx_hal_dma.o
                0x0000000008006fa8                HAL_DMA_IRQHandler
 .text.DMA_SetConfig
                0x0000000008007dfc      0x358 ./Drivers/STM32H7xx_HAL_Driver/stm32h7xx_hal_dma.o
 .text.DMA_CalcBaseAndBitshift
                0x0000000008008154      0x164 ./Drivers/STM32H7xx_HAL_Driver/stm32h7xx_hal_dma.o
 .text.DMA_CheckFifoParam
                0x00000000080082b8       0xf8 ./Drivers/STM32H7xx_HAL_Driver/stm32h7xx_hal_dma.o
 .text.DMA_CalcDMAMUXChannelBaseAndMask
                0x00000000080083b0      0x134 ./Drivers/STM32H7xx_HAL_Driver/stm32h7xx_hal_dma.o
 .text.DMA_CalcDMAMUXRequestGenBaseAndMask
                0x00000000080084e4       0xe8 ./Drivers/STM32H7xx_HAL_Driver/stm32h7xx_hal_dma.o
 .text.HAL_GPIO_Init
                0x00000000080085cc      0x360 ./Drivers/STM32H7xx_HAL_Driver/stm32h7xx_hal_gpio.o
                0x00000000080085cc                HAL_GPIO_Init
 .text.HAL_GPIO_WritePin
                0x000000000800892c       0x32 ./Drivers/STM32H7xx_HAL_Driver/stm32h7xx_hal_gpio.o
                0x000000000800892c                HAL_GPIO_WritePin
 .text.HAL_GPIO_TogglePin
                0x000000000800895e       0x34 ./Drivers/STM32H7xx_HAL_Driver/stm32h7xx_hal_gpio.o
                0x000000000800895e                HAL_GPIO_TogglePin
 *fill*         0x0000000008008992        0x2 
 .text.HAL_HSEM_FastTake
                0x0000000008008994       0x34 ./Drivers/STM32H7xx_HAL_Driver/stm32h7xx_hal_hsem.o
                0x0000000008008994                HAL_HSEM_FastTake
 .text.HAL_HSEM_Release
                0x00000000080089c8       0x28 ./Drivers/STM32H7xx_HAL_Driver/stm32h7xx_hal_hsem.o
                0x00000000080089c8                HAL_HSEM_Release
 .text.HAL_PCD_Init
                0x00000000080089f0      0x248 ./Drivers/STM32H7xx_HAL_Driver/stm32h7xx_hal_pcd.o
                0x00000000080089f0                HAL_PCD_Init
 .text.HAL_PCDEx_ActivateLPM
                0x0000000008008c38       0x48 ./Drivers/STM32H7xx_HAL_Driver/stm32h7xx_hal_pcd_ex.o
                0x0000000008008c38                HAL_PCDEx_ActivateLPM
 .text.HAL_PWREx_ConfigSupply
                0x0000000008008c80       0xb4 ./Drivers/STM32H7xx_HAL_Driver/stm32h7xx_hal_pwr_ex.o
                0x0000000008008c80                HAL_PWREx_ConfigSupply
 .text.HAL_PWREx_EnableUSBVoltageDetector
                0x0000000008008d34       0x20 ./Drivers/STM32H7xx_HAL_Driver/stm32h7xx_hal_pwr_ex.o
                0x0000000008008d34                HAL_PWREx_EnableUSBVoltageDetector
 .text.HAL_RCC_OscConfig
                0x0000000008008d54      0x8b4 ./Drivers/STM32H7xx_HAL_Driver/stm32h7xx_hal_rcc.o
                0x0000000008008d54                HAL_RCC_OscConfig
 .text.HAL_RCC_ClockConfig
                0x0000000008009608      0x36c ./Drivers/STM32H7xx_HAL_Driver/stm32h7xx_hal_rcc.o
                0x0000000008009608                HAL_RCC_ClockConfig
 .text.HAL_RCC_GetSysClockFreq
                0x0000000008009974      0x2f4 ./Drivers/STM32H7xx_HAL_Driver/stm32h7xx_hal_rcc.o
                0x0000000008009974                HAL_RCC_GetSysClockFreq
 .text.HAL_RCC_GetHCLKFreq
                0x0000000008009c68       0x60 ./Drivers/STM32H7xx_HAL_Driver/stm32h7xx_hal_rcc.o
                0x0000000008009c68                HAL_RCC_GetHCLKFreq
 .text.HAL_RCC_GetPCLK1Freq
                0x0000000008009cc8       0x2c ./Drivers/STM32H7xx_HAL_Driver/stm32h7xx_hal_rcc.o
                0x0000000008009cc8                HAL_RCC_GetPCLK1Freq
 .text.HAL_RCC_GetPCLK2Freq
                0x0000000008009cf4       0x2c ./Drivers/STM32H7xx_HAL_Driver/stm32h7xx_hal_rcc.o
                0x0000000008009cf4                HAL_RCC_GetPCLK2Freq
 .text.HAL_RCCEx_PeriphCLKConfig
                0x0000000008009d20     0x1414 ./Drivers/STM32H7xx_HAL_Driver/stm32h7xx_hal_rcc_ex.o
                0x0000000008009d20                HAL_RCCEx_PeriphCLKConfig
 .text.HAL_RCCEx_GetD3PCLK1Freq
                0x000000000800b134       0x2c ./Drivers/STM32H7xx_HAL_Driver/stm32h7xx_hal_rcc_ex.o
                0x000000000800b134                HAL_RCCEx_GetD3PCLK1Freq
 .text.HAL_RCCEx_GetPLL2ClockFreq
                0x000000000800b160      0x2a8 ./Drivers/STM32H7xx_HAL_Driver/stm32h7xx_hal_rcc_ex.o
                0x000000000800b160                HAL_RCCEx_GetPLL2ClockFreq
 .text.HAL_RCCEx_GetPLL3ClockFreq
                0x000000000800b408      0x2a8 ./Drivers/STM32H7xx_HAL_Driver/stm32h7xx_hal_rcc_ex.o
                0x000000000800b408                HAL_RCCEx_GetPLL3ClockFreq
 .text.RCCEx_PLL2_Config
                0x000000000800b6b0      0x164 ./Drivers/STM32H7xx_HAL_Driver/stm32h7xx_hal_rcc_ex.o
 .text.RCCEx_PLL3_Config
                0x000000000800b814      0x164 ./Drivers/STM32H7xx_HAL_Driver/stm32h7xx_hal_rcc_ex.o
 .text.HAL_TIM_Base_Init
                0x000000000800b978       0xae ./Drivers/STM32H7xx_HAL_Driver/stm32h7xx_hal_tim.o
                0x000000000800b978                HAL_TIM_Base_Init
 *fill*         0x000000000800ba26        0x2 
 .text.HAL_TIM_Base_Start_IT
                0x000000000800ba28       0xf0 ./Drivers/STM32H7xx_HAL_Driver/stm32h7xx_hal_tim.o
                0x000000000800ba28                HAL_TIM_Base_Start_IT
 .text.HAL_TIM_PWM_Init
                0x000000000800bb18       0xae ./Drivers/STM32H7xx_HAL_Driver/stm32h7xx_hal_tim.o
                0x000000000800bb18                HAL_TIM_PWM_Init
 .text.HAL_TIM_PWM_MspInit
                0x000000000800bbc6       0x14 ./Drivers/STM32H7xx_HAL_Driver/stm32h7xx_hal_tim.o
                0x000000000800bbc6                HAL_TIM_PWM_MspInit
 *fill*         0x000000000800bbda        0x2 
 .text.HAL_TIM_PWM_Start
                0x000000000800bbdc      0x21c ./Drivers/STM32H7xx_HAL_Driver/stm32h7xx_hal_tim.o
                0x000000000800bbdc                HAL_TIM_PWM_Start
 .text.HAL_TIM_Encoder_Init
                0x000000000800bdf8      0x14c ./Drivers/STM32H7xx_HAL_Driver/stm32h7xx_hal_tim.o
                0x000000000800bdf8                HAL_TIM_Encoder_Init
 .text.HAL_TIM_Encoder_Start
                0x000000000800bf44      0x11c ./Drivers/STM32H7xx_HAL_Driver/stm32h7xx_hal_tim.o
                0x000000000800bf44                HAL_TIM_Encoder_Start
 .text.HAL_TIM_IRQHandler
                0x000000000800c060      0x23e ./Drivers/STM32H7xx_HAL_Driver/stm32h7xx_hal_tim.o
                0x000000000800c060                HAL_TIM_IRQHandler
 *fill*         0x000000000800c29e        0x2 
 .text.HAL_TIM_PWM_ConfigChannel
                0x000000000800c2a0      0x228 ./Drivers/STM32H7xx_HAL_Driver/stm32h7xx_hal_tim.o
                0x000000000800c2a0                HAL_TIM_PWM_ConfigChannel
 .text.HAL_TIM_ConfigClockSource
                0x000000000800c4c8      0x1f0 ./Drivers/STM32H7xx_HAL_Driver/stm32h7xx_hal_tim.o
                0x000000000800c4c8                HAL_TIM_ConfigClockSource
 .text.HAL_TIM_OC_DelayElapsedCallback
                0x000000000800c6b8       0x14 ./Drivers/STM32H7xx_HAL_Driver/stm32h7xx_hal_tim.o
                0x000000000800c6b8                HAL_TIM_OC_DelayElapsedCallback
 .text.HAL_TIM_IC_CaptureCallback
                0x000000000800c6cc       0x14 ./Drivers/STM32H7xx_HAL_Driver/stm32h7xx_hal_tim.o
                0x000000000800c6cc                HAL_TIM_IC_CaptureCallback
 .text.HAL_TIM_PWM_PulseFinishedCallback
                0x000000000800c6e0       0x14 ./Drivers/STM32H7xx_HAL_Driver/stm32h7xx_hal_tim.o
                0x000000000800c6e0                HAL_TIM_PWM_PulseFinishedCallback
 .text.HAL_TIM_TriggerCallback
                0x000000000800c6f4       0x14 ./Drivers/STM32H7xx_HAL_Driver/stm32h7xx_hal_tim.o
                0x000000000800c6f4                HAL_TIM_TriggerCallback
 .text.TIM_Base_SetConfig
                0x000000000800c708      0x134 ./Drivers/STM32H7xx_HAL_Driver/stm32h7xx_hal_tim.o
                0x000000000800c708                TIM_Base_SetConfig
 .text.TIM_OC1_SetConfig
                0x000000000800c83c      0x120 ./Drivers/STM32H7xx_HAL_Driver/stm32h7xx_hal_tim.o
 .text.TIM_OC2_SetConfig
                0x000000000800c95c      0x114 ./Drivers/STM32H7xx_HAL_Driver/stm32h7xx_hal_tim.o
                0x000000000800c95c                TIM_OC2_SetConfig
 .text.TIM_OC3_SetConfig
                0x000000000800ca70      0x110 ./Drivers/STM32H7xx_HAL_Driver/stm32h7xx_hal_tim.o
 .text.TIM_OC4_SetConfig
                0x000000000800cb80       0xd4 ./Drivers/STM32H7xx_HAL_Driver/stm32h7xx_hal_tim.o
 .text.TIM_OC5_SetConfig
                0x000000000800cc54       0xc8 ./Drivers/STM32H7xx_HAL_Driver/stm32h7xx_hal_tim.o
 .text.TIM_OC6_SetConfig
                0x000000000800cd1c       0xcc ./Drivers/STM32H7xx_HAL_Driver/stm32h7xx_hal_tim.o
 .text.TIM_TI1_ConfigInputStage
                0x000000000800cde8       0x5e ./Drivers/STM32H7xx_HAL_Driver/stm32h7xx_hal_tim.o
 .text.TIM_TI2_ConfigInputStage
                0x000000000800ce46       0x60 ./Drivers/STM32H7xx_HAL_Driver/stm32h7xx_hal_tim.o
 *fill*         0x000000000800cea6        0x2 
 .text.TIM_ITRx_SetConfig
                0x000000000800cea8       0x3c ./Drivers/STM32H7xx_HAL_Driver/stm32h7xx_hal_tim.o
 .text.TIM_ETR_SetConfig
                0x000000000800cee4       0x40 ./Drivers/STM32H7xx_HAL_Driver/stm32h7xx_hal_tim.o
                0x000000000800cee4                TIM_ETR_SetConfig
 .text.TIM_CCxChannelCmd
                0x000000000800cf24       0x4a ./Drivers/STM32H7xx_HAL_Driver/stm32h7xx_hal_tim.o
                0x000000000800cf24                TIM_CCxChannelCmd
 *fill*         0x000000000800cf6e        0x2 
 .text.HAL_TIMEx_MasterConfigSynchronization
                0x000000000800cf70      0x11c ./Drivers/STM32H7xx_HAL_Driver/stm32h7xx_hal_tim_ex.o
                0x000000000800cf70                HAL_TIMEx_MasterConfigSynchronization
 .text.HAL_TIMEx_CommutCallback
                0x000000000800d08c       0x14 ./Drivers/STM32H7xx_HAL_Driver/stm32h7xx_hal_tim_ex.o
                0x000000000800d08c                HAL_TIMEx_CommutCallback
 .text.HAL_TIMEx_BreakCallback
                0x000000000800d0a0       0x14 ./Drivers/STM32H7xx_HAL_Driver/stm32h7xx_hal_tim_ex.o
                0x000000000800d0a0                HAL_TIMEx_BreakCallback
 .text.HAL_TIMEx_Break2Callback
                0x000000000800d0b4       0x14 ./Drivers/STM32H7xx_HAL_Driver/stm32h7xx_hal_tim_ex.o
                0x000000000800d0b4                HAL_TIMEx_Break2Callback
 .text.HAL_UART_Init
                0x000000000800d0c8       0xa0 ./Drivers/STM32H7xx_HAL_Driver/stm32h7xx_hal_uart.o
                0x000000000800d0c8                HAL_UART_Init
 .text.HAL_UART_Transmit_DMA
                0x000000000800d168      0x100 ./Drivers/STM32H7xx_HAL_Driver/stm32h7xx_hal_uart.o
                0x000000000800d168                HAL_UART_Transmit_DMA
 .text.HAL_UART_Receive_DMA
                0x000000000800d268       0x98 ./Drivers/STM32H7xx_HAL_Driver/stm32h7xx_hal_uart.o
                0x000000000800d268                HAL_UART_Receive_DMA
 .text.HAL_UART_IRQHandler
                0x000000000800d300      0x774 ./Drivers/STM32H7xx_HAL_Driver/stm32h7xx_hal_uart.o
                0x000000000800d300                HAL_UART_IRQHandler
 .text.HAL_UART_TxHalfCpltCallback
                0x000000000800da74       0x14 ./Drivers/STM32H7xx_HAL_Driver/stm32h7xx_hal_uart.o
                0x000000000800da74                HAL_UART_TxHalfCpltCallback
 .text.HAL_UART_RxHalfCpltCallback
                0x000000000800da88       0x14 ./Drivers/STM32H7xx_HAL_Driver/stm32h7xx_hal_uart.o
                0x000000000800da88                HAL_UART_RxHalfCpltCallback
 .text.HAL_UART_ErrorCallback
                0x000000000800da9c       0x14 ./Drivers/STM32H7xx_HAL_Driver/stm32h7xx_hal_uart.o
                0x000000000800da9c                HAL_UART_ErrorCallback
 .text.HAL_UARTEx_RxEventCallback
                0x000000000800dab0       0x18 ./Drivers/STM32H7xx_HAL_Driver/stm32h7xx_hal_uart.o
                0x000000000800dab0                HAL_UARTEx_RxEventCallback
 .text.UART_SetConfig
                0x000000000800dac8      0xad0 ./Drivers/STM32H7xx_HAL_Driver/stm32h7xx_hal_uart.o
                0x000000000800dac8                UART_SetConfig
 .text.UART_AdvFeatureConfig
                0x000000000800e598      0x144 ./Drivers/STM32H7xx_HAL_Driver/stm32h7xx_hal_uart.o
                0x000000000800e598                UART_AdvFeatureConfig
 .text.UART_CheckIdleState
                0x000000000800e6dc      0x154 ./Drivers/STM32H7xx_HAL_Driver/stm32h7xx_hal_uart.o
                0x000000000800e6dc                UART_CheckIdleState
 .text.UART_WaitOnFlagUntilTimeout
                0x000000000800e830       0xce ./Drivers/STM32H7xx_HAL_Driver/stm32h7xx_hal_uart.o
                0x000000000800e830                UART_WaitOnFlagUntilTimeout
 *fill*         0x000000000800e8fe        0x2 
 .text.UART_Start_Receive_DMA
                0x000000000800e900      0x14c ./Drivers/STM32H7xx_HAL_Driver/stm32h7xx_hal_uart.o
                0x000000000800e900                UART_Start_Receive_DMA
 .text.UART_EndTxTransfer
                0x000000000800ea4c       0x82 ./Drivers/STM32H7xx_HAL_Driver/stm32h7xx_hal_uart.o
 *fill*         0x000000000800eace        0x2 
 .text.UART_EndRxTransfer
                0x000000000800ead0       0xcc ./Drivers/STM32H7xx_HAL_Driver/stm32h7xx_hal_uart.o
 .text.UART_DMATransmitCplt
                0x000000000800eb9c       0x96 ./Drivers/STM32H7xx_HAL_Driver/stm32h7xx_hal_uart.o
 .text.UART_DMATxHalfCplt
                0x000000000800ec32       0x1c ./Drivers/STM32H7xx_HAL_Driver/stm32h7xx_hal_uart.o
 .text.UART_DMAReceiveCplt
                0x000000000800ec4e      0x128 ./Drivers/STM32H7xx_HAL_Driver/stm32h7xx_hal_uart.o
 .text.UART_DMARxHalfCplt
                0x000000000800ed76       0x3e ./Drivers/STM32H7xx_HAL_Driver/stm32h7xx_hal_uart.o
 .text.UART_DMAError
                0x000000000800edb4       0x80 ./Drivers/STM32H7xx_HAL_Driver/stm32h7xx_hal_uart.o
 .text.UART_DMAAbortOnError
                0x000000000800ee34       0x2c ./Drivers/STM32H7xx_HAL_Driver/stm32h7xx_hal_uart.o
 .text.UART_EndTransmit_IT
                0x000000000800ee60       0x56 ./Drivers/STM32H7xx_HAL_Driver/stm32h7xx_hal_uart.o
 .text.HAL_UARTEx_WakeupCallback
                0x000000000800eeb6       0x14 ./Drivers/STM32H7xx_HAL_Driver/stm32h7xx_hal_uart_ex.o
                0x000000000800eeb6                HAL_UARTEx_WakeupCallback
 .text.HAL_UARTEx_RxFifoFullCallback
                0x000000000800eeca       0x14 ./Drivers/STM32H7xx_HAL_Driver/stm32h7xx_hal_uart_ex.o
                0x000000000800eeca                HAL_UARTEx_RxFifoFullCallback
 .text.HAL_UARTEx_TxFifoEmptyCallback
                0x000000000800eede       0x14 ./Drivers/STM32H7xx_HAL_Driver/stm32h7xx_hal_uart_ex.o
                0x000000000800eede                HAL_UARTEx_TxFifoEmptyCallback
 .text.HAL_UARTEx_DisableFifoMode
                0x000000000800eef2       0x72 ./Drivers/STM32H7xx_HAL_Driver/stm32h7xx_hal_uart_ex.o
                0x000000000800eef2                HAL_UARTEx_DisableFifoMode
 .text.HAL_UARTEx_SetTxFifoThreshold
                0x000000000800ef64       0x7c ./Drivers/STM32H7xx_HAL_Driver/stm32h7xx_hal_uart_ex.o
                0x000000000800ef64                HAL_UARTEx_SetTxFifoThreshold
 .text.HAL_UARTEx_SetRxFifoThreshold
                0x000000000800efe0       0x7c ./Drivers/STM32H7xx_HAL_Driver/stm32h7xx_hal_uart_ex.o
                0x000000000800efe0                HAL_UARTEx_SetRxFifoThreshold
 .text.UARTEx_SetNbDataToProcess
                0x000000000800f05c       0x9c ./Drivers/STM32H7xx_HAL_Driver/stm32h7xx_hal_uart_ex.o
 .text.USB_CoreInit
                0x000000000800f0f8       0xdc ./Drivers/STM32H7xx_HAL_Driver/stm32h7xx_ll_usb.o
                0x000000000800f0f8                USB_CoreInit
 .text.USB_DisableGlobalInt
                0x000000000800f1d4       0x22 ./Drivers/STM32H7xx_HAL_Driver/stm32h7xx_ll_usb.o
                0x000000000800f1d4                USB_DisableGlobalInt
 .text.USB_SetCurrentMode
                0x000000000800f1f6       0x98 ./Drivers/STM32H7xx_HAL_Driver/stm32h7xx_ll_usb.o
                0x000000000800f1f6                USB_SetCurrentMode
 *fill*         0x000000000800f28e        0x2 
 .text.USB_DevInit
                0x000000000800f290      0x2bc ./Drivers/STM32H7xx_HAL_Driver/stm32h7xx_ll_usb.o
                0x000000000800f290                USB_DevInit
 .text.USB_FlushTxFifo
                0x000000000800f54c       0x68 ./Drivers/STM32H7xx_HAL_Driver/stm32h7xx_ll_usb.o
                0x000000000800f54c                USB_FlushTxFifo
 .text.USB_FlushRxFifo
                0x000000000800f5b4       0x60 ./Drivers/STM32H7xx_HAL_Driver/stm32h7xx_ll_usb.o
                0x000000000800f5b4                USB_FlushRxFifo
 .text.USB_SetDevSpeed
                0x000000000800f614       0x32 ./Drivers/STM32H7xx_HAL_Driver/stm32h7xx_ll_usb.o
                0x000000000800f614                USB_SetDevSpeed
 .text.USB_DevDisconnect
                0x000000000800f646       0x42 ./Drivers/STM32H7xx_HAL_Driver/stm32h7xx_ll_usb.o
                0x000000000800f646                USB_DevDisconnect
 .text.USB_GetMode
                0x000000000800f688       0x1c ./Drivers/STM32H7xx_HAL_Driver/stm32h7xx_ll_usb.o
                0x000000000800f688                USB_GetMode
 .text.USB_CoreReset
                0x000000000800f6a4       0x68 ./Drivers/STM32H7xx_HAL_Driver/stm32h7xx_ll_usb.o
 .text.__cxa_pure_virtual
                0x000000000800f70c        0x6 /opt/st/stm32cubeide_1.12.1/plugins/com.st.stm32cube.ide.mcu.externaltools.gnu-tools-for-stm32.10.3-2021.10.linux64_1.0.200.202301161003/tools/bin/../lib/gcc/arm-none-eabi/10.3.1/../../../../arm-none-eabi/lib/thumb/v7e-m+dp/hard/libstdc++_nano.a(pure.o)
                0x000000000800f70c                __cxa_pure_virtual
 .text._ZN10__cxxabiv111__terminateEPFvvE
                0x000000000800f712        0x8 /opt/st/stm32cubeide_1.12.1/plugins/com.st.stm32cube.ide.mcu.externaltools.gnu-tools-for-stm32.10.3-2021.10.linux64_1.0.200.202301161003/tools/bin/../lib/gcc/arm-none-eabi/10.3.1/../../../../arm-none-eabi/lib/thumb/v7e-m+dp/hard/libstdc++_nano.a(eh_terminate.o)
                0x000000000800f712                __cxxabiv1::__terminate(void (*)())
 *fill*         0x000000000800f71a        0x2 
 .text._ZSt13get_terminatev
                0x000000000800f71c       0x10 /opt/st/stm32cubeide_1.12.1/plugins/com.st.stm32cube.ide.mcu.externaltools.gnu-tools-for-stm32.10.3-2021.10.linux64_1.0.200.202301161003/tools/bin/../lib/gcc/arm-none-eabi/10.3.1/../../../../arm-none-eabi/lib/thumb/v7e-m+dp/hard/libstdc++_nano.a(eh_terminate.o)
                0x000000000800f71c                std::get_terminate()
 .text._ZSt9terminatev
                0x000000000800f72c        0xa /opt/st/stm32cubeide_1.12.1/plugins/com.st.stm32cube.ide.mcu.externaltools.gnu-tools-for-stm32.10.3-2021.10.linux64_1.0.200.202301161003/tools/bin/../lib/gcc/arm-none-eabi/10.3.1/../../../../arm-none-eabi/lib/thumb/v7e-m+dp/hard/libstdc++_nano.a(eh_terminate.o)
                0x000000000800f72c                std::terminate()
 .text.abort    0x000000000800f736        0xe /opt/st/stm32cubeide_1.12.1/plugins/com.st.stm32cube.ide.mcu.externaltools.gnu-tools-for-stm32.10.3-2021.10.linux64_1.0.200.202301161003/tools/bin/../lib/gcc/arm-none-eabi/10.3.1/../../../../arm-none-eabi/lib/thumb/v7e-m+dp/hard/libc_nano.a(lib_a-abort.o)
                0x000000000800f736                abort
 .text.__errno  0x000000000800f744        0xc /opt/st/stm32cubeide_1.12.1/plugins/com.st.stm32cube.ide.mcu.externaltools.gnu-tools-for-stm32.10.3-2021.10.linux64_1.0.200.202301161003/tools/bin/../lib/gcc/arm-none-eabi/10.3.1/../../../../arm-none-eabi/lib/thumb/v7e-m+dp/hard/libc_nano.a(lib_a-errno.o)
                0x000000000800f744                __errno
 .text.__libc_init_array
                0x000000000800f750       0x48 /opt/st/stm32cubeide_1.12.1/plugins/com.st.stm32cube.ide.mcu.externaltools.gnu-tools-for-stm32.10.3-2021.10.linux64_1.0.200.202301161003/tools/bin/../lib/gcc/arm-none-eabi/10.3.1/../../../../arm-none-eabi/lib/thumb/v7e-m+dp/hard/libc_nano.a(lib_a-init.o)
                0x000000000800f750                __libc_init_array
 .text.memcpy   0x000000000800f798       0x1c /opt/st/stm32cubeide_1.12.1/plugins/com.st.stm32cube.ide.mcu.externaltools.gnu-tools-for-stm32.10.3-2021.10.linux64_1.0.200.202301161003/tools/bin/../lib/gcc/arm-none-eabi/10.3.1/../../../../arm-none-eabi/lib/thumb/v7e-m+dp/hard/libc_nano.a(lib_a-memcpy-stub.o)
                0x000000000800f798                memcpy
 .text.memset   0x000000000800f7b4       0x10 /opt/st/stm32cubeide_1.12.1/plugins/com.st.stm32cube.ide.mcu.externaltools.gnu-tools-for-stm32.10.3-2021.10.linux64_1.0.200.202301161003/tools/bin/../lib/gcc/arm-none-eabi/10.3.1/../../../../arm-none-eabi/lib/thumb/v7e-m+dp/hard/libc_nano.a(lib_a-memset.o)
                0x000000000800f7b4                memset
 .text.__cvt    0x000000000800f7c4       0xa4 /opt/st/stm32cubeide_1.12.1/plugins/com.st.stm32cube.ide.mcu.externaltools.gnu-tools-for-stm32.10.3-2021.10.linux64_1.0.200.202301161003/tools/bin/../lib/gcc/arm-none-eabi/10.3.1/../../../../arm-none-eabi/lib/thumb/v7e-m+dp/hard/libc_nano.a(lib_a-nano-vfprintf_float.o)
                0x000000000800f7c4                __cvt
 .text.__exponent
                0x000000000800f868       0x7c /opt/st/stm32cubeide_1.12.1/plugins/com.st.stm32cube.ide.mcu.externaltools.gnu-tools-for-stm32.10.3-2021.10.linux64_1.0.200.202301161003/tools/bin/../lib/gcc/arm-none-eabi/10.3.1/../../../../arm-none-eabi/lib/thumb/v7e-m+dp/hard/libc_nano.a(lib_a-nano-vfprintf_float.o)
                0x000000000800f868                __exponent
 *fill*         0x000000000800f8e4        0x4 
 .text._printf_float
                0x000000000800f8e8      0x43c /opt/st/stm32cubeide_1.12.1/plugins/com.st.stm32cube.ide.mcu.externaltools.gnu-tools-for-stm32.10.3-2021.10.linux64_1.0.200.202301161003/tools/bin/../lib/gcc/arm-none-eabi/10.3.1/../../../../arm-none-eabi/lib/thumb/v7e-m+dp/hard/libc_nano.a(lib_a-nano-vfprintf_float.o)
                0x000000000800f8e8                _printf_float
 .text._printf_common
                0x000000000800fd24       0xda /opt/st/stm32cubeide_1.12.1/plugins/com.st.stm32cube.ide.mcu.externaltools.gnu-tools-for-stm32.10.3-2021.10.linux64_1.0.200.202301161003/tools/bin/../lib/gcc/arm-none-eabi/10.3.1/../../../../arm-none-eabi/lib/thumb/v7e-m+dp/hard/libc_nano.a(lib_a-nano-vfprintf_i.o)
                0x000000000800fd24                _printf_common
 *fill*         0x000000000800fdfe        0x2 
 .text._printf_i
                0x000000000800fe00      0x24c /opt/st/stm32cubeide_1.12.1/plugins/com.st.stm32cube.ide.mcu.externaltools.gnu-tools-for-stm32.10.3-2021.10.linux64_1.0.200.202301161003/tools/bin/../lib/gcc/arm-none-eabi/10.3.1/../../../../arm-none-eabi/lib/thumb/v7e-m+dp/hard/libc_nano.a(lib_a-nano-vfprintf_i.o)
                0x000000000800fe00                _printf_i
 .text.realloc  0x000000000801004c       0x10 /opt/st/stm32cubeide_1.12.1/plugins/com.st.stm32cube.ide.mcu.externaltools.gnu-tools-for-stm32.10.3-2021.10.linux64_1.0.200.202301161003/tools/bin/../lib/gcc/arm-none-eabi/10.3.1/../../../../arm-none-eabi/lib/thumb/v7e-m+dp/hard/libc_nano.a(lib_a-realloc.o)
                0x000000000801004c                realloc
 .text._raise_r
                0x000000000801005c       0x50 /opt/st/stm32cubeide_1.12.1/plugins/com.st.stm32cube.ide.mcu.externaltools.gnu-tools-for-stm32.10.3-2021.10.linux64_1.0.200.202301161003/tools/bin/../lib/gcc/arm-none-eabi/10.3.1/../../../../arm-none-eabi/lib/thumb/v7e-m+dp/hard/libc_nano.a(lib_a-signal.o)
                0x000000000801005c                _raise_r
 .text.raise    0x00000000080100ac       0x10 /opt/st/stm32cubeide_1.12.1/plugins/com.st.stm32cube.ide.mcu.externaltools.gnu-tools-for-stm32.10.3-2021.10.linux64_1.0.200.202301161003/tools/bin/../lib/gcc/arm-none-eabi/10.3.1/../../../../arm-none-eabi/lib/thumb/v7e-m+dp/hard/libc_nano.a(lib_a-signal.o)
                0x00000000080100ac                raise
 .text._kill_r  0x00000000080100bc       0x24 /opt/st/stm32cubeide_1.12.1/plugins/com.st.stm32cube.ide.mcu.externaltools.gnu-tools-for-stm32.10.3-2021.10.linux64_1.0.200.202301161003/tools/bin/../lib/gcc/arm-none-eabi/10.3.1/../../../../arm-none-eabi/lib/thumb/v7e-m+dp/hard/libc_nano.a(lib_a-signalr.o)
                0x00000000080100bc                _kill_r
 .text._getpid_r
                0x00000000080100e0        0x4 /opt/st/stm32cubeide_1.12.1/plugins/com.st.stm32cube.ide.mcu.externaltools.gnu-tools-for-stm32.10.3-2021.10.linux64_1.0.200.202301161003/tools/bin/../lib/gcc/arm-none-eabi/10.3.1/../../../../arm-none-eabi/lib/thumb/v7e-m+dp/hard/libc_nano.a(lib_a-signalr.o)
                0x00000000080100e0                _getpid_r
 .text.quorem   0x00000000080100e4      0x116 /opt/st/stm32cubeide_1.12.1/plugins/com.st.stm32cube.ide.mcu.externaltools.gnu-tools-for-stm32.10.3-2021.10.linux64_1.0.200.202301161003/tools/bin/../lib/gcc/arm-none-eabi/10.3.1/../../../../arm-none-eabi/lib/thumb/v7e-m+dp/hard/libc_nano.a(lib_a-dtoa.o)
 *fill*         0x00000000080101fa        0x6 
 .text._dtoa_r  0x0000000008010200      0xadc /opt/st/stm32cubeide_1.12.1/plugins/com.st.stm32cube.ide.mcu.externaltools.gnu-tools-for-stm32.10.3-2021.10.linux64_1.0.200.202301161003/tools/bin/../lib/gcc/arm-none-eabi/10.3.1/../../../../arm-none-eabi/lib/thumb/v7e-m+dp/hard/libc_nano.a(lib_a-dtoa.o)
                0x0000000008010200                _dtoa_r
 .text._localeconv_r
                0x0000000008010cdc        0x8 /opt/st/stm32cubeide_1.12.1/plugins/com.st.stm32cube.ide.mcu.externaltools.gnu-tools-for-stm32.10.3-2021.10.linux64_1.0.200.202301161003/tools/bin/../lib/gcc/arm-none-eabi/10.3.1/../../../../arm-none-eabi/lib/thumb/v7e-m+dp/hard/libc_nano.a(lib_a-localeconv.o)
                0x0000000008010cdc                _localeconv_r
 .text.malloc   0x0000000008010ce4       0x10 /opt/st/stm32cubeide_1.12.1/plugins/com.st.stm32cube.ide.mcu.externaltools.gnu-tools-for-stm32.10.3-2021.10.linux64_1.0.200.202301161003/tools/bin/../lib/gcc/arm-none-eabi/10.3.1/../../../../arm-none-eabi/lib/thumb/v7e-m+dp/hard/libc_nano.a(lib_a-malloc.o)
                0x0000000008010ce4                malloc
 .text._Balloc  0x0000000008010cf4       0x80 /opt/st/stm32cubeide_1.12.1/plugins/com.st.stm32cube.ide.mcu.externaltools.gnu-tools-for-stm32.10.3-2021.10.linux64_1.0.200.202301161003/tools/bin/../lib/gcc/arm-none-eabi/10.3.1/../../../../arm-none-eabi/lib/thumb/v7e-m+dp/hard/libc_nano.a(lib_a-mprec.o)
                0x0000000008010cf4                _Balloc
 .text._Bfree   0x0000000008010d74       0x44 /opt/st/stm32cubeide_1.12.1/plugins/com.st.stm32cube.ide.mcu.externaltools.gnu-tools-for-stm32.10.3-2021.10.linux64_1.0.200.202301161003/tools/bin/../lib/gcc/arm-none-eabi/10.3.1/../../../../arm-none-eabi/lib/thumb/v7e-m+dp/hard/libc_nano.a(lib_a-mprec.o)
                0x0000000008010d74                _Bfree
 .text.__multadd
                0x0000000008010db8       0x8c /opt/st/stm32cubeide_1.12.1/plugins/com.st.stm32cube.ide.mcu.externaltools.gnu-tools-for-stm32.10.3-2021.10.linux64_1.0.200.202301161003/tools/bin/../lib/gcc/arm-none-eabi/10.3.1/../../../../arm-none-eabi/lib/thumb/v7e-m+dp/hard/libc_nano.a(lib_a-mprec.o)
                0x0000000008010db8                __multadd
 .text.__hi0bits
                0x0000000008010e44       0x40 /opt/st/stm32cubeide_1.12.1/plugins/com.st.stm32cube.ide.mcu.externaltools.gnu-tools-for-stm32.10.3-2021.10.linux64_1.0.200.202301161003/tools/bin/../lib/gcc/arm-none-eabi/10.3.1/../../../../arm-none-eabi/lib/thumb/v7e-m+dp/hard/libc_nano.a(lib_a-mprec.o)
                0x0000000008010e44                __hi0bits
 .text.__lo0bits
                0x0000000008010e84       0x5e /opt/st/stm32cubeide_1.12.1/plugins/com.st.stm32cube.ide.mcu.externaltools.gnu-tools-for-stm32.10.3-2021.10.linux64_1.0.200.202301161003/tools/bin/../lib/gcc/arm-none-eabi/10.3.1/../../../../arm-none-eabi/lib/thumb/v7e-m+dp/hard/libc_nano.a(lib_a-mprec.o)
                0x0000000008010e84                __lo0bits
 *fill*         0x0000000008010ee2        0x2 
 .text.__i2b    0x0000000008010ee4       0x2c /opt/st/stm32cubeide_1.12.1/plugins/com.st.stm32cube.ide.mcu.externaltools.gnu-tools-for-stm32.10.3-2021.10.linux64_1.0.200.202301161003/tools/bin/../lib/gcc/arm-none-eabi/10.3.1/../../../../arm-none-eabi/lib/thumb/v7e-m+dp/hard/libc_nano.a(lib_a-mprec.o)
                0x0000000008010ee4                __i2b
 .text.__multiply
                0x0000000008010f10      0x154 /opt/st/stm32cubeide_1.12.1/plugins/com.st.stm32cube.ide.mcu.externaltools.gnu-tools-for-stm32.10.3-2021.10.linux64_1.0.200.202301161003/tools/bin/../lib/gcc/arm-none-eabi/10.3.1/../../../../arm-none-eabi/lib/thumb/v7e-m+dp/hard/libc_nano.a(lib_a-mprec.o)
                0x0000000008010f10                __multiply
 .text.__pow5mult
                0x0000000008011064       0xb4 /opt/st/stm32cubeide_1.12.1/plugins/com.st.stm32cube.ide.mcu.externaltools.gnu-tools-for-stm32.10.3-2021.10.linux64_1.0.200.202301161003/tools/bin/../lib/gcc/arm-none-eabi/10.3.1/../../../../arm-none-eabi/lib/thumb/v7e-m+dp/hard/libc_nano.a(lib_a-mprec.o)
                0x0000000008011064                __pow5mult
 .text.__lshift
                0x0000000008011118       0xe0 /opt/st/stm32cubeide_1.12.1/plugins/com.st.stm32cube.ide.mcu.externaltools.gnu-tools-for-stm32.10.3-2021.10.linux64_1.0.200.202301161003/tools/bin/../lib/gcc/arm-none-eabi/10.3.1/../../../../arm-none-eabi/lib/thumb/v7e-m+dp/hard/libc_nano.a(lib_a-mprec.o)
                0x0000000008011118                __lshift
 .text.__mcmp   0x00000000080111f8       0x38 /opt/st/stm32cubeide_1.12.1/plugins/com.st.stm32cube.ide.mcu.externaltools.gnu-tools-for-stm32.10.3-2021.10.linux64_1.0.200.202301161003/tools/bin/../lib/gcc/arm-none-eabi/10.3.1/../../../../arm-none-eabi/lib/thumb/v7e-m+dp/hard/libc_nano.a(lib_a-mprec.o)
                0x00000000080111f8                __mcmp
 .text.__mdiff  0x0000000008011230      0x114 /opt/st/stm32cubeide_1.12.1/plugins/com.st.stm32cube.ide.mcu.externaltools.gnu-tools-for-stm32.10.3-2021.10.linux64_1.0.200.202301161003/tools/bin/../lib/gcc/arm-none-eabi/10.3.1/../../../../arm-none-eabi/lib/thumb/v7e-m+dp/hard/libc_nano.a(lib_a-mprec.o)
                0x0000000008011230                __mdiff
 .text.__d2b    0x0000000008011344       0xb8 /opt/st/stm32cubeide_1.12.1/plugins/com.st.stm32cube.ide.mcu.externaltools.gnu-tools-for-stm32.10.3-2021.10.linux64_1.0.200.202301161003/tools/bin/../lib/gcc/arm-none-eabi/10.3.1/../../../../arm-none-eabi/lib/thumb/v7e-m+dp/hard/libc_nano.a(lib_a-mprec.o)
                0x0000000008011344                __d2b
 .text._calloc_r
                0x00000000080113fc       0x2c /opt/st/stm32cubeide_1.12.1/plugins/com.st.stm32cube.ide.mcu.externaltools.gnu-tools-for-stm32.10.3-2021.10.linux64_1.0.200.202301161003/tools/bin/../lib/gcc/arm-none-eabi/10.3.1/../../../../arm-none-eabi/lib/thumb/v7e-m+dp/hard/libc_nano.a(lib_a-nano-callocr.o)
                0x00000000080113fc                _calloc_r
 .text._free_r  0x0000000008011428       0x98 /opt/st/stm32cubeide_1.12.1/plugins/com.st.stm32cube.ide.mcu.externaltools.gnu-tools-for-stm32.10.3-2021.10.linux64_1.0.200.202301161003/tools/bin/../lib/gcc/arm-none-eabi/10.3.1/../../../../arm-none-eabi/lib/thumb/v7e-m+dp/hard/libc_nano.a(lib_a-nano-freer.o)
                0x0000000008011428                _free_r
 .text.sbrk_aligned
                0x00000000080114c0       0x40 /opt/st/stm32cubeide_1.12.1/plugins/com.st.stm32cube.ide.mcu.externaltools.gnu-tools-for-stm32.10.3-2021.10.linux64_1.0.200.202301161003/tools/bin/../lib/gcc/arm-none-eabi/10.3.1/../../../../arm-none-eabi/lib/thumb/v7e-m+dp/hard/libc_nano.a(lib_a-nano-mallocr.o)
 .text._malloc_r
                0x0000000008011500       0xe8 /opt/st/stm32cubeide_1.12.1/plugins/com.st.stm32cube.ide.mcu.externaltools.gnu-tools-for-stm32.10.3-2021.10.linux64_1.0.200.202301161003/tools/bin/../lib/gcc/arm-none-eabi/10.3.1/../../../../arm-none-eabi/lib/thumb/v7e-m+dp/hard/libc_nano.a(lib_a-nano-mallocr.o)
                0x0000000008011500                _malloc_r
 .text._realloc_r
                0x00000000080115e8       0x5e /opt/st/stm32cubeide_1.12.1/plugins/com.st.stm32cube.ide.mcu.externaltools.gnu-tools-for-stm32.10.3-2021.10.linux64_1.0.200.202301161003/tools/bin/../lib/gcc/arm-none-eabi/10.3.1/../../../../arm-none-eabi/lib/thumb/v7e-m+dp/hard/libc_nano.a(lib_a-nano-reallocr.o)
                0x00000000080115e8                _realloc_r
 *fill*         0x0000000008011646        0x2 
 .text._sbrk_r  0x0000000008011648       0x20 /opt/st/stm32cubeide_1.12.1/plugins/com.st.stm32cube.ide.mcu.externaltools.gnu-tools-for-stm32.10.3-2021.10.linux64_1.0.200.202301161003/tools/bin/../lib/gcc/arm-none-eabi/10.3.1/../../../../arm-none-eabi/lib/thumb/v7e-m+dp/hard/libc_nano.a(lib_a-sbrkr.o)
                0x0000000008011648                _sbrk_r
 .text.__assert_func
                0x0000000008011668       0x3c /opt/st/stm32cubeide_1.12.1/plugins/com.st.stm32cube.ide.mcu.externaltools.gnu-tools-for-stm32.10.3-2021.10.linux64_1.0.200.202301161003/tools/bin/../lib/gcc/arm-none-eabi/10.3.1/../../../../arm-none-eabi/lib/thumb/v7e-m+dp/hard/libc_nano.a(lib_a-assert.o)
                0x0000000008011668                __assert_func
 .text.fprintf  0x00000000080116a4       0x24 /opt/st/stm32cubeide_1.12.1/plugins/com.st.stm32cube.ide.mcu.externaltools.gnu-tools-for-stm32.10.3-2021.10.linux64_1.0.200.202301161003/tools/bin/../lib/gcc/arm-none-eabi/10.3.1/../../../../arm-none-eabi/lib/thumb/v7e-m+dp/hard/libc_nano.a(lib_a-fprintf.o)
                0x00000000080116a4                fprintf
                0x00000000080116a4                fiprintf
 .text.__ascii_mbtowc
                0x00000000080116c8       0x24 /opt/st/stm32cubeide_1.12.1/plugins/com.st.stm32cube.ide.mcu.externaltools.gnu-tools-for-stm32.10.3-2021.10.linux64_1.0.200.202301161003/tools/bin/../lib/gcc/arm-none-eabi/10.3.1/../../../../arm-none-eabi/lib/thumb/v7e-m+dp/hard/libc_nano.a(lib_a-mbtowc_r.o)
                0x00000000080116c8                __ascii_mbtowc
 .text.__malloc_lock
                0x00000000080116ec        0xc /opt/st/stm32cubeide_1.12.1/plugins/com.st.stm32cube.ide.mcu.externaltools.gnu-tools-for-stm32.10.3-2021.10.linux64_1.0.200.202301161003/tools/bin/../lib/gcc/arm-none-eabi/10.3.1/../../../../arm-none-eabi/lib/thumb/v7e-m+dp/hard/libc_nano.a(lib_a-mlock.o)
                0x00000000080116ec                __malloc_lock
 .text.__malloc_unlock
                0x00000000080116f8        0xc /opt/st/stm32cubeide_1.12.1/plugins/com.st.stm32cube.ide.mcu.externaltools.gnu-tools-for-stm32.10.3-2021.10.linux64_1.0.200.202301161003/tools/bin/../lib/gcc/arm-none-eabi/10.3.1/../../../../arm-none-eabi/lib/thumb/v7e-m+dp/hard/libc_nano.a(lib_a-mlock.o)
                0x00000000080116f8                __malloc_unlock
 .text._malloc_usable_size_r
                0x0000000008011704       0x10 /opt/st/stm32cubeide_1.12.1/plugins/com.st.stm32cube.ide.mcu.externaltools.gnu-tools-for-stm32.10.3-2021.10.linux64_1.0.200.202301161003/tools/bin/../lib/gcc/arm-none-eabi/10.3.1/../../../../arm-none-eabi/lib/thumb/v7e-m+dp/hard/libc_nano.a(lib_a-nano-msizer.o)
                0x0000000008011704                _malloc_usable_size_r
 .text.__sfputc_r
                0x0000000008011714       0x2e /opt/st/stm32cubeide_1.12.1/plugins/com.st.stm32cube.ide.mcu.externaltools.gnu-tools-for-stm32.10.3-2021.10.linux64_1.0.200.202301161003/tools/bin/../lib/gcc/arm-none-eabi/10.3.1/../../../../arm-none-eabi/lib/thumb/v7e-m+dp/hard/libc_nano.a(lib_a-nano-vfprintf.o)
 .text.__sfputs_r
                0x0000000008011742       0x24 /opt/st/stm32cubeide_1.12.1/plugins/com.st.stm32cube.ide.mcu.externaltools.gnu-tools-for-stm32.10.3-2021.10.linux64_1.0.200.202301161003/tools/bin/../lib/gcc/arm-none-eabi/10.3.1/../../../../arm-none-eabi/lib/thumb/v7e-m+dp/hard/libc_nano.a(lib_a-nano-vfprintf.o)
                0x0000000008011742                __sfputs_r
 *fill*         0x0000000008011766        0x2 
 .text._vfprintf_r
                0x0000000008011768      0x260 /opt/st/stm32cubeide_1.12.1/plugins/com.st.stm32cube.ide.mcu.externaltools.gnu-tools-for-stm32.10.3-2021.10.linux64_1.0.200.202301161003/tools/bin/../lib/gcc/arm-none-eabi/10.3.1/../../../../arm-none-eabi/lib/thumb/v7e-m+dp/hard/libc_nano.a(lib_a-nano-vfprintf.o)
                0x0000000008011768                _vfiprintf_r
                0x0000000008011768                _vfprintf_r
 .text.__swbuf_r
                0x00000000080119c8       0xa4 /opt/st/stm32cubeide_1.12.1/plugins/com.st.stm32cube.ide.mcu.externaltools.gnu-tools-for-stm32.10.3-2021.10.linux64_1.0.200.202301161003/tools/bin/../lib/gcc/arm-none-eabi/10.3.1/../../../../arm-none-eabi/lib/thumb/v7e-m+dp/hard/libc_nano.a(lib_a-wbuf.o)
                0x00000000080119c8                __swbuf_r
 .text.__ascii_wctomb
                0x0000000008011a6c       0x1a /opt/st/stm32cubeide_1.12.1/plugins/com.st.stm32cube.ide.mcu.externaltools.gnu-tools-for-stm32.10.3-2021.10.linux64_1.0.200.202301161003/tools/bin/../lib/gcc/arm-none-eabi/10.3.1/../../../../arm-none-eabi/lib/thumb/v7e-m+dp/hard/libc_nano.a(lib_a-wctomb_r.o)
                0x0000000008011a6c                __ascii_wctomb
 *fill*         0x0000000008011a86        0x2 
 .text.__swsetup_r
                0x0000000008011a88       0xdc /opt/st/stm32cubeide_1.12.1/plugins/com.st.stm32cube.ide.mcu.externaltools.gnu-tools-for-stm32.10.3-2021.10.linux64_1.0.200.202301161003/tools/bin/../lib/gcc/arm-none-eabi/10.3.1/../../../../arm-none-eabi/lib/thumb/v7e-m+dp/hard/libc_nano.a(lib_a-wsetup.o)
                0x0000000008011a88                __swsetup_r
 .text.__sflush_r
                0x0000000008011b64      0x10c /opt/st/stm32cubeide_1.12.1/plugins/com.st.stm32cube.ide.mcu.externaltools.gnu-tools-for-stm32.10.3-2021.10.linux64_1.0.200.202301161003/tools/bin/../lib/gcc/arm-none-eabi/10.3.1/../../../../arm-none-eabi/lib/thumb/v7e-m+dp/hard/libc_nano.a(lib_a-fflush.o)
                0x0000000008011b64                __sflush_r
 .text._fflush_r
                0x0000000008011c70       0x78 /opt/st/stm32cubeide_1.12.1/plugins/com.st.stm32cube.ide.mcu.externaltools.gnu-tools-for-stm32.10.3-2021.10.linux64_1.0.200.202301161003/tools/bin/../lib/gcc/arm-none-eabi/10.3.1/../../../../arm-none-eabi/lib/thumb/v7e-m+dp/hard/libc_nano.a(lib_a-fflush.o)
                0x0000000008011c70                _fflush_r
 .text.std      0x0000000008011ce8       0x48 /opt/st/stm32cubeide_1.12.1/plugins/com.st.stm32cube.ide.mcu.externaltools.gnu-tools-for-stm32.10.3-2021.10.linux64_1.0.200.202301161003/tools/bin/../lib/gcc/arm-none-eabi/10.3.1/../../../../arm-none-eabi/lib/thumb/v7e-m+dp/hard/libc_nano.a(lib_a-findfp.o)
 .text._cleanup_r
                0x0000000008011d30        0xc /opt/st/stm32cubeide_1.12.1/plugins/com.st.stm32cube.ide.mcu.externaltools.gnu-tools-for-stm32.10.3-2021.10.linux64_1.0.200.202301161003/tools/bin/../lib/gcc/arm-none-eabi/10.3.1/../../../../arm-none-eabi/lib/thumb/v7e-m+dp/hard/libc_nano.a(lib_a-findfp.o)
                0x0000000008011d30                _cleanup_r
 .text.__sfmoreglue
                0x0000000008011d3c       0x2c /opt/st/stm32cubeide_1.12.1/plugins/com.st.stm32cube.ide.mcu.externaltools.gnu-tools-for-stm32.10.3-2021.10.linux64_1.0.200.202301161003/tools/bin/../lib/gcc/arm-none-eabi/10.3.1/../../../../arm-none-eabi/lib/thumb/v7e-m+dp/hard/libc_nano.a(lib_a-findfp.o)
                0x0000000008011d3c                __sfmoreglue
 .text.__sfp_lock_acquire
                0x0000000008011d68        0xc /opt/st/stm32cubeide_1.12.1/plugins/com.st.stm32cube.ide.mcu.externaltools.gnu-tools-for-stm32.10.3-2021.10.linux64_1.0.200.202301161003/tools/bin/../lib/gcc/arm-none-eabi/10.3.1/../../../../arm-none-eabi/lib/thumb/v7e-m+dp/hard/libc_nano.a(lib_a-findfp.o)
                0x0000000008011d68                __sfp_lock_acquire
 .text.__sfp_lock_release
                0x0000000008011d74        0xc /opt/st/stm32cubeide_1.12.1/plugins/com.st.stm32cube.ide.mcu.externaltools.gnu-tools-for-stm32.10.3-2021.10.linux64_1.0.200.202301161003/tools/bin/../lib/gcc/arm-none-eabi/10.3.1/../../../../arm-none-eabi/lib/thumb/v7e-m+dp/hard/libc_nano.a(lib_a-findfp.o)
                0x0000000008011d74                __sfp_lock_release
 .text.__sinit_lock_acquire
                0x0000000008011d80        0xc /opt/st/stm32cubeide_1.12.1/plugins/com.st.stm32cube.ide.mcu.externaltools.gnu-tools-for-stm32.10.3-2021.10.linux64_1.0.200.202301161003/tools/bin/../lib/gcc/arm-none-eabi/10.3.1/../../../../arm-none-eabi/lib/thumb/v7e-m+dp/hard/libc_nano.a(lib_a-findfp.o)
                0x0000000008011d80                __sinit_lock_acquire
 .text.__sinit_lock_release
                0x0000000008011d8c        0xc /opt/st/stm32cubeide_1.12.1/plugins/com.st.stm32cube.ide.mcu.externaltools.gnu-tools-for-stm32.10.3-2021.10.linux64_1.0.200.202301161003/tools/bin/../lib/gcc/arm-none-eabi/10.3.1/../../../../arm-none-eabi/lib/thumb/v7e-m+dp/hard/libc_nano.a(lib_a-findfp.o)
                0x0000000008011d8c                __sinit_lock_release
 .text.__sinit  0x0000000008011d98       0x70 /opt/st/stm32cubeide_1.12.1/plugins/com.st.stm32cube.ide.mcu.externaltools.gnu-tools-for-stm32.10.3-2021.10.linux64_1.0.200.202301161003/tools/bin/../lib/gcc/arm-none-eabi/10.3.1/../../../../arm-none-eabi/lib/thumb/v7e-m+dp/hard/libc_nano.a(lib_a-findfp.o)
                0x0000000008011d98                __sinit
 .text.__sfp    0x0000000008011e08       0x8c /opt/st/stm32cubeide_1.12.1/plugins/com.st.stm32cube.ide.mcu.externaltools.gnu-tools-for-stm32.10.3-2021.10.linux64_1.0.200.202301161003/tools/bin/../lib/gcc/arm-none-eabi/10.3.1/../../../../arm-none-eabi/lib/thumb/v7e-m+dp/hard/libc_nano.a(lib_a-findfp.o)
                0x0000000008011e08                __sfp
 .text._fwalk_reent
                0x0000000008011e94       0x3e /opt/st/stm32cubeide_1.12.1/plugins/com.st.stm32cube.ide.mcu.externaltools.gnu-tools-for-stm32.10.3-2021.10.linux64_1.0.200.202301161003/tools/bin/../lib/gcc/arm-none-eabi/10.3.1/../../../../arm-none-eabi/lib/thumb/v7e-m+dp/hard/libc_nano.a(lib_a-fwalk.o)
                0x0000000008011e94                _fwalk_reent
 .text.__retarget_lock_init_recursive
                0x0000000008011ed2        0x2 /opt/st/stm32cubeide_1.12.1/plugins/com.st.stm32cube.ide.mcu.externaltools.gnu-tools-for-stm32.10.3-2021.10.linux64_1.0.200.202301161003/tools/bin/../lib/gcc/arm-none-eabi/10.3.1/../../../../arm-none-eabi/lib/thumb/v7e-m+dp/hard/libc_nano.a(lib_a-lock.o)
                0x0000000008011ed2                __retarget_lock_init_recursive
 .text.__retarget_lock_acquire_recursive
                0x0000000008011ed4        0x2 /opt/st/stm32cubeide_1.12.1/plugins/com.st.stm32cube.ide.mcu.externaltools.gnu-tools-for-stm32.10.3-2021.10.linux64_1.0.200.202301161003/tools/bin/../lib/gcc/arm-none-eabi/10.3.1/../../../../arm-none-eabi/lib/thumb/v7e-m+dp/hard/libc_nano.a(lib_a-lock.o)
                0x0000000008011ed4                __retarget_lock_acquire_recursive
 .text.__retarget_lock_release_recursive
                0x0000000008011ed6        0x2 /opt/st/stm32cubeide_1.12.1/plugins/com.st.stm32cube.ide.mcu.externaltools.gnu-tools-for-stm32.10.3-2021.10.linux64_1.0.200.202301161003/tools/bin/../lib/gcc/arm-none-eabi/10.3.1/../../../../arm-none-eabi/lib/thumb/v7e-m+dp/hard/libc_nano.a(lib_a-lock.o)
                0x0000000008011ed6                __retarget_lock_release_recursive
 .text.__swhatbuf_r