../Core/Src/main.c:91:5:main	16	static
../Core/Src/main.c:190:6:SystemClock_Config	120	static
../Core/Src/main.c:249:13:MX_TIM1_Init	40	static
../Core/Src/main.c:296:13:MX_TIM2_Init	64	static
../Core/Src/main.c:355:13:MX_TIM3_Init	64	static
../Core/Src/main.c:414:13:MX_TIM4_Init	56	static
../Core/Src/main.c:463:13:MX_TIM8_Init	56	static
../Core/Src/main.c:514:13:MX_USART3_UART_Init	8	static
../Core/Src/main.c:562:13:MX_USB_OTG_FS_PCD_Init	8	static
../Core/Src/main.c:596:13:MX_DMA_Init	16	static
../Core/Src/main.c:617:13:MX_GPIO_Init	56	static
../Core/Src/main.c:659:6:HAL_TIM_PeriodElapsedCallback	16	static
../Core/Src/main.c:673:6:Error_Handler	4	static,ignoring_inline_asm
