../Core/Src/main.c:91:5:main	16	static
../Core/Src/main.c:209:6:SystemClock_Config	120	static
../Core/Src/main.c:268:13:MX_TIM1_Init	40	static
../Core/Src/main.c:315:13:MX_TIM2_Init	64	static
../Core/Src/main.c:374:13:MX_TIM3_Init	64	static
../Core/Src/main.c:433:13:MX_TIM4_Init	56	static
../Core/Src/main.c:482:13:MX_TIM8_Init	56	static
../Core/Src/main.c:533:13:MX_USART3_UART_Init	8	static
../Core/Src/main.c:581:13:MX_USB_OTG_FS_PCD_Init	8	static
../Core/Src/main.c:615:13:MX_DMA_Init	16	static
../Core/Src/main.c:636:13:MX_GPIO_Init	56	static
../Core/Src/main.c:678:6:HAL_TIM_PeriodElapsedCallback	16	static
../Core/Src/main.c:701:6:HAL_TIM_IC_CaptureCallback	16	static
../Core/Src/main.c:715:6:Error_Handler	4	static,ignoring_inline_asm
